07-12 14:55:42.081 24358 24386 E AndroidRuntime:       #09 pc 00000000009cc74c  /data/app/com.AnotherAxiom.GorillaTag-m8lGwWjZnqe4z4akHvOvNw==/lib/arm64/libunity.so (InitPlayerLoopCallbacks()::UpdateScriptRunBehaviourUpdateRegistrator::Forward()+48) (BuildId: f6d29ede16d35ce68c4ab78b7165ffe88144a80f)
07-12 14:55:42.081 24358 24386 E AndroidRuntime:       #10 pc 00000000009c2efc  /data/app/com.AnotherAxiom.GorillaTag-m8lGwWjZnqe4z4akHvOvNw==/lib/arm64/libunity.so (ExecutePlayerLoop(NativePlayerLoopSystem*)+80) (BuildId: f6d29ede16d35ce68c4ab78b7165ffe88144a80f)
07-12 14:55:42.081 24358 24386 E AndroidRuntime:       #11 pc 00000000009c2f54  /data/app/com.AnotherAxiom.GorillaTag-m8lGwWjZnqe4z4akHvOvNw==/lib/arm64/libunity.so (ExecutePlayerLoop(NativePlayerLoopSystem*)+168) (BuildId: f6d29ede16d35ce68c4ab78b7165ffe88144a80f)
07-12 14:55:42.081 24358 24386 E AndroidRuntime:       #12 pc 00000000009c31b0  /data/app/com.AnotherAxiom.GorillaTag-m8lGwWjZnqe4z4akHvOvNw==/lib/arm64/libunity.so (PlayerLoop()+368) (BuildId: f6d29ede16d35ce68c4ab78b7165ffe88144a80f)
07-12 14:55:42.081 24358 24386 E AndroidRuntime:       #13 pc 0000000000c9af74  /data/app/com.AnotherAxiom.GorillaTag-m8lGwWjZnqe4z4akHvOvNw==/lib/arm64/libunity.so (UnityPlayerLoop()+708) (BuildId: f6d29ede16d35ce68c4ab78b7165ffe88144a80f)
07-12 14:55:42.081 24358 24386 E AndroidRuntime:       #14 pc 0000000000cc5808  /data/app/com.AnotherAxiom.GorillaTag-m8lGwWjZnqe4z4akHvOvNw==/lib/arm64/libunity.so (nativeRender(_JNIEnv*, _jobject*)+72) (BuildId: f6d29ede16d35ce68c4ab78b7165ffe88144a80f)
07-12 14:55:42.081 24358 24386 E AndroidRuntime:       #15 pc 000000000000560c  /data/app/com.AnotherAxiom.GorillaTag-m8lGwWjZnqe4z4akHvOvNw==/oat/arm64/base.odex
07-12 14:55:42.081 24358 24386 E AndroidRuntime: 
07-12 14:55:42.081 24358 24386 E AndroidRuntime: 	at libgorillafriends.0x6af6c(Native Method)
07-12 14:55:42.081 24358 24386 E AndroidRuntime: 	at libgorillafriends.GorillaFriends::FriendButton::Update()(Update:288)
07-12 14:55:42.081 24358 24386 E AndroidRuntime: 	at libgorillafriends.custom_types::invoker_creator<void (GorillaFriends::FriendButton::*)()>::invoke(void (*)(), MethodInfo const*, void*, void**)(invoker_creator<void :16)
07-12 14:55:42.081 24358 24386 E AndroidRuntime: 	at libil2cpp.0xa25d84(Native Method)
07-12 14:55:42.081 24358 24386 E AndroidRuntime: 	at libunity.scripting_method_invoke(ScriptingMethodPtr, ScriptingObjectPtr, ScriptingArguments&, ScriptingExceptionPtr*, bool)(scripting_method_invoke:164)
07-12 14:55:42.081 24358 24386 E AndroidRuntime: 	at libunity.ScriptingInvocation::Invoke(ScriptingExceptionPtr*, bool)(Invoke:152)
07-12 14:55:42.081 24358 24386 E AndroidRuntime: 	at libunity.MonoBehaviour::CallUpdateMethod(int)(CallUpdateMethod:292)
07-12 14:55:42.081 24358 24386 E AndroidRuntime: 	at libunity.void BaseBehaviourManager::CommonUpdate<BehaviourManager>()(CommonUpdate<BehaviourManager>:204)
07-12 14:55:42.081 24358 24386 E AndroidRuntime: 	at libunity.BehaviourManager::Update()(Update:32)
07-12 14:55:42.081 24358 24386 E AndroidRuntime: 	at libunity.InitPlayerLoopCallbacks()::UpdateScriptRunBehaviourUpdateRegistrator::Forward()(InitPlayerLoopCallbacks:48)
07-12 14:55:42.081 24358 24386 E AndroidRuntime: 	at libunity.ExecutePlayerLoop(NativePlayerLoopSystem*)(ExecutePlayerLoop:80)
07-12 14:55:42.081 24358 24386 E AndroidRuntime: 	at libunity.ExecutePlayerLoop(NativePlayerLoopSystem*)(ExecutePlayerLoop:168)
07-12 14:55:42.081 24358 24386 E AndroidRuntime: 	at libunity.PlayerLoop()(PlayerLoop:368)
07-12 14:55:42.081 24358 24386 E AndroidRuntime: 	at libunity.UnityPlayerLoop()(UnityPlayerLoop:708)
07-12 14:55:42.081 24358 24386 E AndroidRuntime: 	at libunity.nativeRender(_JNIEnv*, _jobject*)(nativeRender:72)
07-12 14:55:42.081 24358 24386 E AndroidRuntime: 	at base.0x560c(Native Method)
07-12 14:55:42.087  1062 24540 I chatty  : uid=1000 system_server expire 1 line
07-12 14:55:42.087  1062 21501 I chatty  : uid=1000(system) Binder:1062_1F expire 1 line
07-12 14:55:42.154   835  1608 I TrackingService: Unregistering client 'com.AnotherAxiom.GorillaTag#24358' by binder death
07-12 14:55:42.154   835  1608 I TrackingService: TrackingServiceHost Unregistering client: com.AnotherAxiom.GorillaTag#24358
07-12 14:55:42.155  1062 17311 I chatty  : uid=1000(system) Binder:1062_19 expire 2 lines
07-12 14:55:42.156  1062 21931 I chatty  : uid=1000(system) Binder:1062_20 expire 4 lines
07-12 14:55:42.206  1062  1083 I chatty  : uid=1000(system) android.display expire 10 lines
07-12 14:55:42.305  1062  6045 I chatty  : uid=1000(system) Binder:1062_16 expire 1 line
07-12 14:55:42.307   835 24541 I TrackingService: TrackingService::getSharedMemoryFileDescriptor
07-12 14:55:42.308   835 24541 I chatty  : uid=1000(system) HT_IK_1 identical 3 lines
07-12 14:55:42.308   835 24541 I TrackingService: TrackingService::getSharedMemoryFileDescriptor
07-12 14:55:42.308   835 24541 I TrackingService: TrackingService::registerClient
07-12 14:55:42.308   835 24541 I TrackingService: Registering client with TrackingServiceHost (com.oculus.vrshell#2873)
07-12 14:55:42.309   835 24541 I TrackingService: TrackingServiceHost GetSharedMemoryFileDescriptor for client com.oculus.vrshell#2873
07-12 14:55:42.310   835 24541 I TrackingService: TrackingServiceHost registered common client; there are 0 secure clients
07-12 14:55:42.310   835 24541 I chatty  : uid=1000(system) HT_IK_1 identical 3 lines
07-12 14:55:42.310   835 24541 I TrackingService: TrackingServiceHost registered common client; there are 0 secure clients
07-12 14:55:42.353   835 24541 I TrackingService: TrackingService::getSharedMemoryFileDescriptor
07-12 14:55:42.354   835 24541 I TrackingService: TrackingService::getSharedMemoryFileDescriptor
07-12 14:55:42.355   835 17228 I TrackingService: TrackingService::getSharedMemoryFileDescriptor
07-12 14:55:42.356   835 17228 I TrackingService: TrackingService::getSharedMemoryFileDescriptor
07-12 14:55:42.357   835 24541 I TrackingService: TrackingService::getSharedMemoryFileDescriptor
07-12 14:55:42.358   835 17228 I TrackingService: TrackingService::registerClient
07-12 14:55:42.358   835 17228 I TrackingService: Registering client with TrackingServiceHost (com.oculus.shellenv#2815)
07-12 14:55:42.358   835 17228 I TrackingService: TrackingServiceHost GetSharedMemoryFileDescriptor for client com.oculus.shellenv#2815
07-12 14:55:42.358   835 17228 I TrackingService: TrackingServiceHost registered common client; there are 0 secure clients
07-12 14:55:42.576  1062 16363 I chatty  : uid=1000(system) Binder:1062_17 expire 4 lines
07-12 14:55:42.615  1062  1460 I chatty  : uid=1000(system) Binder:1062_7 expire 3 lines
07-12 14:55:42.618  1062  4426 I chatty  : uid=1000(system) Binder:1062_10 expire 1 line
--------- beginning of main
07-12 14:55:42.750  2898  3227 I [OAO] PanelAppHost: Setting panel layer visibility of layer "#main" to invisible
07-12 14:55:42.750  2898  3227 I [OAO] PanelAppHost: Setting panel layer visibility of layer "tablet" to invisible
07-12 14:55:42.750  2898  3227 I [OAO] PanelAppHost: Setting panel layer visibility of layer "tabletNav" to invisible
07-12 14:55:42.750  2898  3227 I [OAO] PanelAppHost: Setting panel layer visibility of layer "tabletContent" to invisible
07-12 14:55:42.750  2898  3227 I [OAO] PanelAppHost: For layer tabletNav applying new layerTransform:
07-12 14:55:42.750  2898  3227 I [OAO] PanelAppHost: [0.127173][0.000000][0.000000][-0.324997]
07-12 14:55:42.750  2898  3227 I [OAO] PanelAppHost: [0.000000][0.200179][0.000000][0.200179]
07-12 14:55:42.750  2898  3227 I [OAO] PanelAppHost: [0.000000][0.000000][1.000000][0.000000]
07-12 14:55:42.750  2898  3227 I [OAO] PanelAppHost: [0.000000][0.000000][0.000000][1.000000]
07-12 14:55:42.750  2898  3227 I [OAO] PanelRenderLayer: Using layerTransform 2. layerWidth:0 , layerHeight:0
07-12 14:55:42.750  2898  3227 I [OAO] PanelAppHost: For layer tabletContent applying new layerTransform:
07-12 14:55:42.750  2898  3227 I [OAO] PanelAppHost: [0.324997][0.000000][0.000000][0.125995]
07-12 14:55:42.750  2898  3227 I [OAO] PanelAppHost: [0.000000][0.200179][0.000000][0.200179]
07-12 14:55:42.750  2898  3227 I [OAO] PanelAppHost: [0.000000][0.000000][1.000000][0.000100]
07-12 14:55:42.750  2898  3227 I [OAO] PanelAppHost: [0.000000][0.000000][0.000000][1.000000]
07-12 14:55:42.750  2898  3227 I [OAO] PanelRenderLayer: Using layerTransform 2. layerWidth:0 , layerHeight:0
07-12 14:55:42.787  3244  3593 I chatty  : uid=10027(com.oculus.systemux) pool-1-thread-4 expire 5 lines
07-12 14:55:42.801   727   959 D soundtrigger: audio_extn_sound_trigger_get_parameters input string<snd_device_in=>
07-12 14:55:42.801   747  1044 I hash_map_utils: key: 'snd_device_in' value: ''
07-12 14:55:42.801  2898  3227 I VrApi   : Unhandled ovrRuntime Event 13
07-12 14:55:42.805   727   959 D soundtrigger: audio_extn_sound_trigger_get_parameters input string<snd_device_out=>
07-12 14:55:42.805   747  1044 I hash_map_utils: key: 'snd_device_out' value: ''
07-12 14:55:42.813  2659  2672 I com.oculus.ocm: Background young concurrent copying GC freed 11445(779KB) AllocSpace objects, 0(0B) LOS objects, 20% free, 3180KB/3979KB, paused 76us total 110.778ms
07-12 14:55:42.820  3783  3819 D QuickPromotionModule: Signal trigger 'app_foreground'.
07-12 14:55:42.823  3783  3837 W RCTVR_HERMES: [warn]: 'QuickPromotions', { type: 'oc_quick_promotion_client_events',
07-12 14:55:42.823  3783  3837 W RCTVR_HERMES:   action_name: 'dropped',
07-12 14:55:42.823  3783  3837 W RCTVR_HERMES:   trigger: 'app_foreground',
07-12 14:55:42.823  3783  3837 W RCTVR_HERMES:   promotion_id: '603810110204466',
07-12 14:55:42.823  3783  3837 W RCTVR_HERMES:   surface_id: 5259,
07-12 14:55:42.823  3783  3837 W RCTVR_HERMES:   message: 'Surface mismatch \'5259\' on \'5628\'.',
07-12 14:55:42.823  3783  3837 W RCTVR_HERMES:   logging_trace: '{"eligibility_status":"1","qp_status":"Public","qp_start_time":"1607671437","qp_end_time":"4102473600","supports_dark_mode_image":"","uuid":"22399cfc-6d0c-4fa2-af14-2f2428eaa3fd","viewer_id":"0","is_hscroll_unit":""}' }
07-12 14:55:42.823  3783  3837 W RCTVR_HERMES: [warn]: 'QuickPromotions', { type: 'oc_quick_promotion_client_events',
07-12 14:55:42.823  3783  3837 W RCTVR_HERMES:   action_name: 'dropped',
07-12 14:55:42.823  3783  3837 W RCTVR_HERMES:   trigger: 'app_foreground',
07-12 14:55:42.823  3783  3837 W RCTVR_HERMES:   promotion_id: '603810110204466',
07-12 14:55:42.823  3783  3837 W RCTVR_HERMES:   surface_id: 5259,
07-12 14:55:42.823  3783  3837 W RCTVR_HERMES:   message: 'Surface mismatch \'5259\' on \'5643\'.',
07-12 14:55:42.823  3783  3837 W RCTVR_HERMES:   logging_trace: '{"eligibility_status":"1","qp_status":"Public","qp_start_time":"1607671437","qp_end_time":"4102473600","supports_dark_mode_image":"","uuid":"22399cfc-6d0c-4fa2-af14-2f2428eaa3fd","viewer_id":"0","is_hscroll_unit":""}' }
07-12 14:55:42.824  3783  3837 E RCTVR_HERMES: [error]: 'HandTrackingNux', { __bypass_duplicate_logging_check__: true,
07-12 14:55:42.824  3783  3837 E RCTVR_HERMES:   error_description: 'Failed to fetch hand tracking opted-in state',
07-12 14:55:42.824  3783  3837 E RCTVR_HERMES:   error_name: 'get_hand_tracking_opted_in',
07-12 14:55:42.824  3783  3837 E RCTVR_HERMES:   serial_number: '1WMHH822QA0334',
07-12 14:55:42.824  3783  3837 E RCTVR_HERMES:   type: 'oculus_mobile_hand_tracking_nux_error' }
07-12 14:55:42.832  3783  3837 E RCTVR_HERMES: [error]: 'QuickPromotions', { type: 'oc_quick_promotion_client_events',
07-12 14:55:42.832  3783  3837 E RCTVR_HERMES:   action_name: 'dropped',
07-12 14:55:42.832  3783  3837 E RCTVR_HERMES:   trigger: 'app_foreground',
07-12 14:55:42.832  3783  3837 E RCTVR_HERMES:   promotion_id: '603810110204466',
07-12 14:55:42.832  3783  3837 E RCTVR_HERMES:   surface_id: 5259,
07-12 14:55:42.832  3783  3837 E RCTVR_HERMES:   message: 'Error in evaluating contextual filters.',
07-12 14:55:42.832  3783  3837 E RCTVR_HERMES:   logging_trace: '{"eligibility_status":"1","qp_status":"Public","qp_start_time":"1607671437","qp_end_time":"4102473600","supports_dark_mode_image":"","uuid":"22399cfc-6d0c-4fa2-af14-2f2428eaa3fd","viewer_id":"0","is_hscroll_unit":""}' }
07-12 14:55:42.843  1062  1081 I chatty  : uid=1000(system) android.ui expire 9 lines
07-12 14:55:42.851  1062  1083 I chatty  : uid=1000(system) android.display expire 10 lines
07-12 14:55:42.865  2760  2760 W PartyNativeModuleManager: Calling nativeTearDown but native code wasn't initialized. Noop.
07-12 14:55:42.878  2760  2760 W PartyNativeModuleManager: Calling nativeTearDown but native code wasn't initialized. Noop.
07-12 14:55:42.886  1748  1852 I PerformanceManager: SetClockLevels: Apply pending clock request change: 2,3 -> 3,3
07-12 14:55:42.886  1748 24110 I Clocks  : ReleaseClocks - start
07-12 14:55:42.887  1748 24110 I Clocks  : ReleaseClocks - end (0.7 ms)
07-12 14:55:42.887  1748 24110 I Clocks  : LockClocks( cpu=3, gpu=3 ) - start
07-12 14:55:42.889  1748 24110 I Clocks  : CPU levels [0, 4]
07-12 14:55:42.889  1748 24110 I Clocks  : GPU levels [0, 5]
07-12 14:55:42.889  1748 24110 I Clocks  : LockClocks( cpu=3, gpu=3 ) - end (2.6 ms)
07-12 14:55:42.950  1062  3060 I chatty  : uid=1000(system) Binder:1062_B expire 2 lines
07-12 14:55:42.960  3244 24576 I chatty  : uid=10027 com.oculus.systemux:SystemUX expire 24 lines
07-12 14:55:42.960  1062  1266 I chatty  : uid=1000(system) Binder:1062_4 expire 1 line
07-12 14:55:42.960   817  1690 V C2Store : in init
07-12 14:55:42.961   817  1690 V C2Store : loading dll
07-12 14:55:42.971  1062 19574 I chatty  : uid=1000(system) Binder:1062_1C expire 1 line
07-12 14:55:42.999  2815  3704 I chatty  : uid=10014(com.oculus.shellenv) HwBinder:2815_1 expire 8 lines
07-12 14:55:43.000  3244  3623 I chatty  : uid=10027(com.oculus.systemux) HwBinder:3244_1 expire 2 lines
07-12 14:55:43.032  3244  3244 I chatty  : uid=10027 com.oculus.systemux:SystemUX expire 28 lines
07-12 14:55:43.038   817 24577 D SimpleC2Component: Using output block pool with poolID 194 => got 194 - 0
07-12 14:55:43.041   798 17670 D MediaBufferGroup: creating MemoryDealer
07-12 14:55:43.052   881   932 D xrspd   : setALEnabled 0
07-12 14:55:43.052   881   932 D xrspd   : setAlinkEnabledCallback with existing value set, ignoring
07-12 14:55:43.053  3244  3244 D [SUI] AnytimeUIAndroidPanelApp: Hiding tablet due to unknown reason
07-12 14:55:43.053  3244  3244 D [SUI] LibraryLogger: Library Session ID Generated: 502baf32-ede5-44ce-9a8d-f68ef684a8d2
07-12 14:55:43.053  3244  3244 I [SUI] AnytimeUIAndroidPanelApp: handleGenericMessage activeComponent com.oculus.explore/com.oculus.explore.PanelService 
07-12 14:55:43.053  3244  3244 I [SUI] AnytimeUIAndroidPanelApp: handleActiveComponent - com.oculus.explore/com.oculus.explore.PanelService, returnComponent = 
07-12 14:55:43.055   817  1692 D BufferPoolAccessor: Destruction - bufferpool2 0x2e39d31030 cached: 0/0M, 0/0% in use; allocs: 0, 0% recycled; transfers: 0, 0% unfetced
07-12 14:55:43.056  2873  3038 I [SEO] PanelRenderLayer: ResetSurface 0 x 0 - shape:1 stereo:0
07-12 14:55:43.057   817  1692 V C2Store : in ~ComponentModule
07-12 14:55:43.057   817  1692 V C2Store : unloading dll
07-12 14:55:43.074  3244  3244 D [SUI] AnytimeUIAndroidPanelApp: ShellEnv is running
07-12 14:55:43.122  3244  3244 D [SUI] SharingViewModel: clearAbuseReportRecordingTimer
07-12 14:55:43.122  3244  3244 I [SUI] AnytimeUIAndroidPanelApp: updateGuardianStatus - false - 2 - false - true
07-12 14:55:43.123  3244  3244 D [SUI] SocialViewModel: refreshHiPriData()
07-12 14:55:43.123  3244  3244 D [SUI] SocialViewModel: loadFriends()
07-12 14:55:43.123  3244  3244 D [SUI] SocialViewModel: refreshLowPriData()
07-12 14:55:43.123  3244  3244 D [SUI] SocialViewModel: loadPYMKs()
07-12 14:55:43.123  3244  3244 D [SUI] SocialViewModel: loadJoinableParties()
07-12 14:55:43.123  3244  3244 D [SUI] SocialViewModel: loadSocialViewerInfo()
07-12 14:55:43.123  3244  3244 D [SUI] SocialViewModel: refresPartyData()
07-12 14:55:43.123  3244  3244 I AndroidPanelApp: Processing pending show layer info for layer #main with width 800 and height 110.
07-12 14:55:43.123  3244  3244 I AndroidPanelApp: layerSupersample no changes
07-12 14:55:43.123  3244  3244 I AndroidPanelApp: Processing pending show layer info for layer tablet with width 960 and height 425.
07-12 14:55:43.123  3244  3244 I AndroidPanelApp: layerSupersample no changes
07-12 14:55:43.123  3244  3244 I AndroidPanelApp: Processing pending show layer info for layer tabletNav with width 270 and height 425.
07-12 14:55:43.123  3244  3244 I AndroidPanelApp: layerSupersample no changes
07-12 14:55:43.123  3244  3244 I AndroidPanelApp: Processing pending show layer info for layer tabletContent with width 690 and height 425.
07-12 14:55:43.123  3244  3244 I AndroidPanelApp: layerSupersample no changes
07-12 14:55:43.123  3244  3244 D CppPanelService: BEGIN: Initializing panel application via MSG_CREATE_PANEL_APP.
07-12 14:55:43.126  3244  3244 I AndroidPanelApp: Creating AndroidPanelApp
07-12 14:55:43.126  3244  3244 I AndroidPanelApp: Created
07-12 14:55:43.127  3244  3244 V LifecycleAwareViewModelStore: LifecycleAwareViewModelStore created
07-12 14:55:43.127  3244  3244 V LifecycleAwarePanelApp: PanelApp initial lifecycle started and moved from state INITIALIZED to state RESUMED
07-12 14:55:43.129  2873  3038 I [SEO] PanelAppHost: Resize layer #main to size 800 x 110 shape:1 stereo:0
07-12 14:55:43.129  2873  3038 I [SEO] PanelRenderLayer: ResetSurface 800 x 110 - shape:1 stereo:0
07-12 14:55:43.129  2873  3038 I [SEO] PanelAppHost: Resize layer tablet to size 960 x 425 shape:1 stereo:0
07-12 14:55:43.129  2873  3038 I [SEO] PanelRenderLayer: ResetSurface 960 x 425 - shape:1 stereo:0
07-12 14:55:43.129  1748  3012 I VrRuntimeService: UpdateAndroidSurfaceSwapChainDimensions: 680: 960x425
07-12 14:55:43.130  1748  3012 I VrRuntimeService: UpdateSwapChainSamplerState: 680
07-12 14:55:43.130  1748  3012 I VrRuntimeService: UpdateSwapChainSamplerState: minFilter=1 magFilter=1 wrapModeS=3 warpModeT=3 maxAniso=1.000000 border={0.000000,0.000000,0.000000,0.000000} swizzle={1903,1904,1905,1906}
07-12 14:55:43.130  2873  3038 I [SEO] PanelAppHost: Resize layer tabletNav to size 270 x 425 shape:1 stereo:0
07-12 14:55:43.130  2873  3038 I [SEO] PanelRenderLayer: ResetSurface 270 x 425 - shape:1 stereo:0
07-12 14:55:43.130  1748  3012 I VrRuntimeService: UpdateAndroidSurfaceSwapChainDimensions: 681: 270x425
07-12 14:55:43.130  1748  3012 I VrRuntimeService: UpdateSwapChainSamplerState: 681
07-12 14:55:43.130  1748  3012 I VrRuntimeService: UpdateSwapChainSamplerState: minFilter=1 magFilter=1 wrapModeS=3 warpModeT=3 maxAniso=1.000000 border={0.000000,0.000000,0.000000,0.000000} swizzle={1903,1904,1905,1906}
07-12 14:55:43.130  2873  3038 I [SEO] PanelRenderLayer: Using layerTransform 2. layerWidth:270 , layerHeight:425
07-12 14:55:43.130  2873  3038 I [SEO] PanelAppHost: Resize layer tabletContent to size 690 x 425 shape:1 stereo:0
07-12 14:55:43.130  2873  3038 I [SEO] PanelRenderLayer: ResetSurface 690 x 425 - shape:1 stereo:0
07-12 14:55:43.130  1748  3012 I VrRuntimeService: UpdateAndroidSurfaceSwapChainDimensions: 683: 690x425
07-12 14:55:43.130  1748  3012 I VrRuntimeService: UpdateSwapChainSamplerState: 683
07-12 14:55:43.130  1748  3012 I VrRuntimeService: UpdateSwapChainSamplerState: minFilter=1 magFilter=1 wrapModeS=3 warpModeT=3 maxAniso=1.000000 border={0.000000,0.000000,0.000000,0.000000} swizzle={1903,1904,1905,1906}
07-12 14:55:43.130  2873  3038 I [SEO] PanelRenderLayer: Using layerTransform 2. layerWidth:690 , layerHeight:425
07-12 14:55:43.131  3244  3244 I [SUI] ConsumerConfiguration: Setting SystemUX Configuration and Policy Settings.
07-12 14:55:43.138  3244  3244 I [SUI] AnytimeUIAndroidPanelApp: Creating AUI PanelApp, isInOverlay: true, instanceCount: 2
07-12 14:55:43.140  3244  3244 D [SUI] AnytimeUIAndroidPanelApp: ShellEnv is running
07-12 14:55:43.144  3244  3244 D [SUI] AnytimeUIBroadcastReceiver: requestCaptureState being sent
07-12 14:55:43.146  3244  3244 V [SUI] AnytimeUIAndroidPanelApp: Initializing local notifs only
07-12 14:55:43.151  3244  3244 V [SUI] AnytimeUIAndroidPanelApp: Wifi is connected
07-12 14:55:43.151  3244  3244 V [SUI] AnytimeUIAndroidPanelApp: Wifi connected but no token yet
07-12 14:55:43.152  3244  3244 I [SUI] OVRAuthHelper: fetchAuthToken - start
07-12 14:55:43.156  3244  3244 V [SUI] AnytimeUIAndroidPanelApp: Late initializing persisted notifs
07-12 14:55:43.156  3783  3859 V RCTVRNET: Request complete: time=125 name=unknown docid=2601879749832318 traceid=Bwa4QwHg3aZ code=200
07-12 14:55:43.157  3783  3837 I RCTVR_HERMES: [info]: Writing available data for docid=2601879749832318 to cache
07-12 14:55:43.161  3244  3593 D QuickPromotionController: Initialized and enabled.
07-12 14:55:43.161  3244  3593 D QuickPromotionController: Fetching Quick Promotions for all surfaces.
07-12 14:55:43.161  3244  3593 D QuickPromotionController: Initialized and enabled.
07-12 14:55:43.161  3244  3593 D QuickPromotionController: Set access token.
07-12 14:55:43.163  3244  3593 D QuickPromotionController: Fetched Quick Promotions for all surfaces.
07-12 14:55:43.170  3244  3244 I [SUI] HorizonContent: Force launch SocialPlatform Party on v29+. Check OS version: 30.1.0.75.336
07-12 14:55:43.170  3244  3244 D [SUI] AnytimeUIBroadcastReceiver: requestCaptureState being sent
07-12 14:55:43.172  3244  3244 I AndroidPanelApp: Sending surface geometry border radius with type all and value 15 for layer tablet.
07-12 14:55:43.172  3244  3244 I AndroidPanelApp: Sending surface geometry border radius with type left and value 15 for layer tabletNav.
07-12 14:55:43.172  3244  3244 I AndroidPanelApp: Sending surface geometry border radius with type right and value 15 for layer tabletContent.
07-12 14:55:43.172  3244  3244 D [SUI] AnytimeUIPanelAppBase: Acquiring viewModel RunningAppsViewModel refCount: 1
07-12 14:55:43.172  3244  3244 D [SUI] DestinationUIViewModel: Constructing ViewModel
07-12 14:55:43.172  3244  3244 D [SUI] AnytimeUIPanelAppBase: Acquiring viewModel DestinationUIViewModel refCount: 1
07-12 14:55:43.172  3244  3244 V LifecycleAwareViewModelProvider: Getting NotificationsViewModel
07-12 14:55:43.172  3244  3244 V NotificationsViewModelFactory: Attempting to acquire NotificationsViewModel
07-12 14:55:43.173  3244  3244 V NotificationsViewModel: NotificationsViewModel constructed
07-12 14:55:43.173  3244  3244 D [SUI] SharingViewModel: Constructing ViewModel
07-12 14:55:43.173  3244  3244 D [SUI] SharingViewModel: clearAbuseReportRecordingTimer
07-12 14:55:43.173  3244  3244 D [SUI] AnytimeUIPanelAppBase: Acquiring viewModel SharingViewModel refCount: 1
07-12 14:55:43.173  3244  3244 I AndroidPanelApp: ensurePanelLayer(layer: #main, width: 640, height: 88, resize: WRAP_CONTENT_HEIGHT, view creator: #main)
07-12 14:55:43.173  3244  3244 I AndroidPanelApp: ensurePanelLayer(layer: #main, width: 640, height: 88, resize behavior: WRAP_CONTENT_HEIGHT)
07-12 14:55:43.173  3244  3244 I AndroidPanelLayer: Setting spec for layer "#main"
07-12 14:55:43.173  3244  3244 I AndroidPanelLayer: Setting size of layer "#main" to have width 800 and height 1250
07-12 14:55:43.173  3244  3244 I AndroidPanelLayer: Destroying presentation for layer "#main".
07-12 14:55:43.173  3244  3244 I AndroidPanelLayer: Creating presentation for layer "#main" with width 800 and height 1250
07-12 14:55:43.185  1465 24559 W ContextImpl: Calling a method in the system process without a qualified user: android.app.ContextImpl.sendBroadcast:1057 android.content.ContextWrapper.sendBroadcast:448 X.ul.A00:155 X.ul.handleMessage:60437 android.os.Handler.dispatchMessage:107 
07-12 14:55:43.190  3244  3244 D [SUI] BarView: Initializing BarView
07-12 14:55:43.190  3244  3244 D [SUI] BarViewModel: Constructing BarViewModel
07-12 14:55:43.190  3244  3244 D [SUI] AnytimeUIPanelAppBase: Acquiring viewModel BarViewModel refCount: 1
07-12 14:55:43.190  3244  3244 D [SUI] SettingsViewModel: Constructing ViewModel
07-12 14:55:43.195  3244  3244 D [SUI] StatusViewModel: Constructing ViewModel
07-12 14:55:43.199  3244  3244 I android_os_HwBinder: HwBinder: Starting thread pool for getting: vendor.oculus.hardware.battery@1.0::IBattery/default
07-12 14:55:43.212  3244 24584 D CCodec  : allocate(c2.android.raw.decoder)
07-12 14:55:43.212   817  1692 V C2Store : in init
07-12 14:55:43.212   817  1692 V C2Store : loading dll
07-12 14:55:43.216  3244  3244 D [SUI] StatusViewModel: Initializing wifi status BroadcastReceiver
07-12 14:55:43.219  3244 24584 I CCodec  : Created component [c2.android.raw.decoder]
07-12 14:55:43.219  3244 24584 D CCodecConfig: read media type: audio/raw
07-12 14:55:43.220  3244  3244 D [SUI] StatusViewModel: Initialized wifi status BroadcastReceiver
07-12 14:55:43.221  3244 24584 D ReflectedParamUpdater: extent() != 1 for single value type: algo.buffers.max-count.values
07-12 14:55:43.221  3244 24584 D ReflectedParamUpdater: extent() != 1 for single value type: output.subscribed-indices.values
07-12 14:55:43.222  3244 24584 D ReflectedParamUpdater: extent() != 1 for single value type: input.buffers.allocator-ids.values
07-12 14:55:43.222  3244 24584 D ReflectedParamUpdater: extent() != 1 for single value type: output.buffers.allocator-ids.values
07-12 14:55:43.222  3244 24584 D ReflectedParamUpdater: extent() != 1 for single value type: algo.buffers.allocator-ids.values
07-12 14:55:43.222  3244 24584 D ReflectedParamUpdater: extent() != 1 for single value type: output.buffers.pool-ids.values
07-12 14:55:43.223  3244 24584 D ReflectedParamUpdater: extent() != 1 for single value type: algo.buffers.pool-ids.values
07-12 14:55:43.227  3244  3244 D [SUI] AnytimeUIPanelAppBase: Acquiring viewModel StatusViewModel refCount: 1
07-12 14:55:43.227  3244 24584 I CCodecConfig: query failed after returning 8 values (BAD_INDEX)
07-12 14:55:43.227  3244 24584 D CCodecConfig: c2 config diff is Dict {
07-12 14:55:43.227  3244 24584 D CCodecConfig:   c2::u32 coded.bitrate.value = 64000
07-12 14:55:43.227  3244 24584 D CCodecConfig:   c2::u32 input.buffers.max-size.value = 65536
07-12 14:55:43.227  3244 24584 D CCodecConfig:   c2::u32 input.delay.value = 0
07-12 14:55:43.227  3244 24584 D CCodecConfig:   string input.media-type.value = "audio/raw"
07-12 14:55:43.227  3244 24584 D CCodecConfig:   string output.media-type.value = "audio/raw"
07-12 14:55:43.227  3244 24584 D CCodecConfig:   c2::u32 raw.channel-count.value = 2
07-12 14:55:43.227  3244 24584 D CCodecConfig:   c2::u32 raw.pcm-encoding.value = 0
07-12 14:55:43.227  3244 24584 D CCodecConfig:   c2::u32 raw.sample-rate.value = 44100
07-12 14:55:43.227  3244 24584 D CCodecConfig: }
07-12 14:55:43.228  3244 24584 D CCodecConfig: no c2 equivalents for durationUs
07-12 14:55:43.228  3244 24584 D CCodecConfig: no c2 equivalents for track-id
07-12 14:55:43.228  3244 24584 D CCodecConfig: no c2 equivalents for bits-per-sample
07-12 14:55:43.228  3244 24584 D CCodecConfig: no c2 equivalents for channel-mask
07-12 14:55:43.229  3244 24584 D CCodecConfig: c2 config diff is   c2::u32 raw.channel-count.value = 1
07-12 14:55:43.229  3244 24584 D CCodecConfig:   c2::u32 raw.sample-rate.value = 48000
07-12 14:55:43.229  3244 24584 W Codec2Client: query -- param skipped: index = 1107298332.
07-12 14:55:43.229  3244 24584 D CCodec  : setup formats input: AMessage(what = 0x00000000) = {
07-12 14:55:43.229  3244 24584 D CCodec  :   int32_t channel-count = 1
07-12 14:55:43.229  3244 24584 D CCodec  :   int32_t max-input-size = 65536
07-12 14:55:43.229  3244 24584 D CCodec  :   string mime = "audio/raw"
07-12 14:55:43.229  3244 24584 D CCodec  :   int32_t pcm-encoding = 2
07-12 14:55:43.229  3244 24584 D CCodec  :   int32_t sample-rate = 48000
07-12 14:55:43.229  3244 24584 D CCodec  : } and output: AMessage(what = 0x00000000) = {
07-12 14:55:43.229  3244 24584 D CCodec  :   int32_t channel-count = 1
07-12 14:55:43.229  3244 24584 D CCodec  :   string mime = "audio/raw"
07-12 14:55:43.229  3244 24584 D CCodec  :   int32_t pcm-encoding = 2
07-12 14:55:43.229  3244 24584 D CCodec  :   int32_t sample-rate = 48000
07-12 14:55:43.229  3244 24584 D CCodec  :   int32_t channel-mask = 0
07-12 14:55:43.229  3244 24584 D CCodec  : }
07-12 14:55:43.230  3244 24584 W Codec2Client: query -- param skipped: index = 1342179345.
07-12 14:55:43.230  3244 24584 W Codec2Client: query -- param skipped: index = 2415921170.
07-12 14:55:43.230  3244 24584 D CCodecBufferChannel: [c2.android.raw.decoder#991] Created input block pool with allocatorID 16 => poolID 63 - OK (0)
07-12 14:55:43.232  3244 24584 I CCodecBufferChannel: [c2.android.raw.decoder#991] Created output block pool with allocatorID 16 => poolID 195 - OK
07-12 14:55:43.232  3244 24584 D CCodecBufferChannel: [c2.android.raw.decoder#991] Configured output block pool ids 195 => OK
07-12 14:55:43.242   817 24588 D SimpleC2Component: Using output block pool with poolID 195 => got 195 - 0
07-12 14:55:43.244   798 17670 D MediaBufferGroup: creating MemoryDealer
07-12 14:55:43.262   817  1765 D BufferPoolAccessor: Destruction - bufferpool2 0x2e39d2f630 cached: 0/0M, 0/0% in use; allocs: 0, 0% recycled; transfers: 0, 0% unfetced
07-12 14:55:43.262   817  1765 V C2Store : in ~ComponentModule
07-12 14:55:43.262   817  1765 V C2Store : unloading dll
07-12 14:55:43.269  3244  3244 D [SUI] AnytimeUIPanelAppBase: Acquiring viewModel SettingsViewModel refCount: 1
07-12 14:55:43.269  3244  3244 D [SUI] SocialViewModel: Constructing ViewModel
07-12 14:55:43.269  3244  3244 D [SUI] SocialViewModel: setTabletActive() - isActive: false
07-12 14:55:43.271  3244  3244 D [SUI] AnytimeUIPanelAppBase: Acquiring viewModel SocialViewModel refCount: 1
07-12 14:55:43.271  3244  3244 D [SUI] AnytimeUIPanelAppBase: Acquiring viewModel StatusViewModel refCount: 2
07-12 14:55:43.271  3244  3244 D [SUI] ActiveCallBarViewModel: Constructing ActiveCallBarViewModel
07-12 14:55:43.271  3244  3244 D [SUI] AnytimeUIPanelAppBase: Acquiring viewModel SocialViewModel refCount: 2
07-12 14:55:43.271  3244  3244 D [SUI] AnytimeUIPanelAppBase: Acquiring viewModel ActiveCallBarViewModel refCount: 1
07-12 14:55:43.272  3244  3244 D [SUI] AnytimeUIPanelAppBase: Acquiring viewModel BarPinnedAppsViewModel refCount: 1
07-12 14:55:43.272  3244  3244 D [SUI] AnytimeUIPanelAppBase: Acquiring viewModel DestinationUIViewModel refCount: 2
07-12 14:55:43.276  3244  3244 D [SUI] SystemStatusView: Initializing System Status
07-12 14:55:43.276  3244  3244 D [SUI] AnytimeUIPanelAppBase: Acquiring viewModel SocialViewModel refCount: 3
07-12 14:55:43.276  3244  3244 D [SUI] StatusViewModel: Constructing ViewModel
07-12 14:55:43.279  3244  3244 I android_os_HwBinder: HwBinder: Starting thread pool for getting: vendor.oculus.hardware.battery@1.0::IBattery/default
07-12 14:55:43.283  3244  3244 D [SUI] StatusViewModel: Initializing wifi status BroadcastReceiver
07-12 14:55:43.284  3244  3244 D [SUI] StatusViewModel: Initialized wifi status BroadcastReceiver
07-12 14:55:43.286  3244  3244 D [SUI] AnytimeUIPanelAppBase: Acquiring viewModel BarViewModel refCount: 2
07-12 14:55:43.286  3244  3244 D [SUI] AnytimeUIPanelAppBase: Acquiring viewModel SystemStatusViewModel refCount: 1
07-12 14:55:43.287  3244  3244 D [SUI] AnytimeUIPanelAppBase: Acquiring viewModel ActiveCallBarViewModel refCount: 2
07-12 14:55:43.287  3244  3244 D [SUI] SocialViewModel: registerObserver(): 
07-12 14:55:43.287  3244  3244 D [SUI] SocialViewModel: refreshLowPriData()
07-12 14:55:43.287  3244  3244 D [SUI] SocialViewModel: loadPYMKs()
07-12 14:55:43.287  3244  3244 D [SUI] SocialViewModel: loadJoinableParties()
07-12 14:55:43.287  3244  3244 D [SUI] SocialViewModel: loadSocialViewerInfo()
07-12 14:55:43.287  3244  3244 D [SUI] SystemStatusView: Initialized System Status
07-12 14:55:43.287  3244  3244 D [SUI] DestinationUIButtonView: Initializing running app navigation button
07-12 14:55:43.290  3244  3244 D [SUI] AnytimeUIPanelAppBase: Acquiring viewModel DestinationUIViewModel refCount: 3
07-12 14:55:43.290  3244  3244 D [SUI] DestinationUIButtonView: Initialized running app navigation button
07-12 14:55:43.290  3244  3244 D [SUI] AnytimeUIPanelAppBase: Acquiring viewModel BarPinnedAppsViewModel refCount: 2
07-12 14:55:43.290  3244  3244 D [SUI] DynamicAppsView: Initializing dynamic apps view on bar
07-12 14:55:43.290  3244  3244 D [SUI] BarView: Initializing library button
07-12 14:55:43.290  3244  3244 D [SUI] BarView: Initialized library button
07-12 14:55:43.291  3244  3244 D [SUI] OnboardingTutorial: Initialize Onboarding Tutorial
07-12 14:55:43.293  3244  3244 D [SUI] OnboardingTutorial: Not a first time user; skipping the tutorial
07-12 14:55:43.293  3244  3244 D [SUI] BarView: Initializing active call bar
07-12 14:55:43.293  3244  3244 D [SUI] SocialViewModel: registerPartyObserver(): -$$Lambda$BarView$OXSSmDgP5ofEay2yhrV-JznDm-k
07-12 14:55:43.293  3244  3244 D [SUI] BarView: Initialized active call bar
07-12 14:55:43.293  3244  3244 D [SUI] BarView: Initializing debug bar
07-12 14:55:43.293  3244  3244 D [SUI] BarView: Initialized debug bar
07-12 14:55:43.293  3244  3244 I AndroidPanelApp: measureLayerView adjusting initial height from 1250 to 1250 due to resize behavior.
07-12 14:55:43.293  3244  3244 I AndroidPanelApp: measureLayerView with initial width 800, initial height 1250, resize behavior WRAP_CONTENT_HEIGHT.
07-12 14:55:43.294  2659  2721 I LibraryProvider: running queryApp(com.oculus.systemux) for com.oculus.uid:10041
07-12 14:55:43.299  2659  2721 W LibraryProvider: Cannot find entitlement for com.oculus.systemux
07-12 14:55:43.299  2331  2654 W OVRLibrary: null cursor received for query content://com.oculus.ocms.library/apps/com.oculus.systemux
07-12 14:55:43.301  3244  3244 I AndroidPanelApp: Measured width 800 and height 110.
07-12 14:55:43.301  3244  3244 I AndroidPanelLayer: Setting size of layer "#main" to have width 800 and height 110
07-12 14:55:43.301  3244  3244 I AndroidPanelLayer: Destroying presentation for layer "#main".
07-12 14:55:43.302  3244  3244 I AndroidPanelLayer: Creating presentation for layer "#main" with width 800 and height 110
07-12 14:55:43.302  2659  2721 I LibraryProvider: running queryApp(com.oculus.systemux) for com.oculus.uid:10041
07-12 14:55:43.302  2659  2721 W LibraryProvider: Cannot find entitlement for com.oculus.systemux
07-12 14:55:43.302  2331  2654 W OVRLibrary: null cursor received for query content://com.oculus.ocms.library/apps/com.oculus.systemux
07-12 14:55:43.307  2659  2721 I LibraryProvider: running queryApp(com.oculus.systemux) for com.oculus.uid:10041
07-12 14:55:43.307  2659  2721 W LibraryProvider: Cannot find entitlement for com.oculus.systemux
07-12 14:55:43.307  2331  2654 W OVRLibrary: null cursor received for query content://com.oculus.ocms.library/apps/com.oculus.systemux
07-12 14:55:43.309  2659  2683 I LibraryProvider: running queryApp(com.oculus.systemux) for com.oculus.uid:10041
07-12 14:55:43.309  2659  2683 W LibraryProvider: Cannot find entitlement for com.oculus.systemux
07-12 14:55:43.310  2331  2654 W OVRLibrary: null cursor received for query content://com.oculus.ocms.library/apps/com.oculus.systemux
07-12 14:55:43.312  2659  2683 I LibraryProvider: running queryApp(com.oculus.systemux) for com.oculus.uid:10041
07-12 14:55:43.312  2659  2683 W LibraryProvider: Cannot find entitlement for com.oculus.systemux
07-12 14:55:43.312  2331  2654 W OVRLibrary: null cursor received for query content://com.oculus.ocms.library/apps/com.oculus.systemux
07-12 14:55:43.316  3244  3244 I AndroidPanelApp: layerTransform: Showing panel layer "#main" in VrShell with width 800, height 110, position( 0.000000 , 0.000000 ), rotation (0.000000 , 0.000000 , 0.000000 )  hit-testable true, shape 1, and system-positioned true. Density: 4680.000000. Supersampled: false 
07-12 14:55:43.316  3244  3244 I AndroidPanelApp: ensurePanelLayer(layer: tablet, width: 768, height: 340, resize: NONE, view creator: tablet)
07-12 14:55:43.316  3244  3244 I AndroidPanelApp: ensurePanelLayer(layer: tablet, width: 768, height: 340, resize behavior: NONE)
07-12 14:55:43.317  3244  3244 I AndroidPanelLayer: Setting spec for layer "tablet"
07-12 14:55:43.317  3244  3244 I AndroidPanelLayer: Setting size of layer "tablet" to have width 960 and height 425
07-12 14:55:43.317  3244  3244 I AndroidPanelLayer: Destroying presentation for layer "tablet".
07-12 14:55:43.317  3244  3244 I AndroidPanelLayer: Creating presentation for layer "tablet" with width 960 and height 425
07-12 14:55:43.320  3244  3244 D [SUI] HostView: Constructing HostView
07-12 14:55:43.320  3244  3244 D [SUI] HostView: Initializing HostView
07-12 14:55:43.320  3244  3244 D [SUI] EmptyView: Constructing EmptyView
07-12 14:55:43.320  3244  3244 D [SUI] EmptyView: Initializing EmptyView
07-12 14:55:43.320  3244  3244 D [SUI] EmptyView: Showing EmptyView
07-12 14:55:43.320  3244  3244 I AndroidPanelApp: measureLayerView with initial width 960, initial height 425, resize behavior NONE.
07-12 14:55:43.320  3244  3244 I AndroidPanelApp: Measured width 960 and height 425.
07-12 14:55:43.321  3244  3244 I AndroidPanelLayer: Setting size of layer "tablet" to have width 960 and height 425
07-12 14:55:43.322  3244  3244 I AndroidPanelApp: layerTransform: Showing panel layer "tablet" in VrShell with width 960, height 425, position( 0.000000 , 0.000000 ), rotation (0.000000 , 0.000000 , 0.000000 )  hit-testable true, shape 1, and system-positioned true. Density: 4680.000000. Supersampled: false 
07-12 14:55:43.322  3244  3244 I AndroidPanelApp: ensurePanelLayer(layer: tabletNav, width: 216, height: 340, resize: NONE, view creator: tabletNav)
07-12 14:55:43.323  3244  3244 I AndroidPanelApp: ensurePanelLayer(layer: tabletNav, width: 216, height: 340, resize behavior: NONE)
07-12 14:55:43.323  3244  3244 I AndroidPanelLayer: Setting spec for layer "tabletNav"
07-12 14:55:43.323  3244  3244 I AndroidPanelLayer: Setting size of layer "tabletNav" to have width 270 and height 425
07-12 14:55:43.323  3244  3244 I AndroidPanelLayer: Destroying presentation for layer "tabletNav".
07-12 14:55:43.323  3244  3244 I AndroidPanelLayer: Creating presentation for layer "tabletNav" with width 270 and height 425
07-12 14:55:43.324  2659  2683 I LibraryProvider: running queryApp(com.oculus.systemux) for com.oculus.uid:10041
07-12 14:55:43.323  1062  1266 I chatty  : uid=1000(system) Binder:1062_4 expire 2 lines
07-12 14:55:43.327  2659  2683 W LibraryProvider: Cannot find entitlement for com.oculus.systemux
07-12 14:55:43.327  2331  2654 W OVRLibrary: null cursor received for query content://com.oculus.ocms.library/apps/com.oculus.systemux
07-12 14:55:43.328  3244  3244 D [SUI] NavHostView: Constructing NavHostView
07-12 14:55:43.328  3244  3244 D [SUI] NavHostView: Initializing NavHostView
07-12 14:55:43.331  3244  3244 D [SUI] AnytimeUIPanelAppBase: Acquiring viewModel SettingsViewModel refCount: 2
07-12 14:55:43.331  3244  3244 D [SUI] AnytimeUIPanelAppBase: Releasing viewModel SettingsViewModel refCount: 1
07-12 14:55:43.332  2659  2683 I LibraryProvider: running queryApp(com.oculus.systemux) for com.oculus.uid:10041
07-12 14:55:43.332  2659  2683 W LibraryProvider: Cannot find entitlement for com.oculus.systemux
07-12 14:55:43.333  2331  2654 W OVRLibrary: null cursor received for query content://com.oculus.ocms.library/apps/com.oculus.systemux
07-12 14:55:43.334  3244  3244 D [SUI] AnytimeUIPanelAppBase: Acquiring viewModel SettingsViewModel refCount: 2
07-12 14:55:43.334  3244  3244 I AndroidPanelApp: measureLayerView with initial width 270, initial height 425, resize behavior NONE.
07-12 14:55:43.335  3244  3244 I AndroidPanelApp: Measured width 270 and height 425.
07-12 14:55:43.335  3244  3244 I AndroidPanelLayer: Setting size of layer "tabletNav" to have width 270 and height 425
07-12 14:55:43.335  2659  2683 I LibraryProvider: running queryApp(com.oculus.systemux) for com.oculus.uid:10041
07-12 14:55:43.335  2659  2683 W LibraryProvider: Cannot find entitlement for com.oculus.systemux
07-12 14:55:43.336  2331  2654 W OVRLibrary: null cursor received for query content://com.oculus.ocms.library/apps/com.oculus.systemux
07-12 14:55:43.336  3244  3244 I AndroidPanelApp: layerTransform: Showing panel layer "tabletNav" in VrShell with width 270, height 425, position( 0.000000 , 0.000000 ), rotation (0.000000 , 0.000000 , 0.000000 )  hit-testable true, shape 1, and system-positioned true. Density: 4680.000000. Supersampled: false 
07-12 14:55:43.336  3244  3244 I AndroidPanelApp: ensurePanelLayer(layer: tabletContent, width: 552, height: 340, resize: NONE, view creator: tabletContent)
07-12 14:55:43.336  3244  3244 I AndroidPanelApp: ensurePanelLayer(layer: tabletContent, width: 552, height: 340, resize behavior: NONE)
07-12 14:55:43.336  3244  3244 I AndroidPanelLayer: Setting spec for layer "tabletContent"
07-12 14:55:43.336  3244  3244 I AndroidPanelLayer: Setting size of layer "tabletContent" to have width 690 and height 425
07-12 14:55:43.336  3244  3244 I AndroidPanelLayer: Destroying presentation for layer "tabletContent".
07-12 14:55:43.337  3244  3244 I AndroidPanelLayer: Creating presentation for layer "tabletContent" with width 690 and height 425
07-12 14:55:43.339  2659  2683 I LibraryProvider: running queryApp(com.oculus.systemux) for com.oculus.uid:10041
07-12 14:55:43.339  2659  2683 W LibraryProvider: Cannot find entitlement for com.oculus.systemux
07-12 14:55:43.340  2331  2654 W OVRLibrary: null cursor received for query content://com.oculus.ocms.library/apps/com.oculus.systemux
07-12 14:55:43.342  3244  3244 D [SUI] ContentHostView: Constructing ContentHostView
07-12 14:55:43.342  3244  3244 D [SUI] ContentHostView: Initializing ContentHostView
07-12 14:55:43.342  3244  3244 D [SUI] EmptyContentView: Constructing EmptyContentView
07-12 14:55:43.342  3244  3244 D [SUI] EmptyContentView: Initializing EmptyContentView
07-12 14:55:43.342  3244  3244 D [SUI] EmptyContentView: Showing EmptyContentView
07-12 14:55:43.342  3244  3244 I AndroidPanelApp: measureLayerView with initial width 690, initial height 425, resize behavior NONE.
07-12 14:55:43.342  3244  3244 I AndroidPanelApp: Measured width 690 and height 425.
07-12 14:55:43.342  3244  3244 I AndroidPanelLayer: Setting size of layer "tabletContent" to have width 690 and height 425
07-12 14:55:43.342  2659  2683 I LibraryProvider: running queryApp(com.oculus.systemux) for com.oculus.uid:10041
07-12 14:55:43.343  2659  2683 W LibraryProvider: Cannot find entitlement for com.oculus.systemux
07-12 14:55:43.343  2331  2654 W OVRLibrary: null cursor received for query content://com.oculus.ocms.library/apps/com.oculus.systemux
07-12 14:55:43.348  1062  1083 I chatty  : uid=1000(system) android.display expire 3 lines
07-12 14:55:43.350  3244  3244 I AndroidPanelApp: layerTransform: Showing panel layer "tabletContent" in VrShell with width 690, height 425, position( 0.000000 , 0.000000 ), rotation (0.000000 , 0.000000 , 0.000000 )  hit-testable true, shape 1, and system-positioned true. Density: 4680.000000. Supersampled: false 
07-12 14:55:43.354  3244  3244 D [SUI] AnytimeUIPanelAppBase: Acquiring viewModel StatusViewModel refCount: 3
07-12 14:55:43.356  3244  3244 D OsSdk   : XrspBroker: setALEnabled 0
07-12 14:55:43.356   881   932 D xrspd   : setALEnabled 0
07-12 14:55:43.356   881   932 D xrspd   : setAlinkEnabledCallback with existing value set, ignoring
07-12 14:55:43.356  3244  3244 I [SUI] XrspBrokerHelper: Set AirLink Enabled: 0
07-12 14:55:43.356  3244  3244 I PanelService: BEGIN: nativeInitializePanelInstance - Configure and set up thread polling.
07-12 14:55:43.356  3244  3244 I PanelService: BEGIN: Call hosted app's Configure method.
07-12 14:55:43.356  3244  3244 I PanelService: END: Call hosted app's Configure method.
07-12 14:55:43.356  3244  3244 I PanelService: END: nativeInitializePanelInstance - Add fd 217 to looper with error code 1
07-12 14:55:43.356  3244  3244 D CppPanelService: END: Initializing panel application via MSG_CREATE_PANEL_APP.
07-12 14:55:43.356  3244  3244 I AndroidPanelApp: Processing next frame action "layerShow" for layer "#main"
07-12 14:55:43.356  3244  3244 I AndroidPanelApp: nextFrameAction(layerShow, #main)
07-12 14:55:43.356  3244  3244 I AndroidPanelApp: layerShow acknowledged for #main
07-12 14:55:43.356  3244  3244 I AndroidPanelApp: tryShowLayer(#main)
07-12 14:55:43.356  3244  3244 I AndroidPanelLayer: Showing layer #main
07-12 14:55:43.359  3244  3244 I AndroidPanelLayer: Unhiding layer #main
07-12 14:55:43.367  2659  2721 I LibraryProvider: running queryApp(com.oculus.systemux) for com.oculus.uid:10041
07-12 14:55:43.367  2659  2721 W LibraryProvider: Cannot find entitlement for com.oculus.systemux
07-12 14:55:43.367  2331  2654 W OVRLibrary: null cursor received for query content://com.oculus.ocms.library/apps/com.oculus.systemux
07-12 14:55:43.372  2659  2721 I LibraryProvider: running queryApp(com.oculus.systemux) for com.oculus.uid:10041
07-12 14:55:43.372  2659  2721 W LibraryProvider: Cannot find entitlement for com.oculus.systemux
07-12 14:55:43.372  2331  2654 W OVRLibrary: null cursor received for query content://com.oculus.ocms.library/apps/com.oculus.systemux
07-12 14:55:43.375  2898  3227 I [OAO] PanelRenderLayer: ResetSurface 0 x 0 - shape:1 stereo:0
07-12 14:55:43.379  2659  2683 I LibraryProvider: running queryApp(com.oculus.systemux) for com.oculus.uid:10041
07-12 14:55:43.379  2659  2683 W LibraryProvider: Cannot find entitlement for com.oculus.systemux
07-12 14:55:43.380  2331  2654 W OVRLibrary: null cursor received for query content://com.oculus.ocms.library/apps/com.oculus.systemux
07-12 14:55:43.385  2659  2721 I LibraryProvider: running queryApp(com.oculus.systemux) for com.oculus.uid:10041
07-12 14:55:43.385  2659  2721 W LibraryProvider: Cannot find entitlement for com.oculus.systemux
07-12 14:55:43.385  2331  2654 W OVRLibrary: null cursor received for query content://com.oculus.ocms.library/apps/com.oculus.systemux
07-12 14:55:43.392  1062 17311 I chatty  : uid=1000(system) Binder:1062_19 expire 2 lines
07-12 14:55:43.399  3244  3244 I AndroidPanelApp: Processing next frame action "layerShow" for layer "tablet"
07-12 14:55:43.399  3244  3244 I AndroidPanelApp: nextFrameAction(layerShow, tablet)
07-12 14:55:43.399  3244  3244 I AndroidPanelApp: layerShow acknowledged for tablet
07-12 14:55:43.399  3244  3244 I AndroidPanelApp: tryShowLayer(tablet)
07-12 14:55:43.399  3244  3244 I AndroidPanelLayer: Showing layer tablet
07-12 14:55:43.410  2873  3038 I [SEO] PanelAppAnalytics: First frame latency: 0.927 for id 50 com.oculus.systemux/com.oculus.panelapp.anytimeui.AnytimeUIAndroidPanelService
07-12 14:55:43.411  1748  3012 I VrRuntimeService: CreateSwapChain: 3991858071
07-12 14:55:43.411  1748  3012 I VrRuntimeService: CreateSwapChain: api:vk 0 0x2b 800 110 10 3 1 4 15
07-12 14:55:43.412  3244  3244 I AndroidPanelLayer: Unhiding layer tablet
07-12 14:55:43.412  1748  3012 W SwapChain: CreateTextureSwapChainFoveation: export failed
07-12 14:55:43.412  1748  3012 I VrRuntimeServer: CreateTextureSwapChain: result importswapchaingles 1
07-12 14:55:43.415  2815  3302 I chatty  : uid=10014(com.oculus.shellenv) Thread-31 expire 3 lines
07-12 14:55:43.420  2815  2859 I chatty  : uid=10014(com.oculus.shellenv) OVR::ShellEnv expire 1 line
07-12 14:55:43.458  1062  1081 I chatty  : uid=1000(system) android.ui expire 1 line
07-12 14:55:43.464  3244  3244 I AndroidPanelApp: Processing next frame action "layerShow" for layer "tabletNav"
07-12 14:55:43.464  3244  3244 I AndroidPanelApp: nextFrameAction(layerShow, tabletNav)
07-12 14:55:43.464  3244  3244 I AndroidPanelApp: layerShow acknowledged for tabletNav
07-12 14:55:43.464  3244  3244 I AndroidPanelApp: tryShowLayer(tabletNav)
07-12 14:55:43.464  3244  3244 I AndroidPanelLayer: Showing layer tabletNav
07-12 14:55:43.467  1062  1083 I DisplayManagerService: Display device changed state: "com.oculus.android_panel_app.AndroidPanelLayer-tablet", ON
07-12 14:55:43.470  1062  1083 I ActivityTaskManager: Override config changes=20005df8 {0.0 ?mcc?mnc ?localeList ?layoutDir sw216dp w216dp h340dp 200dpi smll port ?uimode ?night -touch qwerty/v/v -nav/h winConfig={ mBounds=Rect(0, 0 - 270, 425) mAppBounds=Rect(0, 0 - 270, 425) mWindowingMode=fullscreen mDisplayWindowingMode=fullscreen mActivityType=undefined mAlwaysOnTop=undefined mRotation=ROTATION_0}} for displayId=273
07-12 14:55:43.475  1062  1083 I ActivityTaskManager: Override config changes=20005df8 {0.0 ?mcc?mnc ?localeList ?layoutDir sw340dp w552dp h340dp 200dpi nrml land ?uimode ?night -touch qwerty/v/v -nav/h winConfig={ mBounds=Rect(0, 0 - 690, 425) mAppBounds=Rect(0, 0 - 690, 425) mWindowingMode=fullscreen mDisplayWindowingMode=fullscreen mActivityType=undefined mAlwaysOnTop=undefined mRotation=ROTATION_0}} for displayId=274
07-12 14:55:43.481  3244  3244 I AndroidPanelLayer: Unhiding layer tabletNav
07-12 14:55:43.481  1062  1083 I DisplayManagerService: Display device changed state: "com.oculus.android_panel_app.AndroidPanelLayer-tabletNav", ON
07-12 14:55:43.499  1062  4412 E WindowManager: App trying to use insecure INPUT_FEATURE_NO_INPUT_CHANNEL flag. Ignoring
07-12 14:55:43.501  3244  3244 I AndroidPanelApp: Processing next frame action "layerShow" for layer "tabletContent"
07-12 14:55:43.501  3244  3244 I AndroidPanelApp: nextFrameAction(layerShow, tabletContent)
07-12 14:55:43.501  3244  3244 I AndroidPanelApp: layerShow acknowledged for tabletContent
07-12 14:55:43.502  3244  3244 I AndroidPanelApp: tryShowLayer(tabletContent)
07-12 14:55:43.502  3244  3244 I AndroidPanelLayer: Showing layer tabletContent
07-12 14:55:43.508  2873 24549 I Telemetry: App memory usage: PSS=79MB DalvikPSS=1 MB
