07-12 14:42:41.751  1465 22543 W ContextImpl: Calling a method in the system process without a qualified user: android.app.ContextImpl.sendBroadcast:1057 android.content.ContextWrapper.sendBroadcast:448 X.ul.A00:155 X.ul.handleMessage:60437 android.os.Handler.dispatchMessage:107 
07-12 14:42:42.062  1465 22559 W ContextImpl: Calling a method in the system process without a qualified user: android.app.ContextImpl.sendBroadcast:1057 android.content.ContextWrapper.sendBroadcast:448 X.ul.A00:155 X.ul.handleMessage:60437 android.os.Handler.dispatchMessage:107 
07-12 14:42:42.166  1062  1083 I chatty  : uid=1000(system) android.display expire 20 lines
07-12 14:42:42.203  1062  1265 I chatty  : uid=1000(system) Binder:1062_3 expire 4 lines
07-12 14:42:42.657  1465 22573 W ContextImpl: Calling a method in the system process without a qualified user: android.app.ContextImpl.sendBroadcast:1057 android.content.ContextWrapper.sendBroadcast:448 X.ul.A00:155 X.ul.handleMessage:60437 android.os.Handler.dispatchMessage:107 
07-12 14:42:42.765   835 17228 I TrackingService: getTrackingSocketFileDescriptor
07-12 14:42:42.765   835 17228 D TrackingService: haptic socket already exists
07-12 14:42:50.158   835 22193 D TrackingService: [HANDTRACKING] Controller d9a2e25150bbd368 in hand: N, valid: Y
07-12 14:42:51.659   835 22193 D TrackingService: [HANDTRACKING] Controller d9a2e25150bbd368 in hand: Y, valid: Y
07-12 14:42:52.678   835 22193 D TrackingService: [HANDTRACKING] Controller d9a2e25150bbd368 in hand: N, valid: Y
07-12 14:42:53.883   835 22193 D TrackingService: [HANDTRACKING] Controller 31fa5f7958920bd9 in hand: N, valid: Y
07-12 14:43:00.801   739  1019 I SyncBossHAL: [info   ] syncboss_hal_prox.c(42): Reporting prox event: prox_off
07-12 14:43:00.804   835   909 D TrackingService: Received transition request to STANDBY current is RUNNING
07-12 14:43:00.804   835   909 D TrackingService: Executing transition from RUNNING to STANDBY
07-12 14:43:01.028  1465 22617 W ContextImpl: Calling a method in the system process without a qualified user: android.app.ContextImpl.sendBroadcast:1057 android.content.ContextWrapper.sendBroadcast:448 X.ul.A00:155 X.ul.handleMessage:60437 android.os.Handler.dispatchMessage:107 
07-12 14:43:15.815  1062  1098 I chatty  : uid=1000(system) PowerManagerSer expire 10 lines
07-12 14:43:15.870   835   909 I TrackingService: Unregistering client by ITrackingService.unregisterClient
07-12 14:43:15.870   835   909 I TrackingService: TrackingServiceHost Unregistering client: com.oculus.shellenv#2815
07-12 14:43:15.910   835   909 I TrackingService: Unregistering client by ITrackingService.unregisterClient
07-12 14:43:15.910   835   909 I TrackingService: TrackingServiceHost Unregistering client: com.oculus.vrshell#2873
07-12 14:43:16.216   835   909 D TrackingService: Received transition request to SLEEP current is STANDBY
07-12 14:43:16.216   835   909 D TrackingService: Executing transition from STANDBY to SLEEP
07-12 14:43:16.216   835   909 D TrackingService: Setting power state to STANDBY
07-12 14:43:16.216   835  1787 I libtracker: RUNNING -> STANDBY transition time: 0 ms
07-12 14:43:16.217   835  1786 I libtracker: RUNNING -> STANDBY transition time: 0 ms
07-12 14:43:16.226   835  1785 I libtracker: RUNNING -> STANDBY transition time: 9 ms
07-12 14:43:16.227   835  1784 I libtracker: RUNNING -> STANDBY transition time: 0 ms
07-12 14:43:16.382   739 22186 I SyncBossFW:   55330 [info   ] {APPI}: Stopping camera streaming
07-12 14:43:16.382   739 22186 I SyncBossFW:   55331 [info   ] {BCAM}: Camera streaming stopped
07-12 14:43:16.406   835  1783 I libtracker: RUNNING -> STANDBY transition time: 179 ms
07-12 14:43:16.407   835  1782 I libtracker: RUNNING -> STANDBY transition time: 0 ms
07-12 14:43:16.407   835   909 D TrackingService: Time since last wake is 55306ms, using short sleep delay
07-12 14:43:16.407   835   909 D TrackingService: Scheduling delayed transition to SLEEP in 60000ms
07-12 14:43:23.051  1465 22641 W ContextImpl: Calling a method in the system process without a qualified user: android.app.ContextImpl.sendBroadcast:1057 android.content.ContextWrapper.sendBroadcast:448 X.ul.A00:155 X.ul.handleMessage:60437 android.os.Handler.dispatchMessage:107 
07-12 14:43:46.929  1062  1089 I chatty  : uid=1000(system) ActivityManager expire 2 lines
07-12 14:44:10.260  1062  1094 I chatty  : uid=1000(system) batterystats-wo expire 7 lines
07-12 14:44:15.876   835   909 I TrackingService: TrackingService::getSharedMemoryFileDescriptor
07-12 14:44:15.877   835   909 I chatty  : uid=1000(system) HT_IK_1 identical 3 lines
07-12 14:44:15.878   835   909 I TrackingService: TrackingService::getSharedMemoryFileDescriptor
07-12 14:44:15.878   835   909 I TrackingService: TrackingService::registerClient
07-12 14:44:15.878   835   909 I TrackingService: Registering client with TrackingServiceHost (com.android.systemui#1278)
07-12 14:44:15.878   835   909 I TrackingService: TrackingServiceHost GetSharedMemoryFileDescriptor for client com.android.systemui#1278
07-12 14:44:15.878   835   909 I TrackingService: TrackingServiceHost registered first secure client
07-12 14:44:15.878   835   909 I TrackingService: TrackingServiceHost knows of 1 secure clients
07-12 14:44:15.878   835   909 I TrackingService: TrackingServiceHost registered first secure client
07-12 14:44:15.878   835   909 I TrackingService: TrackingServiceHost knows of 1 secure clients
07-12 14:44:15.878   835   909 I TrackingService: TrackingServiceHost registered first secure client
07-12 14:44:15.878   835   909 I TrackingService: TrackingServiceHost knows of 1 secure clients
07-12 14:44:15.878   835   909 I TrackingService: TrackingServiceHost registered first secure client
07-12 14:44:15.878   835   909 I TrackingService: TrackingServiceHost knows of 1 secure clients
07-12 14:44:15.878   835   909 I TrackingService: TrackingServiceHost registered first secure client
07-12 14:44:15.878   835   909 I TrackingService: TrackingServiceHost knows of 1 secure clients
07-12 14:44:15.879   835   909 I TrackingService: Unregistering client by ITrackingService.unregisterClient
07-12 14:44:15.879   835   909 I TrackingService: TrackingServiceHost Unregistering client: com.android.systemui#1278
07-12 14:44:15.879   835   909 I TrackingService: TrackingServiceHost unregistered last secure client
07-12 14:44:15.879   835   909 I chatty  : uid=1000(system) HT_IK_1 identical 3 lines
07-12 14:44:15.879   835   909 I TrackingService: TrackingServiceHost unregistered last secure client
07-12 14:44:16.023  1062  1083 I chatty  : uid=1000(system) android.display expire 15 lines
07-12 14:44:16.408   835 22636 D TrackingService: Performing delayed transition to SLEEP
07-12 14:44:16.408   835 22636 D TrackingService: Setting power state to SLEEP
07-12 14:44:16.408   835  1787 D libtracker: ControllerGlue: setting expected mode to Disabled
07-12 14:44:16.408   835  1787 D libtracker: ControllerGlue: Setting current mode to Disabled
07-12 14:44:16.408   835  1787 D libtracker: ControllerGlue: leave mode Streaming
07-12 14:44:16.408   835  1787 D libtracker: RemoteService::handleDeviceDisconnected - device 31fa5f7958920bd9
07-12 14:44:16.409   835  1787 I TrackingService: Unregistering remote 31fa5f7958920bd9 in slot 1
07-12 14:44:16.410   835  1787 D TrackingCore: TrackingDataPostProcessor: Unregistering 31fa5f7958920bd9
07-12 14:44:16.410   835  1787 D libtracker: RemoteService::handleDeviceDisconnected - device d9a2e25150bbd368
07-12 14:44:16.410   835  1787 I TrackingService: Unregistering remote d9a2e25150bbd368 in slot 0
07-12 14:44:16.411   835  1787 D TrackingCore: TrackingDataPostProcessor: Unregistering d9a2e25150bbd368
07-12 14:44:16.411   835  1787 D libtracker: ControllerGlue: Setting mode to Disabled
07-12 14:44:16.418   835  1787 D libtracker: ControllerGlue: enter mode Disabled
07-12 14:44:16.418   835  1787 I libtracker: STANDBY -> SLEEP transition time: 10 ms
07-12 14:44:16.418   739 22186 I SyncBossFW:  115368 [info   ] {APPI}: Stopping input
07-12 14:44:16.418   835  1786 I libtracker: STANDBY -> SLEEP transition time: 0 ms
07-12 14:44:16.444   835  1785 I libtracker: STANDBY -> SLEEP transition time: 26 ms
07-12 14:44:16.455   835  1784 I libtracker: STANDBY -> SLEEP transition time: 10 ms
07-12 14:44:16.535   739  1019 I SyncBossHAL: [info   ] syncboss_hal_prox.c(42): Reporting prox event: system_down
07-12 14:44:16.921   835  1783 I libtracker: STANDBY -> SLEEP transition time: 465 ms
07-12 14:44:17.091   835  1782 I libtracker: STANDBY -> SLEEP transition time: 170 ms
07-12 14:44:38.720   739  1019 I SyncBossHAL: [info   ] syncboss_hal_prox.c(42): Reporting prox event: system_up
07-12 14:44:38.727  1062  1062 I chatty  : uid=1000 system_server expire 10 lines
07-12 14:44:38.732   835   909 D TrackingService: Cancelling delayed transition to SLEEP
07-12 14:44:38.733   835   909 D TrackingService: Received transition request to RUNNING current is SLEEP
07-12 14:44:38.733   835   909 D TrackingService: Executing transition from SLEEP to STANDBY
07-12 14:44:38.733   835   909 D TrackingService: Setting power state to STANDBY
07-12 14:44:38.762   835  1782 I libtracker: SLEEP -> STANDBY transition time: 9 ms
07-12 14:44:38.886   739  2004 I SyncBossHAL: [info   ] syncboss_hal_impl_android_driver.c(471): Failed to read system property vendor.syncbosshal.uart_path. Using default "/dev/ttyHS14".
07-12 14:44:38.888   739  2004 I SyncBossHAL: [info   ] syncboss_telemetry.c(90): Successfully loaded telmetry library (v11.0)
07-12 14:44:38.901   739  2004 I SyncBossHAL: [info   ] syncboss_hal_impl_common.c(176): Detected firmware version: v2.11.3. Built May  6 2021 18:04:36 by twsvcscm@sandcastle1741. with cc 4.8.5. Git SHA dc9547c777bb
07-12 14:44:38.908   739 22757 E SyncBossFW: u:n8n];;v;nw]:O]wr wireless address: c32fbfec
07-12 14:44:38.908   739 22757 E SyncBossFW:       0 [info   ] {PRST}: Initializing persistent storage
07-12 14:44:38.908   739 22757 E SyncBossFW:       4 [info   ] {BSP }: Setting prox config version to 1
07-12 14:44:38.908   739 22757 E SyncBossFW:       4 [info   ] {APPI}: prox_set_calibration called. on: 50, off
07-12 14:44:38.908   739 22757 E SyncBossFW: : 35, cancellation: 4
07-12 14:44:38.908   739 22757 E SyncBossFW:       5 [info   ] {VCNL}: Setting prox config: on: 50, off: 35, canc: 4
07-12 14:44:38.908   739 22757 E SyncBossFW:       6 [info   ] {APPI}: Enabling prox sensor
07-12 14:44:38.908   739 22757 E SyncBossFW:       6 [info   ] {WAKE}: Enabling prox wakeup
07-12 14:44:38.908   739 22757 E SyncBossFW:       7 [info   ] {VCNL}: Setting prox config: on: 50, off: 35, can
07-12 14:44:38.908   739 22757 E SyncBossFW: c: 4
07-12 14:44:38.908   739 22757 E SyncBossFW:      19 [info   ] {APPI}: Enabling display timestamping
07-12 14:44:38.908   739 22757 E SyncBossFW:      20 [info   ] {APPI}: Enabling IMU
07-12 14:44:38.908   739 22757 E SyncBossFW:      21 [info   ] {APPI}: Found 0 connected pulsar devices
07-12 14:44:38.909   835  1783 I libtracker: SLEEP -> STANDBY transition time: 147 ms
07-12 14:44:38.918   739 22757 I SyncBossFW:      24 [info   ] {APPI}: Enabling magnetometer
07-12 14:44:38.918   739 22757 I SyncBossFW:      25 [info   ] {APPI}: Enabling mag streaming.  Temperature comp enabled
07-12 14:44:38.931   835  1784 I libtracker: ConstellationTrackingGlue: setEnableExtendedDeadreckoning to false
07-12 14:44:38.931   835  1784 I libtracker: SLEEP -> STANDBY transition time: 21 ms
07-12 14:44:38.931   835  1785 I libtracker: SLEEP -> STANDBY transition time: 0 ms
07-12 14:44:38.933   835  1786 I libtracker: SLEEP -> STANDBY transition time: 2 ms
07-12 14:44:38.933   835  1787 D libtracker: ControllerGlue: setting expected mode to Streaming
07-12 14:44:38.933   835  1787 D libtracker: ControllerGlue: Setting current mode to Streaming
07-12 14:44:38.933   835  1787 D libtracker: ControllerGlue: leave mode Disabled
07-12 14:44:38.934   835  1787 D libtracker: ControllerGlue: Setting mode to Streaming
07-12 14:44:38.934   835  1787 D libtracker: ControllerGlue: enter mode Streaming
07-12 14:44:38.938   739  2004 I SyncBossHAL: [info   ] syncboss_hal_impl_input.c(251): No pulsar frequency blocklist set
07-12 14:44:38.938   739  2004 I SyncBossHAL: [info   ] syncboss_hal_impl_input.c(272): No AFH behavior specified, enabled by default
07-12 14:44:38.938   739  2004 I SyncBossHAL: [info   ] syncboss_hal_impl_input.c(305): Input device auto-whitelisting disabled
07-12 14:44:38.943   835  1787 I libtracker: SLEEP -> STANDBY transition time: 9 ms
07-12 14:44:38.943   835   909 D TrackingService: Executing transition from STANDBY to RUNNING
07-12 14:44:38.943   835   909 D TrackingService: Setting power state to RUNNING
07-12 14:44:38.944   835  1782 I libtracker: STANDBY -> RUNNING transition time: 0 ms
07-12 14:44:38.945   835  1783 I libtracker: Setting initial exposure: 0.005000, initial gain: 3.000000
07-12 14:44:38.949   739 22757 I SyncBossFW:      57 [info   ] {WIHO}: Pulsar device auto-whitelisting disabled
07-12 14:44:38.949   739 22757 I SyncBossFW:      58 [info   ] {APPI}: Starting input
07-12 14:44:38.959   739 22757 E SyncBossFW:      64 [error  ] {CAM }: Frame tag mode is not enabled, cannot use this API.
07-12 14:44:39.090   739 22757 I SyncBossFW:     201 [info   ] {BCAM}: OV7251 sensors found - 0xf
07-12 14:44:39.110   739 22757 I SyncBossFW:     225 [info   ] {APPI}: Camera probe, found: 0xf
07-12 14:44:39.127   739 22759 I SyncBossHAL: [info   ] pulsar_manager.c(715): Setting controller LED config to period: 40000us, on-time: 34us
07-12 14:44:39.140   835 17228 I TrackingService: TrackingService::getSharedMemoryFileDescriptor
07-12 14:44:39.142   835 17228 I chatty  : uid=1000(system) HT_IK_1 identical 3 lines
07-12 14:44:39.142   835 17228 I TrackingService: TrackingService::getSharedMemoryFileDescriptor
07-12 14:44:39.144   835 17228 I TrackingService: TrackingService::registerClient
07-12 14:44:39.144   835 17228 I TrackingService: Registering client with TrackingServiceHost (com.android.systemui#1278)
07-12 14:44:39.145   835 17228 I TrackingService: TrackingServiceHost GetSharedMemoryFileDescriptor for client com.android.systemui#1278
07-12 14:44:39.145   835 17228 I TrackingService: TrackingServiceHost registered first secure client
07-12 14:44:39.145   835 17228 I TrackingService: TrackingServiceHost knows of 1 secure clients
07-12 14:44:39.145   835 17228 I TrackingService: TrackingServiceHost registered first secure client
07-12 14:44:39.145   835 17228 I TrackingService: TrackingServiceHost knows of 1 secure clients
07-12 14:44:39.145   835 17228 I TrackingService: TrackingServiceHost registered first secure client
07-12 14:44:39.145   835 17228 I TrackingService: TrackingServiceHost knows of 1 secure clients
07-12 14:44:39.145   835 17228 I TrackingService: TrackingServiceHost registered first secure client
07-12 14:44:39.145   835 17228 I TrackingService: TrackingServiceHost knows of 1 secure clients
07-12 14:44:39.145   835 17228 I TrackingService: TrackingServiceHost registered first secure client
07-12 14:44:39.145   835 17228 I TrackingService: TrackingServiceHost knows of 1 secure clients
07-12 14:44:39.175   835  1783 I libtracker: STANDBY -> RUNNING transition time: 231 ms
07-12 14:44:39.175   835  1784 I libtracker: STANDBY -> RUNNING transition time: 0 ms
07-12 14:44:39.181   739 22757 I SyncBossFW:     288 [info   ] {APPI}: Starting camera streaming
07-12 14:44:39.181   739 22757 I SyncBossFW:     288 [info   ] {BCAM}: Camera streaming started
07-12 14:44:39.328   739  1019 I SyncBossHAL: [info   ] syncboss_hal_prox.c(42): Reporting prox event: prox_on
07-12 14:44:39.333   739 22757 I SyncBossFW:     443 [info   ] {CMTH}: Good morning.  Prox is currently near
07-12 14:44:39.779  1465 22816 W ContextImpl: Calling a method in the system process without a qualified user: android.app.ContextImpl.sendBroadcast:1057 android.content.ContextWrapper.sendBroadcast:448 X.ul.A00:155 X.ul.handleMessage:60437 android.os.Handler.dispatchMessage:107 
07-12 14:44:39.932   739 22758 I SyncBossHAL: [info   ] syncboss_hal_impl_input.c(676): Pulsar connected devices state change: 1
07-12 14:44:39.934   739 22757 I SyncBossFW:    1047 [info   ] {WIHO}: Pulsar device connected d9a2e25150bbd368 (type: 8001401, connection id: 0x1)
07-12 14:44:39.937   739 22758 I SyncBossHAL: [info   ] syncboss_hal_impl_input.c(676): Pulsar connected devices state change: 2
07-12 14:44:39.944   739 22757 I SyncBossFW:    1052 [info   ] {WIHO}: Pulsar device connected 31fa5f7958920bd9 (type: 8011401, connection id: 0x2)
07-12 14:44:39.991   739 22759 I SyncBossHAL: [info   ] pulsar_manager.c(428): d9a2e251xxxxxxxx: Configuring IR LED to ontime = 34, period = 40000
07-12 14:44:39.998   739 22759 I SyncBossHAL: [info   ] pulsar_manager.c(306): Finished getting cache data for controller
07-12 14:44:39.998   739 22759 I SyncBossHAL:     id            : d9a2e251xxxxxxxx
07-12 14:44:39.998   739 22759 I SyncBossHAL:     pulsar_type   : 0x08001401
07-12 14:44:39.998   739 22759 I SyncBossHAL:     connection id : 0x1
07-12 14:44:39.998   739 22759 I SyncBossHAL:     fw ver        : 1.6.0
07-12 14:44:39.998   739 22759 I SyncBossHAL:     spl ver       : 1.5.0
07-12 14:44:39.998   739 22759 I SyncBossHAL:     serial        : 1WMHCL20K70336
07-12 14:44:39.998   739 22759 I SyncBossHAL:     handedness    : left
07-12 14:44:39.998   739 22759 I SyncBossHAL:     battery state : 70%
07-12 14:44:39.998   739 22759 I SyncBossHAL: [info   ] pulsar_manager.c(320): Jedi-specific cache data:
07-12 14:44:39.998   739 22759 I SyncBossHAL:     captouch ver  : 1.4.0
07-12 14:44:40.005   739 22757 I SyncBossFW:    1117 [info   ] {APPI}: Found 2 connected pulsar devices
07-12 14:44:40.007   835 22764 D TrackingCore: TrackingDataPostProcessor: using hand autotransition v2: 0
07-12 14:44:40.007   835 22764 D TrackingCore: TrackingDataPostProcessor: Registered d9a2e25150bbd368
07-12 14:44:40.007   835 22764 I TrackingService: Registering primary controller d9a2e25150bbd368 in slot 0
07-12 14:44:40.020   835 22764 W libtracker: Attempted to control leds, but gatekeeper is disabled. Skipping operation.
07-12 14:44:40.066   739 22759 I SyncBossHAL: [info   ] pulsar_manager.c(428): 31fa5f79xxxxxxxx: Configuring IR LED to ontime = 34, period = 40000
07-12 14:44:40.068   739 22760 I SyncBossInput: [info   ] [jedi ( left) d9a2e251xxxxxxxx]: 4257016 [info   ] {APP }: Connected
07-12 14:44:40.069   835  1785 I libtracker: STANDBY -> RUNNING transition time: 894 ms
07-12 14:44:40.072   739 22759 I SyncBossHAL: [info   ] pulsar_manager.c(306): Finished getting cache data for controller
07-12 14:44:40.072   739 22759 I SyncBossHAL:     id            : 31fa5f79xxxxxxxx
07-12 14:44:40.072   739 22759 I SyncBossHAL:     pulsar_type   : 0x08011401
07-12 14:44:40.072   739 22759 I SyncBossHAL:     connection id : 0x2
07-12 14:44:40.072   739 22759 I SyncBossHAL:     fw ver        : 1.6.0
07-12 14:44:40.072   739 22759 I SyncBossHAL:     spl ver       : 1.5.0
07-12 14:44:40.072   739 22759 I SyncBossHAL:     serial        : 1WMHCR11LG0341
07-12 14:44:40.072   739 22759 I SyncBossHAL:     handedness    : right
07-12 14:44:40.072   739 22759 I SyncBossHAL:     battery state : 70%
07-12 14:44:40.072   739 22759 I SyncBossHAL: [info   ] pulsar_manager.c(320): Jedi-specific cache data:
07-12 14:44:40.072   739 22759 I SyncBossHAL:     captouch ver  : 1.4.0
07-12 14:44:40.072   739 22759 I SyncBossHAL: [info   ] pulsar_manager.c(750): Setting transmit power for all connected controllers to -4 dBm
07-12 14:44:40.073   835  1786 I libtracker: STANDBY -> RUNNING transition time: 3 ms
07-12 14:44:40.073   835  1787 I libtracker: STANDBY -> RUNNING transition time: 0 ms
07-12 14:44:40.076   835 22764 D TrackingService: [HANDTRACKING] Controller d9a2e25150bbd368 in hand: Y, valid: Y
07-12 14:44:40.078   835 22764 D TrackingCore: TrackingDataPostProcessor: using hand autotransition v2: 0
07-12 14:44:40.078   835 22764 D TrackingCore: TrackingDataPostProcessor: Registered 31fa5f7958920bd9
07-12 14:44:40.078   835 22764 I TrackingService: Registering primary controller 31fa5f7958920bd9 in slot 1
07-12 14:44:40.091   835 22764 W libtracker: Attempted to control leds, but gatekeeper is disabled. Skipping operation.
07-12 14:44:40.092   739 22759 I SyncBossHAL: [info   ] pulsar_manager.c(750): Setting transmit power for all connected controllers to -4 dBm
07-12 14:44:40.092   835 22764 D TrackingService: [HANDTRACKING] Controller 31fa5f7958920bd9 in hand: Y, valid: Y
07-12 14:44:40.110   739 22760 I SyncBossInput: [info   ] [jedi ( left) d9a2e251xxxxxxxx]: 4257017 [info   ] {THDG}: active_seek -> active_connected
07-12 14:44:40.121   739 22760 I SyncBossHAL: [info   ] syncboss_hal_input_controller.c(156): Controller 31fa5f79xxxxxxxx battery level changed: 0% -> 70%
07-12 14:44:40.128   739 22760 I SyncBossInput: [info   ] [jedi (right) 31fa5f79xxxxxxxx]: 4260883 [info   ] {THDG}: active_seek -> active_connected
07-12 14:44:40.132   835   909 I libtracker: ConstellationTrackingGlue: setEnableExtendedDeadreckoning to false
07-12 14:44:40.534   739 22760 I SyncBossHAL: [info   ] syncboss_hal_input_controller.c(156): Controller d9a2e251xxxxxxxx battery level changed: 0% -> 70%
07-12 14:44:40.561   739 22760 I SyncBossInput: [info   ] [jedi ( left) d9a2e251xxxxxxxx]: 4257601 [info   ] {HPTH}: Set haptics frequency to 0x207C
07-12 14:44:40.564   739 22760 I SyncBossInput: [info   ] [jedi (right) 31fa5f79xxxxxxxx]: 4261464 [info   ] {HPTH}: Set haptics frequency to 0x2139
07-12 14:44:44.401   545   574 D SPL     : Handle Request
07-12 14:44:44.401   545   574 E SPL     : unknown cmd id [57005]
07-12 14:44:44.401   545   574 D SPL     : Send Response
07-12 14:44:44.401   545   574 D SPL     : QSEECom_send_resp() OK.
07-12 14:44:44.401   545   574 D SPL     : ==== Wait For Request ======
07-12 14:44:44.406   545   574 D SPL     : Handle Request
07-12 14:44:44.406   545   574 D SPL     : Dev node [/dev/qsee_ipc_irq_spss] opened OK.
07-12 14:44:44.406   545   574 D SPL     : timeout_msec [120000]
07-12 14:44:44.406   545   574 D SPL     : pfd[0].fd [34].
07-12 14:44:44.406   545   574 D SPL     : pfd[1].fd [29].
07-12 14:44:44.406   545   574 D SPL     : Call poll()
07-12 14:44:44.406   545   574 D SPL     : poll() ret [1].
07-12 14:44:44.406   545   574 D SPL     : pfd[0].revents [0x1].
07-12 14:44:44.406   545   574 D SPL     : pfd[1].revents [0x0].
07-12 14:44:44.406   545   574 D SPL     : IRQ Detected OK.
07-12 14:44:44.406   545   574 D SPL     : Send Response
07-12 14:44:44.406   545   574 D SPL     : QSEECom_send_resp() OK.
07-12 14:44:44.406   545   574 D SPL     : ==== Wait For Request ======
07-12 14:44:44.408   545   574 D SPL     : Handle Request
07-12 14:44:44.408   545   574 D SPL     : Dev node [/dev/qsee_ipc_irq_spss] opened OK.
07-12 14:44:44.408   545   574 D SPL     : timeout_msec [120000]
07-12 14:44:44.408   545   574 D SPL     : pfd[0].fd [34].
07-12 14:44:44.408   545   574 D SPL     : pfd[1].fd [29].
07-12 14:44:44.408   545   574 D SPL     : Call poll()
07-12 14:44:44.420   588   597 I chatty  : uid=1000(system) /vendor/bin/sec_nvm expire 114 lines
07-12 14:44:44.432   588   596 I chatty  : uid=1000(system) /vendor/bin/sec_nvm expire 126 lines
07-12 14:44:44.460   545   574 D SPL     : poll() ret [1].
07-12 14:44:44.460   545   574 D SPL     : pfd[0].revents [0x1].
07-12 14:44:44.460   545   574 D SPL     : pfd[1].revents [0x0].
07-12 14:44:44.460   545   574 D SPL     : IRQ Detected OK.
07-12 14:44:44.460   545   574 D SPL     : Send Response
07-12 14:44:44.460   545   574 D SPL     : QSEECom_send_resp() OK.
07-12 14:44:44.460   545   574 D SPL     : ==== Wait For Request ======
07-12 14:44:44.486   545   574 D SPL     : Handle Request
07-12 14:44:44.486   545   574 E SPL     : unknown cmd id [57005]
07-12 14:44:44.486   545   574 D SPL     : Send Response
07-12 14:44:44.486   545   574 D SPL     : QSEECom_send_resp() OK.
07-12 14:44:44.486   545   574 D SPL     : ==== Wait For Request ======
07-12 14:44:44.492   545   574 D SPL     : Handle Request
07-12 14:44:44.492   545   574 D SPL     : Dev node [/dev/qsee_ipc_irq_spss] opened OK.
07-12 14:44:44.492   545   574 D SPL     : timeout_msec [120000]
07-12 14:44:44.492   545   574 D SPL     : pfd[0].fd [34].
07-12 14:44:44.492   545   574 D SPL     : pfd[1].fd [29].
07-12 14:44:44.492   545   574 D SPL     : Call poll()
07-12 14:44:44.492   545   574 D SPL     : poll() ret [1].
07-12 14:44:44.492   545   574 D SPL     : pfd[0].revents [0x1].
07-12 14:44:44.492   545   574 D SPL     : pfd[1].revents [0x0].
07-12 14:44:44.492   545   574 D SPL     : IRQ Detected OK.
07-12 14:44:44.492   545   574 D SPL     : Send Response
07-12 14:44:44.492   545   574 D SPL     : QSEECom_send_resp() OK.
07-12 14:44:44.492   545   574 D SPL     : ==== Wait For Request ======
07-12 14:44:44.493   545   574 D SPL     : Handle Request
07-12 14:44:44.493   545   574 D SPL     : Dev node [/dev/qsee_ipc_irq_spss] opened OK.
07-12 14:44:44.493   545   574 D SPL     : timeout_msec [120000]
07-12 14:44:44.493   545   574 D SPL     : pfd[0].fd [34].
07-12 14:44:44.493   545   574 D SPL     : pfd[1].fd [29].
07-12 14:44:44.493   545   574 D SPL     : Call poll()
07-12 14:44:44.551   545   574 D SPL     : poll() ret [1].
07-12 14:44:44.551   545   574 D SPL     : pfd[0].revents [0x1].
07-12 14:44:44.551   545   574 D SPL     : pfd[1].revents [0x0].
07-12 14:44:44.551   545   574 D SPL     : IRQ Detected OK.
07-12 14:44:44.551   545   574 D SPL     : Send Response
07-12 14:44:44.551   545   574 D SPL     : QSEECom_send_resp() OK.
07-12 14:44:44.551   545   574 D SPL     : ==== Wait For Request ======
07-12 14:44:44.559   545   574 D SPL     : Handle Request
07-12 14:44:44.559   545   574 E SPL     : unknown cmd id [57005]
07-12 14:44:44.559   545   574 D SPL     : Send Response
07-12 14:44:44.559   545   574 D SPL     : QSEECom_send_resp() OK.
07-12 14:44:44.559   545   574 D SPL     : ==== Wait For Request ======
07-12 14:44:44.565   545   574 D SPL     : Handle Request
07-12 14:44:44.565   545   574 D SPL     : Dev node [/dev/qsee_ipc_irq_spss] opened OK.
07-12 14:44:44.565   545   574 D SPL     : timeout_msec [120000]
07-12 14:44:44.565   545   574 D SPL     : pfd[0].fd [34].
07-12 14:44:44.565   545   574 D SPL     : pfd[1].fd [29].
07-12 14:44:44.565   545   574 D SPL     : Call poll()
07-12 14:44:44.565   545   574 D SPL     : poll() ret [1].
07-12 14:44:44.565   545   574 D SPL     : pfd[0].revents [0x1].
07-12 14:44:44.565   545   574 D SPL     : pfd[1].revents [0x0].
07-12 14:44:44.566   545   574 D SPL     : IRQ Detected OK.
07-12 14:44:44.566   545   574 D SPL     : Send Response
07-12 14:44:44.566   545   574 D SPL     : QSEECom_send_resp() OK.
07-12 14:44:44.566   545   574 D SPL     : ==== Wait For Request ======
07-12 14:44:44.568   545   574 D SPL     : Handle Request
07-12 14:44:44.568   545   574 D SPL     : Dev node [/dev/qsee_ipc_irq_spss] opened OK.
07-12 14:44:44.568   545   574 D SPL     : timeout_msec [120000]
07-12 14:44:44.568   545   574 D SPL     : pfd[0].fd [34].
07-12 14:44:44.568   545   574 D SPL     : pfd[1].fd [29].
07-12 14:44:44.568   545   574 D SPL     : Call poll()
07-12 14:44:44.635   545   574 D SPL     : poll() ret [1].
07-12 14:44:44.635   545   574 D SPL     : pfd[0].revents [0x1].
07-12 14:44:44.635   545   574 D SPL     : pfd[1].revents [0x0].
07-12 14:44:44.635   545   574 D SPL     : IRQ Detected OK.
07-12 14:44:44.635   545   574 D SPL     : Send Response
07-12 14:44:44.635   545   574 D SPL     : QSEECom_send_resp() OK.
07-12 14:44:44.635   545   574 D SPL     : ==== Wait For Request ======
07-12 14:44:44.671   835   909 I TrackingService: Unregistering client by ITrackingService.unregisterClient
07-12 14:44:44.671   835   909 I TrackingService: TrackingServiceHost Unregistering client: com.android.systemui#1278
07-12 14:44:44.671   835   909 I TrackingService: TrackingServiceHost unregistered last secure client
07-12 14:44:44.671   835   909 I chatty  : uid=1000(system) HT_IK_1 identical 3 lines
07-12 14:44:44.671   835   909 I TrackingService: TrackingServiceHost unregistered last secure client
07-12 14:44:44.774   835   909 I TrackingService: TrackingService::getSharedMemoryFileDescriptor
07-12 14:44:44.775   835   909 I chatty  : uid=1000(system) HT_IK_1 identical 2 lines
07-12 14:44:44.775   835   909 I TrackingService: TrackingService::getSharedMemoryFileDescriptor
07-12 14:44:44.776   835 17228 I TrackingService: TrackingService::getSharedMemoryFileDescriptor
07-12 14:44:44.776   835   835 I TrackingService: TrackingService::registerClient
07-12 14:44:44.776   835   835 I TrackingService: Registering client with TrackingServiceHost (com.oculus.vrshell#2873)
07-12 14:44:44.776   835   835 I TrackingService: TrackingServiceHost GetSharedMemoryFileDescriptor for client com.oculus.vrshell#2873
07-12 14:44:44.776   835   835 I TrackingService: TrackingServiceHost registered common client; there are 0 secure clients
07-12 14:44:44.776   835   835 I chatty  : uid=1000(system) HT_IK_1 identical 3 lines
07-12 14:44:44.776   835   835 I TrackingService: TrackingServiceHost registered common client; there are 0 secure clients
07-12 14:44:44.814   835   835 I TrackingService: TrackingService::getSharedMemoryFileDescriptor
07-12 14:44:44.815   835   835 I chatty  : uid=1000(system) HT_IK_1 identical 3 lines
07-12 14:44:44.815   835   835 I TrackingService: TrackingService::getSharedMemoryFileDescriptor
07-12 14:44:44.815   835   835 I TrackingService: TrackingService::registerClient
07-12 14:44:44.816   835   835 I TrackingService: Registering client with TrackingServiceHost (com.oculus.shellenv#2815)
07-12 14:44:44.816   835   835 I TrackingService: TrackingServiceHost GetSharedMemoryFileDescriptor for client com.oculus.shellenv#2815
07-12 14:44:44.816   835   835 I TrackingService: TrackingServiceHost registered common client; there are 0 secure clients
07-12 14:44:44.816   835   835 I chatty  : uid=1000(system) HT_IK_1 identical 3 lines
07-12 14:44:44.816   835   835 I TrackingService: TrackingServiceHost registered common client; there are 0 secure clients
07-12 14:44:45.091  1062  4426 I chatty  : uid=1000(system) Binder:1062_10 expire 11 lines
07-12 14:44:45.303  1062  1438 I chatty  : uid=1000(system) Binder:1062_6 expire 9 lines
07-12 14:44:45.408  1465 22898 W ContextImpl: Calling a method in the system process without a qualified user: android.app.ContextImpl.sendBroadcast:1057 android.content.ContextWrapper.sendBroadcast:448 X.ul.A00:155 X.ul.handleMessage:60437 android.os.Handler.dispatchMessage:107 
07-12 14:44:46.067   835   835 I TrackingService: getTrackingSocketFileDescriptor
07-12 14:44:46.067   835   835 D TrackingService: haptic socket already exists
07-12 14:44:46.120  1465 22929 W ContextImpl: Calling a method in the system process without a qualified user: android.app.ContextImpl.sendBroadcast:1057 android.content.ContextWrapper.sendBroadcast:448 X.ul.A00:155 X.ul.handleMessage:60437 android.os.Handler.dispatchMessage:107 
07-12 14:44:47.190  1465 22956 W ContextImpl: Calling a method in the system process without a qualified user: android.app.ContextImpl.sendBroadcast:1057 android.content.ContextWrapper.sendBroadcast:448 X.ul.A00:155 X.ul.handleMessage:60437 android.os.Handler.dispatchMessage:107 
07-12 14:44:47.241  1062  3969 I chatty  : uid=1000(system) Binder:1062_D expire 11 lines
07-12 14:44:47.454  1465 22961 W ContextImpl: Calling a method in the system process without a qualified user: android.app.ContextImpl.sendBroadcast:1057 android.content.ContextWrapper.sendBroadcast:448 X.ul.A00:155 X.ul.handleMessage:60437 android.os.Handler.dispatchMessage:107 
07-12 14:44:47.720   835 17228 I TrackingService: Unregistering client by ITrackingService.unregisterClient
07-12 14:44:47.720   835 17228 I TrackingService: TrackingServiceHost Unregistering client: com.oculus.shellenv#2815
07-12 14:44:47.791  1465 22967 W ContextImpl: Calling a method in the system process without a qualified user: android.app.ContextImpl.sendBroadcast:1057 android.content.ContextWrapper.sendBroadcast:448 X.ul.A00:155 X.ul.handleMessage:60437 android.os.Handler.dispatchMessage:107 
07-12 14:44:48.531   835   835 I TrackingService: Unregistering client by ITrackingService.unregisterClient
07-12 14:44:48.531   835   835 I TrackingService: TrackingServiceHost Unregistering client: com.oculus.vrshell#2873
07-12 14:44:49.546  1465 23040 W ContextImpl: Calling a method in the system process without a qualified user: android.app.ContextImpl.sendBroadcast:1057 android.content.ContextWrapper.sendBroadcast:448 X.ul.A00:155 X.ul.handleMessage:60437 android.os.Handler.dispatchMessage:107 
07-12 14:44:50.551   835   835 I TrackingService: TrackingService::getSharedMemoryFileDescriptor
07-12 14:44:50.553   835   835 I chatty  : uid=1000(system) HT_IK_1 identical 3 lines
07-12 14:44:50.553   835   835 I TrackingService: TrackingService::getSharedMemoryFileDescriptor
07-12 14:44:50.553   835 17228 I TrackingService: TrackingService::registerClient
07-12 14:44:50.553   835 17228 I TrackingService: Registering client with TrackingServiceHost (com.AnotherAxiom.GorillaTag#22968)
07-12 14:44:50.553   835 17228 I TrackingService: TrackingServiceHost GetSharedMemoryFileDescriptor for client com.AnotherAxiom.GorillaTag#22968
07-12 14:44:50.553   835 17228 I TrackingService: TrackingServiceHost registered common client; there are 0 secure clients
07-12 14:44:50.553   835 17228 I chatty  : uid=1000(system) HT_IK_1 identical 3 lines
07-12 14:44:50.553   835 17228 I TrackingService: TrackingServiceHost registered common client; there are 0 secure clients
07-12 14:44:55.444  1465 23070 W ContextImpl: Calling a method in the system process without a qualified user: android.app.ContextImpl.sendBroadcast:1057 android.content.ContextWrapper.sendBroadcast:448 X.ul.A00:155 X.ul.handleMessage:60437 android.os.Handler.dispatchMessage:107 
07-12 14:44:55.970   835   835 I TrackingService: getTrackingSocketFileDescriptor
07-12 14:44:55.970   835   835 D TrackingService: haptic socket already exists
07-12 14:45:03.018 22968 22996 E AndroidRuntime: FATAL EXCEPTION: UnityMain
07-12 14:45:03.018 22968 22996 E AndroidRuntime: Process: com.AnotherAxiom.GorillaTag, PID: 22968
07-12 14:45:03.018 22968 22996 E AndroidRuntime: java.lang.Error: *** *** *** *** *** *** *** *** *** *** *** *** *** *** *** ***
07-12 14:45:03.018 22968 22996 E AndroidRuntime: Version '2019.3.15f1 (59ff3e03856d)', Build type 'Development', Scripting Backend 'il2cpp', CPU 'arm64-v8a'
07-12 14:45:03.018 22968 22996 E AndroidRuntime: Build fingerprint: 'oculus/hollywood/hollywood:10/QQ3A.200805.001/17007100222900000:user/release-keys'
07-12 14:45:03.018 22968 22996 E AndroidRuntime: Revision: '0'
07-12 14:45:03.018 22968 22996 E AndroidRuntime: ABI: 'arm64'
07-12 14:45:03.018 22968 22996 E AndroidRuntime: Timestamp: 2021-07-12 14:45:02+0100
07-12 14:45:03.018 22968 22996 E AndroidRuntime: pid: 22968, tid: 22996, name: UnityMain  >>> com.AnotherAxiom.GorillaTag <<<
07-12 14:45:03.018 22968 22996 E AndroidRuntime: uid: 10118
07-12 14:45:03.018 22968 22996 E AndroidRuntime: signal 11 (SIGSEGV), code 1 (SEGV_MAPERR), fault addr 0x18
07-12 14:45:03.018 22968 22996 E AndroidRuntime: Cause: null pointer dereference
07-12 14:45:03.018 22968 22996 E AndroidRuntime:     x0  00000076546238d8  x1  0000000000000000  x2  00000076ba73c5c0  x3  0000007597628100
07-12 14:45:03.018 22968 22996 E AndroidRuntime:     x4  0000000000000000  x5  00000076546238e9  x6  3146413641304435  x7  3946383639424536
07-12 14:45:03.018 22968 22996 E AndroidRuntime:     x8  0000000000000000  x9  43fbe4daf12dfbe4  x10 0000000000000001  x11 0000000000000000
07-12 14:45:03.018 22968 22996 E AndroidRuntime:     x12 fffffffffffffe00  x13 0000000000000001  x14 0000000000000000  x15 ffffffffffffff00
07-12 14:45:03.018 22968 22996 E AndroidRuntime:     x16 000000773c4543c8  x17 000000773c449568  x18 0000000000000031  x19 00000076aaead780
07-12 14:45:03.018 22968 22996 E AndroidRuntime:     x20 0000007654623a90  x21 00000076aaead780  x22 0000007654625020  x23 0000000000000000
07-12 14:45:03.018 22968 22996 E AndroidRuntime:     x24 0000000000000000  x25 0000000013205550  x26 00000000132e5ef8  x27 0000000000000000
07-12 14:45:03.018 22968 22996 E AndroidRuntime:     x28 0000000000000001  x29 0000007654623820
07-12 14:45:03.018 22968 22996 E AndroidRuntime:     sp  0000007654623820  lr  0000007655fae938  pc  0000007655faecb4
07-12 14:45:03.018 22968 22996 E AndroidRuntime: 
07-12 14:45:03.018 22968 22996 E AndroidRuntime: backtrace:
07-12 14:45:03.018 22968 22996 E AndroidRuntime:       #00 pc 000000000006acb4  /data/data/com.AnotherAxiom.GorillaTag/libgorillafriends.so (BuildId: 52d97468852aa21d950c31b75ed06a3b17d82ec7)
07-12 14:45:03.018 22968 22996 E AndroidRuntime:       #01 pc 000000000006a934  /data/data/com.AnotherAxiom.GorillaTag/libgorillafriends.so (GorillaFriends::FriendButton::Update()+248) (BuildId: 52d97468852aa21d950c31b75ed06a3b17d82ec7)
07-12 14:45:03.018 22968 22996 E AndroidRuntime:       #02 pc 00000000000793c4  /data/data/com.AnotherAxiom.GorillaTag/libgorillafriends.so (custom_types::invoker_creator<void (GorillaFriends::FriendButton::*)()>::invoke(void (*)(), MethodInfo const*, void*, void**)+16) (BuildId: 52d97468852aa21d950c31b75ed06a3b17d82ec7)
07-12 14:45:03.018 22968 22996 E AndroidRuntime:       #03 pc 0000000000a25d84  /data/app/com.AnotherAxiom.GorillaTag-m8lGwWjZnqe4z4akHvOvNw==/lib/arm64/libil2cpp.so (BuildId: 2721c75a066f31a36a8286f4c096995d0c1dc216)
07-12 14:45:03.018 22968 22996 E AndroidRuntime:       #04 pc 0000000000c06200  /data/app/com.AnotherAxiom.GorillaTag-m8lGwWjZnqe4z4akHvOvNw==/lib/arm64/libunity.so (scripting_method_invoke(ScriptingMethodPtr, ScriptingObjectPtr, ScriptingArguments&, ScriptingExceptionPtr*, bool)+164) (BuildId: f6d29ede16d35ce68c4ab78b7165ffe88144a80f)
07-12 14:45:03.018 22968 22996 E AndroidRuntime:       #05 pc 0000000000c15a4c  /data/app/com.AnotherAxiom.GorillaTag-m8lGwWjZnqe4z4akHvOvNw==/lib/arm64/libunity.so (ScriptingInvocation::Invoke(ScriptingExceptionPtr*, bool)+152) (BuildId: f6d29ede16d35ce68c4ab78b7165ffe88144a80f)
07-12 14:45:03.018 22968 22996 E AndroidRuntime:       #06 pc 0000000000c20f70  /data/app/com.AnotherAxiom.GorillaTag-m8lGwWjZnqe4z4akHvOvNw==/lib/arm64/libunity.so (MonoBehaviour::CallUpdateMethod(int)+292) (BuildId: f6d29ede16d35ce68c4ab78b7165ffe88144a80f)
07-12 14:45:03.018 22968 22996 E AndroidRuntime:       #07 pc 000000000082bec4  /data/app/com.AnotherAxiom.GorillaTag-m8lGwWjZnqe4z4akHvOvNw==/lib/arm64/libunity.so (void BaseBehaviourManager::CommonUpdate<BehaviourManager>()+204) (BuildId: f6d29ede16d35ce68c4ab78b7165ffe88144a80f)
07-12 14:45:03.018 22968 22996 E AndroidRuntime:       #08 pc 000000000082bde4  /data/app/com.AnotherAxiom.GorillaTag-m8lGwWjZnqe4z4akHvOvNw==/lib/arm64/libunity.so (BehaviourManager::Update()+32) (BuildId: f6d29ede16d35ce68c4ab78b7165ffe88144a80f)
07-12 14:45:03.018 22968 22996 E AndroidRuntime:       #09 pc 00000000009cc74c  /data/app/com.AnotherAxiom.GorillaTag-m8lGwWjZnqe4z4akHvOvNw==/lib/arm64/libunity.so (InitPlayerLoopCallbacks()::UpdateScriptRunBehaviourUpdateRegistrator::Forward()+48) (BuildId: f6d29ede16d35ce68c4ab78b7165ffe88144a80f)
07-12 14:45:03.018 22968 22996 E AndroidRuntime:       #10 pc 00000000009c2efc  /data/app/com.AnotherAxiom.GorillaTag-m8lGwWjZnqe4z4akHvOvNw==/lib/arm64/libunity.so (ExecutePlayerLoop(NativePlayerLoopSystem*)+80) (BuildId: f6d29ede16d35ce68c4ab78b7165ffe88144a80f)
07-12 14:45:03.018 22968 22996 E AndroidRuntime:       #11 pc 00000000009c2f54  /data/app/com.AnotherAxiom.GorillaTag-m8lGwWjZnqe4z4akHvOvNw==/lib/arm64/libunity.so (ExecutePlayerLoop(NativePlayerLoopSystem*)+168) (BuildId: f6d29ede16d35ce68c4ab78b7165ffe88144a80f)
07-12 14:45:03.019 22968 22996 E AndroidRuntime:       #12 pc 00000000009c31b0  /data/app/com.AnotherAxiom.GorillaTag-m8lGwWjZnqe4z4akHvOvNw==/lib/arm64/libunity.so (PlayerLoop()+368) (BuildId: f6d29ede16d35ce68c4ab78b7165ffe88144a80f)
07-12 14:45:03.019 22968 22996 E AndroidRuntime:       #13 pc 0000000000c9af74  /data/app/com.AnotherAxiom.GorillaTag-m8lGwWjZnqe4z4akHvOvNw==/lib/arm64/libunity.so (UnityPlayerLoop()+708) (BuildId: f6d29ede16d35ce68c4ab78b7165ffe88144a80f)
07-12 14:45:03.019 22968 22996 E AndroidRuntime:       #14 pc 0000000000cc5808  /data/app/com.AnotherAxiom.GorillaTag-m8lGwWjZnqe4z4akHvOvNw==/lib/arm64/libunity.so (nativeRender(_JNIEnv*, _jobject*)+72) (BuildId: f6d29ede16d35ce68c4ab78b7165ffe88144a80f)
07-12 14:45:03.019 22968 22996 E AndroidRuntime:       #15 pc 000000000000560c  /data/app/com.AnotherAxiom.GorillaTag-m8lGwWjZnqe4z4akHvOvNw==/oat/arm64/base.odex
07-12 14:45:03.019 22968 22996 E AndroidRuntime: 
07-12 14:45:03.019 22968 22996 E AndroidRuntime: 	at libgorillafriends.0x6acb4(Native Method)
07-12 14:45:03.019 22968 22996 E AndroidRuntime: 	at libgorillafriends.GorillaFriends::FriendButton::Update()(Update:248)
07-12 14:45:03.019 22968 22996 E AndroidRuntime: 	at libgorillafriends.custom_types::invoker_creator<void (GorillaFriends::FriendButton::*)()>::invoke(void (*)(), MethodInfo const*, void*, void**)(invoker_creator<void :16)
07-12 14:45:03.019 22968 22996 E AndroidRuntime: 	at libil2cpp.0xa25d84(Native Method)
07-12 14:45:03.019 22968 22996 E AndroidRuntime: 	at libunity.scripting_method_invoke(ScriptingMethodPtr, ScriptingObjectPtr, ScriptingArguments&, ScriptingExceptionPtr*, bool)(scripting_method_invoke:164)
07-12 14:45:03.019 22968 22996 E AndroidRuntime: 	at libunity.ScriptingInvocation::Invoke(ScriptingExceptionPtr*, bool)(Invoke:152)
07-12 14:45:03.019 22968 22996 E AndroidRuntime: 	at libunity.MonoBehaviour::CallUpdateMethod(int)(CallUpdateMethod:292)
07-12 14:45:03.019 22968 22996 E AndroidRuntime: 	at libunity.void BaseBehaviourManager::CommonUpdate<BehaviourManager>()(CommonUpdate<BehaviourManager>:204)
07-12 14:45:03.019 22968 22996 E AndroidRuntime: 	at libunity.BehaviourManager::Update()(Update:32)
07-12 14:45:03.019 22968 22996 E AndroidRuntime: 	at libunity.InitPlayerLoopCallbacks()::UpdateScriptRunBehaviourUpdateRegistrator::Forward()(InitPlayerLoopCallbacks:48)
07-12 14:45:03.019 22968 22996 E AndroidRuntime: 	at libunity.ExecutePlayerLoop(NativePlayerLoopSystem*)(ExecutePlayerLoop:80)
07-12 14:45:03.019 22968 22996 E AndroidRuntime: 	at libunity.ExecutePlayerLoop(NativePlayerLoopSystem*)(ExecutePlayerLoop:168)
07-12 14:45:03.019 22968 22996 E AndroidRuntime: 	at libunity.PlayerLoop()(PlayerLoop:368)
07-12 14:45:03.019 22968 22996 E AndroidRuntime: 	at libunity.UnityPlayerLoop()(UnityPlayerLoop:708)
07-12 14:45:03.019 22968 22996 E AndroidRuntime: 	at libunity.nativeRender(_JNIEnv*, _jobject*)(nativeRender:72)
07-12 14:45:03.019 22968 22996 E AndroidRuntime: 	at base.0x560c(Native Method)
07-12 14:45:03.022  1062 23154 I chatty  : uid=1000 system_server expire 1 line
07-12 14:45:03.091   835   835 I TrackingService: Unregistering client 'com.AnotherAxiom.GorillaTag#22968' by binder death
07-12 14:45:03.091   835   835 I TrackingService: TrackingServiceHost Unregistering client: com.AnotherAxiom.GorillaTag#22968
07-12 14:45:03.092  1062  1079 I chatty  : uid=1000(system) Binder:1062_2 expire 1 line
07-12 14:45:03.149  1062  1083 I chatty  : uid=1000(system) android.display expire 28 lines
07-12 14:45:03.231   835   835 I TrackingService: TrackingService::getSharedMemoryFileDescriptor
07-12 14:45:03.232   835   835 I TrackingService: TrackingService::getSharedMemoryFileDescriptor
07-12 14:45:03.233   835 17228 I TrackingService: TrackingService::getSharedMemoryFileDescriptor
07-12 14:45:03.236   835 17228 I chatty  : uid=1000(system) HT_IK_1 identical 1 line
07-12 14:45:03.236   835 17228 I TrackingService: TrackingService::getSharedMemoryFileDescriptor
07-12 14:45:03.236   835 17228 I TrackingService: TrackingService::registerClient
07-12 14:45:03.238   835 17228 I TrackingService: Registering client with TrackingServiceHost (com.oculus.vrshell#2873)
07-12 14:45:03.239   835 17228 I TrackingService: TrackingServiceHost GetSharedMemoryFileDescriptor for client com.oculus.vrshell#2873
07-12 14:45:03.239   835 17228 I TrackingService: TrackingServiceHost registered common client; there are 0 secure clients
07-12 14:45:03.239   835 17228 I chatty  : uid=1000(system) HT_IK_1 identical 3 lines
07-12 14:45:03.239   835 17228 I TrackingService: TrackingServiceHost registered common client; there are 0 secure clients
07-12 14:45:03.267   835 17228 I TrackingService: TrackingService::getSharedMemoryFileDescriptor
07-12 14:45:03.268   835 17228 I chatty  : uid=1000(system) HT_IK_1 identical 3 lines
07-12 14:45:03.269   835 17228 I TrackingService: TrackingService::getSharedMemoryFileDescriptor
07-12 14:45:03.269   835 17228 I TrackingService: TrackingService::registerClient
07-12 14:45:03.269   835 17228 I TrackingService: Registering client with TrackingServiceHost (com.oculus.shellenv#2815)
07-12 14:45:03.271   835 17228 I TrackingService: TrackingServiceHost GetSharedMemoryFileDescriptor for client com.oculus.shellenv#2815
07-12 14:45:03.271   835 17228 I TrackingService: TrackingServiceHost registered common client; there are 0 secure clients
07-12 14:45:03.271   835 17228 I chatty  : uid=1000(system) HT_IK_1 identical 3 lines
07-12 14:45:03.271   835 17228 I TrackingService: TrackingServiceHost registered common client; there are 0 secure clients
07-12 14:45:03.931  1465 23171 W ContextImpl: Calling a method in the system process without a qualified user: android.app.ContextImpl.sendBroadcast:1057 android.content.ContextWrapper.sendBroadcast:448 X.ul.A00:155 X.ul.handleMessage:60437 android.os.Handler.dispatchMessage:107 
07-12 14:45:04.086  1062  4356 I chatty  : uid=1000(system) Binder:1062_E expire 14 lines
07-12 14:45:04.229  1062  4454 I chatty  : uid=1000(system) Binder:1062_11 expire 16 lines
07-12 14:45:04.238  1062 18599 I chatty  : uid=1000(system) Binder:1062_1B expire 2 lines
07-12 14:45:04.245  1062  3055 I chatty  : uid=1000(system) Binder:1062_9 expire 9 lines
07-12 14:45:04.483  1465 23200 W ContextImpl: Calling a method in the system process without a qualified user: android.app.ContextImpl.sendBroadcast:1057 android.content.ContextWrapper.sendBroadcast:448 X.ul.A00:155 X.ul.handleMessage:60437 android.os.Handler.dispatchMessage:107 
07-12 14:45:04.609   835 17228 I TrackingService: getTrackingSocketFileDescriptor
07-12 14:45:04.609   835 17228 D TrackingService: haptic socket already exists
07-12 14:45:10.349   739  1019 I SyncBossHAL: [info   ] syncboss_hal_prox.c(42): Reporting prox event: prox_off
07-12 14:45:10.352   835 17228 D TrackingService: Received transition request to STANDBY current is RUNNING
07-12 14:45:10.352   835 17228 D TrackingService: Executing transition from RUNNING to STANDBY
07-12 14:45:10.567  1465 23234 W ContextImpl: Calling a method in the system process without a qualified user: android.app.ContextImpl.sendBroadcast:1057 android.content.ContextWrapper.sendBroadcast:448 X.ul.A00:155 X.ul.handleMessage:60437 android.os.Handler.dispatchMessage:107 
07-12 14:45:13.557   835 22764 D TrackingService: [HANDTRACKING] Controller d9a2e25150bbd368 in hand: N, valid: Y
07-12 14:45:13.557   835 22764 D TrackingService: [HANDTRACKING] Controller 31fa5f7958920bd9 in hand: N, valid: Y
07-12 14:45:25.354  1062  1098 I chatty  : uid=1000(system) PowerManagerSer expire 10 lines
07-12 14:45:25.402   835 17228 I TrackingService: Unregistering client by ITrackingService.unregisterClient
07-12 14:45:25.402   835 17228 I TrackingService: TrackingServiceHost Unregistering client: com.oculus.shellenv#2815
07-12 14:45:25.455   835 17228 I TrackingService: Unregistering client by ITrackingService.unregisterClient
07-12 14:45:25.455   835 17228 I TrackingService: TrackingServiceHost Unregistering client: com.oculus.vrshell#2873
07-12 14:45:25.752   835 17228 D TrackingService: Received transition request to SLEEP current is STANDBY
07-12 14:45:25.752   835 17228 D TrackingService: Executing transition from STANDBY to SLEEP
07-12 14:45:25.752   835 17228 D TrackingService: Setting power state to STANDBY
07-12 14:45:25.752   835  1787 I libtracker: RUNNING -> STANDBY transition time: 0 ms
07-12 14:45:25.754   835  1786 I libtracker: RUNNING -> STANDBY transition time: 1 ms
07-12 14:45:25.757   835  1785 I libtracker: RUNNING -> STANDBY transition time: 2 ms
07-12 14:45:25.757   835  1784 I libtracker: RUNNING -> STANDBY transition time: 0 ms
07-12 14:45:25.922   739 22757 I SyncBossFW:   47031 [info   ] {APPI}: Stopping camera streaming
07-12 14:45:25.922   739 22757 I SyncBossFW:   47031 [info   ] {BCAM}: Camera streaming stopped
07-12 14:45:25.948   835  1783 I libtracker: RUNNING -> STANDBY transition time: 191 ms
07-12 14:45:25.949   835  1782 I libtracker: RUNNING -> STANDBY transition time: 0 ms
07-12 14:45:25.949   835 17228 D TrackingService: Time since last wake is 47005ms, using short sleep delay
07-12 14:45:25.949   835 17228 D TrackingService: Scheduling delayed transition to SLEEP in 60000ms
07-12 14:45:37.025  1465 23265 W ContextImpl: Calling a method in the system process without a qualified user: android.app.ContextImpl.sendBroadcast:1057 android.content.ContextWrapper.sendBroadcast:448 X.ul.A00:155 X.ul.handleMessage:60437 android.os.Handler.dispatchMessage:107 
07-12 14:45:47.829  1062  3056 I chatty  : uid=1000(system) Binder:1062_A expire 8 lines
07-12 14:46:25.406   835 17228 I TrackingService: TrackingService::getSharedMemoryFileDescriptor
07-12 14:46:25.408   835 17228 I chatty  : uid=1000(system) HT_IK_1 identical 3 lines
07-12 14:46:25.408   835 17228 I TrackingService: TrackingService::getSharedMemoryFileDescriptor
07-12 14:46:25.409   835 17228 I TrackingService: TrackingService::registerClient
