07-12 14:55:57.926  2898  2898 D [OAO] VrNotificationService: VrNotificationService onStartCommand() Intent { cmp=com.oculus.vrshell/.VrNotificationService }
07-12 14:55:57.926  3244  3244 D [SUI] NotificationBroadcastReceiver: action: com.oculus.intent.action.NOTIF_CHANGE
07-12 14:55:57.926  3244  3244 I NotificationManagerSourceHandler: Dataset has changed
07-12 14:55:57.933  2634  2634 D DoubleTapSettingStartupReciever: Got Power disconnected action
07-12 14:55:57.938  2114 24641 I OSUpdateService: Intent with action system_battery_changed
07-12 14:55:57.938  1062  1094 E BatteryExternalStatsWorker: no controller energy info supplied for telephony
07-12 14:55:57.942   696  1378 I netd    : trafficSwapActiveStatsMap() <0.17ms>
07-12 14:55:57.949   696  1378 W IptablesRestoreController: iptables-restore process 24642 terminated status=256
07-12 14:55:57.949   696  1378 E IptablesRestoreController: iptables error:
07-12 14:55:57.949   696  1378 E IptablesRestoreController: ------- COMMAND -------
07-12 14:55:57.949   696  1378 E IptablesRestoreController: *filter
07-12 14:55:57.949   696  1378 E IptablesRestoreController: -nvx -L tetherctrl_counters
07-12 14:55:57.949   696  1378 E IptablesRestoreController: COMMIT
07-12 14:55:57.949   696  1378 E IptablesRestoreController: 
07-12 14:55:57.949   696  1378 E IptablesRestoreController: -------  ERROR -------
07-12 14:55:57.949   696  1378 E IptablesRestoreController: iptables-restore: line 2 failed
07-12 14:55:57.949   696  1378 E IptablesRestoreController: ----------------------
07-12 14:55:57.949   696  1378 I netd    : tetherGetStats() -> ServiceSpecificException(1, "[Operation not permitted] : failed to fetch tether stats (0): -1") <5.92ms>
07-12 14:55:57.952  1062  1094 I DropBoxManagerService: add tag=system_server_wtf isTagEnabled=true flags=0x2
07-12 14:55:57.955  1062  1094 I BatteryStatsImpl: Resetting battery stats: level=100 status=2 dischargeLevel=100 lowAmount=0 highAmount=0
07-12 14:55:57.957   733   733 E PowerStats: getResults:Failed to open file /sys/kernel/wifi/power_stats: No such file or directory
07-12 14:55:58.043   881   931 D xrspd   : ep0 xrspd event ENABLE
07-12 14:55:58.043   881   931 D xrspd   : Setting event 2
07-12 14:55:58.043   880 24636 I adbd    : USB event: FUNCTIONFS_ENABLE
07-12 14:55:58.043   881 24643 D xrspd   : Starting FUNCTIONFS_ENABLE/FUNCTIONFS_RESUME debounce
07-12 14:55:58.044  1062  1080 D UsbDeviceManager: getAppliedFunctions will return 4294967297
07-12 14:55:58.047  1278  1278 D MtpReceiver: Received Usb Mtp state
07-12 14:55:58.047  1278  1278 D MtpReceiver: USB plugged in
07-12 14:55:58.048   881   931 D xrspd   : ep0 xrspd event ENABLE
07-12 14:55:58.048   881   931 D xrspd   : Setting event 2
07-12 14:55:58.048   881   931 D xrspd   : Debounce should have extended to 9710022
07-12 14:55:58.054  1062  3060 I ActivityTaskManager: START u0 {flg=0x10008000 cmp=com.android.systemui/com.oculus.os.vrsystemui.vrmtp.MtpAlertActivity} from uid 10060
07-12 14:55:58.068  2815  2859 I Clay    : Exiting VR mode
07-12 14:55:58.068  2815  2859 I VrApi   : ---------- vrapi_LeaveVrMode [start] ----------
07-12 14:55:58.068  2873  2873 D [SEO] ShellEnvOverlayService: Message Handler: onPause
07-12 14:55:58.069  2815  2859 D VrApi   : targetSDKVersion 25
07-12 14:55:58.069  2815  2859 I VrRuntimeClient: DEVICE MODEL NUMBER = Quest 2
07-12 14:55:58.069  2815  2859 I VrRuntimeClient: DEVICE BUILD NAME = user-17007100222900000
07-12 14:55:58.069  2815  2859 I VrRuntimeClient: DEVICE BUILD TYPE = user
07-12 14:55:58.069  2815  2859 I VrRuntimeClient: DEVICE OS VERSION = 10
07-12 14:55:58.069  2815  2859 I VrRuntimeClient: API LOADER VERSION = 1.41.0
07-12 14:55:58.069  2815  2859 I VrRuntimeClient: RUNTIME API VERSION = 1.47.0
07-12 14:55:58.069  2815  2859 I VrRuntimeClient: RUNTIME VERSION = 30.1.0.61.350 Jun 21 2021 20:31:18 RELEASE
07-12 14:55:58.069  2815  2859 I VrRuntimeClient: APP NAME = ShellEnv
07-12 14:55:58.069  2815  2859 I VrRuntimeClient: APP VERSION = 30.1.0.61.350 versionCode 300158179 internalVersionName 30.1.0.61.350.934937bf5ae1 2021_06_21_20_51
07-12 14:55:58.069  2815  2859 I VrRuntimeClient: APP VR TYPE = vr_only
07-12 14:55:58.069  2815  2859 I VrRuntimeClient: APP MODE TYPE = <none>
07-12 14:55:58.069  2815  2859 I VrRuntimeClient: APP PACKAGE NAME = com.oculus.shellenv
07-12 14:55:58.069  2815  2859 I VrRuntimeClient: APP ACTIVITY CLASS = com.oculus.shellenv.ShellEnvActivity
07-12 14:55:58.070  2815  2859 D BatteryReceiver: Unregistering battery receiver
07-12 14:55:58.070  2815  2859 I Sensor  : OSSDKTRACKING Shutdown tracking
07-12 14:55:58.070  1062 18599 I chatty  : uid=1000(system) Binder:1062_1B expire 1 line
07-12 14:55:58.071  2815 24552 I VrRuntimeDeviceConfigClient: GetGatekeeper cached result: oculus_mobile_disable_non_hands_app_hands_usage Not enabled
07-12 14:55:58.072  2815 24552 I VrApi   : FPS=90/90,Prd=0ms,Tear=0,Early=90,Stale=0,VSnc=1,Lat=1,Fov=0,CPU4/GPU=2/3,2419/490MHz,OC=FF,TA=0/70/0,SP=N/F/N,Mem=2092MHz,Free=3148MB,PLS=0,Temp=32.0C/0.0C,TW=1.08ms,App=0.01ms,GD=0.16ms,CPU&GPU=0.69ms,LCnt=0,GPU%=0.14,CPU%=0.07(W0.10),DSF=1.00
07-12 14:55:58.072  2815  2859 I VrApi   : OVR::Stats thread stopped
07-12 14:55:58.072  2815  2859 I InputDeviceManager: ovrInputDeviceManager::~ovrInputDeviceManager
07-12 14:55:58.072  2815  2859 I HandDataQuerier: OSSDKTRACKING shutting down HandsTracker
07-12 14:55:58.072  2815  2859 I HandDataQuerier: OSSDKTRACKING shutting down HandsTracker
07-12 14:55:58.072  2815  2859 I InputDevice_TrackedRemote: OSSDKTRACKING shutting down Haptics
07-12 14:55:58.072  2815  2859 I InputDevice_TrackedRemote: OSSDKTRACKING shutting down Haptics
07-12 14:55:58.072  2815  2859 D OsSdk   : TrackingServiceConnection dtor
07-12 14:55:58.072   835 24541 I TrackingService: Unregistering client by ITrackingService.unregisterClient
07-12 14:55:58.072   835 24541 I TrackingService: TrackingServiceHost Unregistering client: com.oculus.shellenv#2815
07-12 14:55:58.072  2815  2859 D OsSdk   : TrackingServiceConnection unregistered
07-12 14:55:58.076  1278  1278 W ActivityThread: handleWindowVisibility: no activity for token android.os.BinderProxy@3fbbffa
07-12 14:55:58.078   747  4510 D AF::TrackHandle: OpPlayAudio: track:140 uid:10027 pkg:com.oculus.systemux usage:10 not muted
07-12 14:55:58.079  2873  3038 I [SEO] ShellApp: 0xc4575be0 msg: pause
07-12 14:55:58.079   747  1300 D AF::TrackHandle: OpPlayAudio: track:94 uid:10027 pkg:com.oculus.systemux usage:10 not muted
07-12 14:55:58.079  2873  3038 I [SEO] ShellApp: ShellApp::LeaveVrMode()
07-12 14:55:58.079  2873  3038 I [SEO] PanelAppHost: OnBackground
07-12 14:55:58.079  2873  3038 I [SEO] ShellVideoPlayer: OnPanelBackground: Defocusing for reason=paused
07-12 14:55:58.079  2873  3038 I [SEO] LocalSpace: Applying Initial Pose
07-12 14:55:58.079   747 19661 D AF::TrackHandle: OpPlayAudio: track:62 uid:10027 pkg:com.oculus.systemux usage:10 not muted
07-12 14:55:58.079   747 16023 D AF::TrackHandle: OpPlayAudio: track:73 uid:10027 pkg:com.oculus.systemux usage:10 not muted
07-12 14:55:58.079  1748  3157 I VrRuntimeService: RuntimeServiceSDKServer::UpdateLocalSpace
07-12 14:55:58.079   747  1044 D AF::TrackHandle: OpPlayAudio: track:57 uid:10014 pkg:com.oculus.shellenv usage:1 muted
07-12 14:55:58.079  1748  3157 I VrRuntimeServer: UpdateLocalSpace: Src: 2, Version: 62, VersionUser: 2, RawFloorHeightOld: -1.519150, RawFloorHeightNew: -1.519150
07-12 14:55:58.079  2873  3038 I [SEO] SystemAssistant: OnModeChanged from FullShell to ImmersiveAppFocused
07-12 14:55:58.079  2873  3038 I [SEO] AudioMixer: Disabling AudioPlayer.
07-12 14:55:58.080   747   747 D AF::TrackHandle: OpPlayAudio: track:187 uid:10020 pkg:com.oculus.vrshell usage:1 not muted
07-12 14:55:58.080   747  1044 D AF::TrackHandle: OpPlayAudio: track:57 uid:10014 pkg:com.oculus.shellenv usage:1 muted
07-12 14:55:58.081   747 19661 D AF::TrackHandle: OpPlayAudio: track:62 uid:10027 pkg:com.oculus.systemux usage:10 not muted
07-12 14:55:58.081   747  4471 D AF::TrackHandle: OpPlayAudio: track:73 uid:10027 pkg:com.oculus.systemux usage:10 not muted
07-12 14:55:58.081   747  3511 D AF::TrackHandle: OpPlayAudio: track:56 uid:1000 pkg:com.android.networkstack.inprocess usage:13 not muted
07-12 14:55:58.081   747   747 D AF::TrackHandle: OpPlayAudio: track:187 uid:10020 pkg:com.oculus.vrshell usage:1 not muted
07-12 14:55:58.082   747  3511 D AF::TrackHandle: OpPlayAudio: track:56 uid:1000 pkg:com.android.networkstack.inprocess usage:13 not muted
07-12 14:55:58.082   747  1300 D AF::TrackHandle: OpPlayAudio: track:140 uid:10027 pkg:com.oculus.systemux usage:10 not muted
07-12 14:55:58.082   747  4510 D AF::TrackHandle: OpPlayAudio: track:94 uid:10027 pkg:com.oculus.systemux usage:10 not muted
07-12 14:55:58.085  1946  2810 I GuardianSurfaceMgr: ForceShowSurfaceBounds: false, 1.00
07-12 14:55:58.085  1946  2810 I GuardianSurfaceMgr: ForceShowSurfaceBounds: Soft fade out: currentTime 9708.06, ForceShowTime 9709.06, ForceShowFadeTime 9710.06
07-12 14:55:58.086  2815 24551 I ClientInputThread_Internal: InputThreadRun ShutdownRequest received
07-12 14:55:58.086  2815  2859 I InputHooks_Internal: Disabling Native Input Hooks
07-12 14:55:58.086  2815  2859 I ClientInputTrackedObjectManager: TRACKEDKEYBOARD ClearTrackedObjectManager called on client
07-12 14:55:58.086  1748  3012 I VrRuntimeService: RuntimeServiceSDKServer::EnableRendering: 0x0, 0, com.oculus.shellenv
07-12 14:55:58.086  1748  3012 I ClientMgr: ClientMgr::EnableRendering 2815:com.oculus.shellenv : type 0 comp-id 3: disable
07-12 14:55:58.086  1748  3012 I VrRuntimeServer: DisableCompositorClient: 3
07-12 14:55:58.086  1748  3012 I TimeWarpClientMgr: Disable client 3
07-12 14:55:58.086  1748  3012 I TimeWarpClientMgr: DisableClient: frame flush required: 1
07-12 14:55:58.087  1278  1278 I VrApiLoader: VrApi Loader Version: 1.1.34.0-0-0 Apr 10 2020 14:33:54 
07-12 14:55:58.089  2873 24556 I [SEO] AudioMixer: Notifying VrThread to shutdown.
07-12 14:55:58.089  2873  3038 I [SEO] AudioMixer: Successful shutdown.
07-12 14:55:58.089  2873  3038 I [SEO] AudioEngine: virtual void AudioLibrary::AudioEngine::DisablePlayer()
07-12 14:55:58.089  2873  3038 I [SEO] AudioEngine: Setting ShuttingDown.
07-12 14:55:58.091   727   956 D msm8974_platform: platform_split_snd_device: snd_device(2) num devices(1) new_snd_devices(0)
07-12 14:55:58.091   727   956 D ACDB-LOADER: ACDB -> send_audvoltable
07-12 14:55:58.091   727   956 D ACDB-LOADER: ACDB -> ACDB_CMD_GET_AUDPROC_INSTANCE_GAIN_DEP_STEP_TABLE_SIZE
07-12 14:55:58.091   727   956 D ACDB-LOADER: ACDB -> ACDB_CMD_GET_AUDPROC_INSTANCE_GAIN_DEP_STEP_TABLE, vol index 8
07-12 14:55:58.091   727   956 D ACDB-LOADER: ACDB -> AUDIO_SET_VOL_CAL cal type = 40
07-12 14:55:58.091  1278  1278 D ApplicationLoaders: Returning zygote-cached class loader: /system/framework/android.hidl.base-V1.0-java.jar
07-12 14:55:58.091  1278  1278 D ApplicationLoaders: Returning zygote-cached class loader: /system/framework/android.hidl.manager-V1.0-java.jar
07-12 14:55:58.091  1278  1278 D ApplicationLoaders: Returning zygote-cached class loader: /system/framework/android.hidl.base-V1.0-java.jar
07-12 14:55:58.092  1748  1852 I ClientMgr: Non-overlay clients rendering status has changed: prev=157, curr=158, enabled=0
07-12 14:55:58.092   727   956 D msm8974_platform: platform_split_snd_device: snd_device(2) num devices(1) new_snd_devices(0)
07-12 14:55:58.092   727   956 D ACDB-LOADER: ACDB -> send_audvoltable
07-12 14:55:58.092   727   956 D ACDB-LOADER: ACDB -> ACDB_CMD_GET_AUDPROC_INSTANCE_GAIN_DEP_STEP_TABLE_SIZE
07-12 14:55:58.092   727   956 D ACDB-LOADER: ACDB -> ACDB_CMD_GET_AUDPROC_INSTANCE_GAIN_DEP_STEP_TABLE, vol index 8
07-12 14:55:58.092   727   956 D ACDB-LOADER: ACDB -> AUDIO_SET_VOL_CAL cal type = 40
07-12 14:55:58.092  1278  1278 V VrDriver: Loading 64-bit VrDriver.
07-12 14:55:58.092   730   730 I libhealthbattery: Diff time: 0.000000
07-12 14:55:58.092   730   730 I libhealthbattery: remapSoc: 100.000000
07-12 14:55:58.092  1278  1278 I VrApi_DriverLoader: nativeSetClassLoader:0x2cd6
07-12 14:55:58.092  1278  1278 I VrApi   : ----------- vrapi_Initialize [start] ----------
07-12 14:55:58.092  1278  1278 I AdrenoGLES-0: QUALCOMM build                   : 1189d96, Ibd97e2fd45
07-12 14:55:58.092  1278  1278 I AdrenoGLES-0: Build Date                       : 05/02/21
07-12 14:55:58.092  1278  1278 I AdrenoGLES-0: OpenGL ES Shader Compiler Version: EV031.35.02.00
07-12 14:55:58.092  1278  1278 I AdrenoGLES-0: Local Branch                     : 
07-12 14:55:58.092  1278  1278 I AdrenoGLES-0: Remote Branch                    : refs/tags/AU_LINUX_ANDROID_LA.UM.8.12.R1.10.00.00.561.144
07-12 14:55:58.092  1278  1278 I AdrenoGLES-0: Remote Branch                    : NONE
07-12 14:55:58.092  1278  1278 I AdrenoGLES-0: Reconstruct Branch               : NOTHING
07-12 14:55:58.092  1278  1278 I AdrenoGLES-0: Build Config                     : S P 8.0.12 AArch64
07-12 14:55:58.092  1278  1278 I AdrenoGLES-0: Driver Path                      : /vendor/lib64/egl/libGLESv2_adreno.so
07-12 14:55:58.096  1521  3155 I VrApi   : Unhandled ovrRuntime Event 13
07-12 14:55:58.097  1062  1082 I EntropyMixer: Writing entropy...
07-12 14:55:58.102  1278  1278 I AdrenoGLES-0: PFP: 0x016dd099, ME: 0x00000000
07-12 14:55:58.104  1278  1278 I VrApi   : Client type: 0 flags: 0x0 placement: 0
07-12 14:55:58.104  1278  1278 D VrApi   : isActivityFocusAware context = com.oculus.os.DialogContext@a35e1c6
07-12 14:55:58.104  1278  1278 D FocusAwarenessUtil: isActivityFocusAware
07-12 14:55:58.105  1278  1278 D FocusAwarenessUtil: isSystemApp = true for com.android.systemui
07-12 14:55:58.105  1278  1278 D FocusAwarenessUtil: No Activity manifest entry for com.android.systemui
07-12 14:55:58.105  1278  1278 D FocusAwarenessUtil: No activity manifest entry, checking application manifest entry
07-12 14:55:58.106  1278  1278 D FocusAwarenessUtil: No Application manifest entry for com.android.systemui
07-12 14:55:58.106  1278  1278 D FocusAwarenessUtil: isSystemApp so returning manifest value for com.android.systemui as DISABLED
07-12 14:55:58.106  1278  1278 I VrApi   : isActivityFocusAware = 0
07-12 14:55:58.106  1278  1278 I VrRuntimeClient: VrRuntimeClient: Init
07-12 14:55:58.108  1278  1278 I VrRuntimeClient: OSSDKTRACKING calculating secure tracking
07-12 14:55:58.108  1278  1278 D VrRuntimeClient: getSecureTrackingRequest OSSDKTRACKING com.android.systemui
07-12 14:55:58.108  1278  1278 I VrRuntimeClient: OSSDKTRACKING secure tracking is 1
07-12 14:55:58.108  1278  1278 I VrRuntimeClient: OSSDKTRACKING Requesting Secure
07-12 14:55:58.108  1278  1278 D OsSdk   : TrackingServiceConnection ctor
07-12 14:55:58.109  2873 24556 I [SEO] AudioMixer: Notifying VrThread to shutdown.
07-12 14:55:58.109  2873 24556 I [SEO] AudioEngine: Fading final buffer
07-12 14:55:58.109   835 24541 I TrackingService: TrackingService::getSharedMemoryFileDescriptor
07-12 14:55:58.109  1748  3012 I UnifiedTelemetryWrapper: Stopped UT session render:com.oculus.shellenv
07-12 14:55:58.109  1748  1852 I TimeWarpClientMgr: Enable client 0
07-12 14:55:58.109  1748  1852 I VrRuntimeServer: EnableCompositorClient client(0): layer placement(2147483643) flags(8) sm(0x7656d17198)
07-12 14:55:58.109  2815 24554 I FenceChecker: FenceChecker::MainLoop - ended
07-12 14:55:58.110  2815  2859 I VrApi   : ---------- vrapi_LeaveVrMode [end] ----------
07-12 14:55:58.110  2815  2859 I Clay    : BaseApp: Entering hibernation in 30 frames
07-12 14:55:58.112  1062  1094 E BatteryExternalStatsWorker: no controller energy info supplied for telephony
07-12 14:55:58.112   835 24541 I chatty  : uid=1000(system) HT_IK_1 identical 3 lines
07-12 14:55:58.113   835 24541 I TrackingService: TrackingService::getSharedMemoryFileDescriptor
07-12 14:55:58.113   835 24541 I TrackingService: TrackingService::registerClient
07-12 14:55:58.113   835 24541 I TrackingService: Registering client with TrackingServiceHost (com.android.systemui#1278)
07-12 14:55:58.113   835 24541 I TrackingService: TrackingServiceHost GetSharedMemoryFileDescriptor for client com.android.systemui#1278
07-12 14:55:58.114   835 24541 I TrackingService: TrackingServiceHost registered first secure client
07-12 14:55:58.114   835 24541 I TrackingService: TrackingServiceHost knows of 1 secure clients
07-12 14:55:58.114   835 24541 I TrackingService: TrackingServiceHost registered first secure client
07-12 14:55:58.114   835 24541 I TrackingService: TrackingServiceHost knows of 1 secure clients
07-12 14:55:58.114   835 24541 I TrackingService: TrackingServiceHost registered first secure client
07-12 14:55:58.114   835 24541 I TrackingService: TrackingServiceHost knows of 1 secure clients
07-12 14:55:58.114   835 24541 I TrackingService: TrackingServiceHost registered first secure client
07-12 14:55:58.114   835 24541 I TrackingService: TrackingServiceHost knows of 1 secure clients
07-12 14:55:58.114   835 24541 I TrackingService: TrackingServiceHost registered first secure client
07-12 14:55:58.114   835 24541 I TrackingService: TrackingServiceHost knows of 1 secure clients
07-12 14:55:58.114  1278  1278 D OsSdk   : TrackingServiceConnection registered
07-12 14:55:58.114  1278  1278 D OsSdk   : Connected to trackingservice in mode 1? YES
07-12 14:55:58.114  1278  1278 D OsSdk   : TrackingServiceConnection dtor
07-12 14:55:58.114   835 24541 I TrackingService: Unregistering client by ITrackingService.unregisterClient
07-12 14:55:58.114   835 24541 I TrackingService: TrackingServiceHost Unregistering client: com.android.systemui#1278
07-12 14:55:58.114   835 24541 I TrackingService: TrackingServiceHost unregistered last secure client
07-12 14:55:58.114   835 24541 I chatty  : uid=1000(system) HT_IK_1 identical 3 lines
07-12 14:55:58.114   835 24541 I TrackingService: TrackingServiceHost unregistered last secure client
07-12 14:55:58.114  1278  1278 D OsSdk   : TrackingServiceConnection unregistered
07-12 14:55:58.114  1278  1278 I DeviceProperties: ovrDeviceProperties::Initialize
07-12 14:55:58.115  1278  1278 I DeviceProperties: Device Region: 'US'
07-12 14:55:58.115  1278  1278 I DeviceProperties: GPU Type: 'ADRENO_650'
07-12 14:55:58.115  1278  1278 I DeviceProperties: Num Refresh Rates Supported 5
07-12 14:55:58.115  1278  1278 I DeviceProperties: Refresh Rate (0): 120.000000Hz
07-12 14:55:58.115  1278  1278 I DeviceProperties: Refresh Rate (1): 90.000000Hz
07-12 14:55:58.115  1278  1278 I DeviceProperties: Refresh Rate (2): 80.000000Hz
07-12 14:55:58.115  1278  1278 I DeviceProperties: Refresh Rate (3): 72.000000Hz
07-12 14:55:58.115  1278  1278 I DeviceProperties: Refresh Rate (4): 60.000000Hz
07-12 14:55:58.116  2114 24647 I OSUpdateService: Intent with action system_battery_changed
07-12 14:55:58.116  1278  1278 I DeviceProperties: DisplayParms.ScanoutDirection = 0
07-12 14:55:58.116  1278  1278 I DeviceProperties: DisplayParms.ShutterType = 1
07-12 14:55:58.116  1278  1278 I DeviceProperties: DisplayParms.timing = 0.700000 0.700000
07-12 14:55:58.116  1278  1278 I DeviceProperties: DisplayParms.prediction = (2.000000 2.000000) (2.000000 2.000000)
07-12 14:55:58.117  1278  1278 I DeviceProperties: getDisplayDimensions returned: 3664, 1920
07-12 14:55:58.117  1278  1278 I DeviceProperties: ovrDeviceProperties: OVR_DEVICE_CAPABILITY_POSITIONAL_TRACKING_BIT
07-12 14:55:58.117  1278  1278 I DeviceProperties: ovrDeviceProperties: OVR_DEVICE_CAPABILITY_PASSTHROUGH_CAMERA_BIT
07-12 14:55:58.117  1278  1278 I DeviceProperties: ovrDeviceProperties: OVR_DEVICE_CAPABILITY_DYNAMIC_DISPLAY_REFRESH_RATE_BIT
07-12 14:55:58.117  1278  1278 I DeviceProperties: ovrDeviceProperties: OVR_DEVICE_CAPABILITY_MEMORY_EXPORT_BIT
07-12 14:55:58.117  1278  1278 I DeviceProperties: ovrDeviceProperties: OVR_DEVICE_CAPABILITY_FIXED_FOVEATED_RENDERING_BIT
07-12 14:55:58.117  1278  1278 I DeviceProperties: ovrDeviceProperties: OVR_DEVICE_CAPABILITY_SUBSAMPLED_LAYOUT_BIT
07-12 14:55:58.117  1278  1278 I RuntimeHelpers: ShouldEnableOOPComposition: oopc_enabled_prop = -1
07-12 14:55:58.117  1278  1278 I RuntimeHelpers: IsOopCompositionEnabled: enabled
07-12 14:55:58.117  1278  1278 I VrRuntimeClient: DevicesSupported : 1 devices, quest
07-12 14:55:58.117  1278  1278 I VrRuntimeClient: IsFocusAware: 0
07-12 14:55:58.117  1278  1278 W Foveation: Forcing on dynamic foveation
07-12 14:55:58.117  1278  1278 D VrRuntimeClient: VrRuntimeClient: initialize. inContext: com.oculus.os.DialogContext@a35e1c6
07-12 14:55:58.117  1278  1278 I VrGuardianClient: Disabling guardianclient for package: com.android.systemui
07-12 14:55:58.117  1278  1278 I ipcLoader: RuntimeIPC: Loader: IPC Service API Loader Version: 24 May 14 2021 11:39:37
07-12 14:55:58.117  1278  1278 I ipcLoader: RuntimeIPC: Loader: Re-using vtable
07-12 14:55:58.117  1278  1278 I RuntimeIPCApi: ipc_Initialize
07-12 14:55:58.118  1278  1278 D RuntimeIPCServiceClient: initialize. inContext: com.oculus.os.DialogContext@a35e1c6processName: com.android.systemui
07-12 14:55:58.120  1721  1721 D RuntimeIPCService: onStartCommand
07-12 14:55:58.120  1278 24649 I AsyncTaskMgr: MainLoop starting
07-12 14:55:58.120  1278  1278 I AsyncTaskMgr: Init SUCCESS
07-12 14:55:58.120  1278  1278 I ServerStateMgr: Init
07-12 14:55:58.120  1278  1278 I ServerStateMgr: Init
07-12 14:55:58.120  1278  1278 D ThreadHelpers: RuntimeIPC: ThreadBase: Shutdown
07-12 14:55:58.120   696  1378 I netd    : trafficSwapActiveStatsMap() <0.16ms>
07-12 14:55:58.120  1278  1278 D RuntimeIPCServiceClient: connectToService
07-12 14:55:58.120  1278  1278 D RuntimeIPCServiceClient: creating new service
07-12 14:55:58.121  1721  1721 D RuntimeIPCService: onStartCommand
07-12 14:55:58.122  1278  1278 D RuntimeIPCServiceClient: Waiting on ipc connection...
07-12 14:55:58.122  1278 24648 D RuntimeIPCServiceClient: Service connected: android.os.BinderProxy@e9830dd
07-12 14:55:58.123  1721  1741 D RuntimeIPCService: createClient: ProcessName: com.android.systemui
07-12 14:55:58.123  1721  1741 I RuntimeIPCService: CreateBrokerConnection: 1278:android.uid.systemui:10060:com.android.systemui
07-12 14:55:58.123  1721  1741 D ThreadHelpers: RuntimeIPC: ThreadBase: Shutdown
07-12 14:55:58.123  1721  1741 D RuntimeIPCService: createClient: 1649117565, android.os.BinderProxy@c7e9899, android.uid.systemui:10060
07-12 14:55:58.123  1278  1278 D RuntimeIPCServiceClient: ipc connectionIsReady: true
07-12 14:55:58.123  1278  1278 D RuntimeIPCServiceClient: ipc context.bindService SUCCESS
07-12 14:55:58.124  1278  1278 D ThreadHelpers: RuntimeIPC: ThreadBase: Shutdown
07-12 14:55:58.126   696  1378 W IptablesRestoreController: iptables-restore process 24650 terminated status=256
07-12 14:55:58.126   696  1378 E IptablesRestoreController: iptables error:
07-12 14:55:58.126   696  1378 E IptablesRestoreController: ------- COMMAND -------
07-12 14:55:58.126   696  1378 E IptablesRestoreController: *filter
07-12 14:55:58.126   696  1378 E IptablesRestoreController: -nvx -L tetherctrl_counters
07-12 14:55:58.126   696  1378 E IptablesRestoreController: COMMIT
07-12 14:55:58.126   696  1378 E IptablesRestoreController: 
07-12 14:55:58.126   696  1378 E IptablesRestoreController: -------  ERROR -------
07-12 14:55:58.126   696  1378 E IptablesRestoreController: iptables-restore: line 2 failed
07-12 14:55:58.126   696  1378 E IptablesRestoreController: ----------------------
07-12 14:55:58.126   696  1378 I netd    : tetherGetStats() -> ServiceSpecificException(1, "[Operation not permitted] : failed to fetch tether stats (0): -1") <4.53ms>
07-12 14:55:58.126  1278  1278 D RuntimeIPCServiceClient: ensureServiceStarted: com.oculus.systemdriver, com.oculus.vrruntimeservice.VrRuntimeService
07-12 14:55:58.126  1278  1278 D RuntimeIPCServiceClient: startService: Intent=Intent { cmp=com.oculus.systemdriver/com.oculus.vrruntimeservice.VrRuntimeService }
07-12 14:55:58.127  1278  1278 D RuntimeIPCServiceClient: ensureServiceStarted SUCCESS: com.oculus.systemdriver, com.oculus.vrruntimeservice.VrRuntimeService
07-12 14:55:58.127  1748  1748 D VrRuntimeService: onStartCommand
07-12 14:55:58.128  1748  1855 I IPCSharedMemory: CreateSharedMemory: Allocated shared memory fd 46 (ipcStateReadWrite)
07-12 14:55:58.128  1748  1855 I IPCSharedMemory: CreateSharedMemory: Allocated shared memory fd 52 (ipcReadOnlyState)
07-12 14:55:58.128  1748  1855 I JniUtils: Creating temporary JNIEnv. This is a heavy operation and should be infrequent. To optimize, use JNI AttachCurrentThread on calling thread
07-12 14:55:58.128  1748  1855 I chatty  : uid=10026(com.oculus.systemdriver) com.oculus.vrruntimeservice identical 2 lines
07-12 14:55:58.128  1748  1855 I JniUtils: Creating temporary JNIEnv. This is a heavy operation and should be infrequent. To optimize, use JNI AttachCurrentThread on calling thread
07-12 14:55:58.129  1748  1855 I ServerProcessConnector: HandleClientConnect: Client: android.uid.systemui:10060:com.android.systemui:1278, Server: com.oculus.systemdriver:com.oculus.vrruntimeservice:1748 (RuntimeServiceServer)
07-12 14:55:58.129  2873 24556 I [SEO] AudioEngine: Notifying VrThread to shutdown.
07-12 14:55:58.129  2873 24556 D         : PlayerBase::stop() from IPlayer
07-12 14:55:58.129  2873 24556 D AudioTrack: stop(239): called with 752640 frames delivered
07-12 14:55:58.129  2873  3038 I [SEO] AudioEngine: Stopping player
07-12 14:55:58.129  1062  1094 E NetworkStats: problem reading network stats
07-12 14:55:58.129  1062  1094 E NetworkStats: java.lang.IllegalStateException: problem parsing tethering stats: 
07-12 14:55:58.129  1062  1094 E NetworkStats: 	at com.android.server.NetworkManagementService$NetdTetheringStatsProvider.getTetherStats(NetworkManagementService.java:1568)
07-12 14:55:58.129  1062  1094 E NetworkStats: 	at com.android.server.NetworkManagementService.getNetworkStatsTethering(NetworkManagementService.java:1608)
07-12 14:55:58.129  1062  1094 E NetworkStats: 	at com.android.server.net.NetworkStatsService.getNetworkStatsTethering(NetworkStatsService.java:1717)
07-12 14:55:58.129  1062  1094 E NetworkStats: 	at com.android.server.net.NetworkStatsService.getNetworkStatsUidDetail(NetworkStatsService.java:1670)
07-12 14:55:58.129  1062  1094 E NetworkStats: 	at com.android.server.net.NetworkStatsService.getDetailedUidStats(NetworkStatsService.java:812)
07-12 14:55:58.129  1062  1094 E NetworkStats: 	at com.android.internal.os.BatteryStatsImpl.readNetworkStatsLocked(BatteryStatsImpl.java:10695)
07-12 14:55:58.129  1062  1094 E NetworkStats: 	at com.android.internal.os.BatteryStatsImpl.updateWifiState(BatteryStatsImpl.java:10718)
07-12 14:55:58.129  1062  1094 E NetworkStats: 	at com.android.server.am.BatteryExternalStatsWorker.updateExternalStatsLocked(BatteryExternalStatsWorker.java:504)
07-12 14:55:58.129  1062  1094 E NetworkStats: 	at com.android.server.am.BatteryExternalStatsWorker.access$900(BatteryExternalStatsWorker.java:62)
07-12 14:55:58.129  1062  1094 E NetworkStats: 	at com.android.server.am.BatteryExternalStatsWorker$1.run(BatteryExternalStatsWorker.java:362)
07-12 14:55:58.129  1062  1094 E NetworkStats: 	at java.util.concurrent.Executors$RunnableAdapter.call(Executors.java:462)
07-12 14:55:58.129  1062  1094 E NetworkStats: 	at java.util.concurrent.FutureTask.run(FutureTask.java:266)
07-12 14:55:58.129  1062  1094 E NetworkStats: 	at java.util.concurrent.ScheduledThreadPoolExecutor$ScheduledFutureTask.run(ScheduledThreadPoolExecutor.java:301)
07-12 14:55:58.129  1062  1094 E NetworkStats: 	at java.util.concurrent.ThreadPoolExecutor.runWorker(ThreadPoolExecutor.java:1167)
07-12 14:55:58.129  1062  1094 E NetworkStats: 	at java.util.concurrent.ThreadPoolExecutor$Worker.run(ThreadPoolExecutor.java:641)
07-12 14:55:58.129  1062  1094 E NetworkStats: 	at com.android.server.am.BatteryExternalStatsWorker.lambda$new$0(BatteryExternalStatsWorker.java:80)
07-12 14:55:58.129  1062  1094 E NetworkStats: 	at com.android.server.am.-$$Lambda$BatteryExternalStatsWorker$ddVY5lmqswnSjXppAxPTOHbuzzQ.run(Unknown Source:2)
07-12 14:55:58.129  1062  1094 E NetworkStats: 	at java.lang.Thread.run(Thread.java:919)
07-12 14:55:58.129  1062  1094 E NetworkStats: Caused by: android.os.ServiceSpecificException: [Operation not permitted] : failed to fetch tether stats (0): -1 (code 1)
07-12 14:55:58.129  1062  1094 E NetworkStats: 	at android.os.Parcel.createException(Parcel.java:2085)
07-12 14:55:58.129  1062  1094 E NetworkStats: 	at android.os.Parcel.readException(Parcel.java:2039)
07-12 14:55:58.129  1062  1094 E NetworkStats: 	at android.os.Parcel.readException(Parcel.java:1987)
07-12 14:55:58.129  1062  1094 E NetworkStats: 	at android.net.INetd$Stub$Proxy.tetherGetStats(INetd.java:1795)
07-12 14:55:58.129  1062  1094 E NetworkStats: 	at com.android.server.NetworkManagementService$NetdTetheringStatsProvider.getTetherStats(NetworkManagementService.java:1566)
07-12 14:55:58.129  1062  1094 E NetworkStats: 	... 17 more
07-12 14:55:58.129  2873  3038 D         : PlayerBase::stop() from IPlayer
07-12 14:55:58.129  1278  1278 I RuntimeIPCClientMgr: TryToGetIPCResourcesFromServer: RPC_CONNECTOR_CONNECT_TO_SERVER SUCCESS: Client: android.uid.systemui:10060:com.android.systemui:1278, Server: com.oculus.systemdriver:com.oculus.vrruntimeservice (RuntimeServiceServer)
07-12 14:55:58.129  1278  1278 I RuntimeIPCClientMgr: EnsureServerConnection: SUCCESS. Client: android.uid.systemui:10060:com.android.systemui:1278, Server: com.oculus.systemdriver:com.oculus.vrruntimeservice (RuntimeServiceServer)
07-12 14:55:58.129  1278  1278 I RuntimeIPCClientMgr: ConnectToServer: SUCCESS: Client: android.uid.systemui:10060:com.android.systemui:1278, Server: com.oculus.systemdriver:com.oculus.vrruntimeservice (RuntimeServiceServer)
07-12 14:55:58.129  1278  1278 I VrRuntimeClient: g_RuntimeServiceSDKClient.Connected: com.oculus.systemdriver:com.oculus.vrruntimeservice
07-12 14:55:58.131  1241  1241 V AvrcpMediaPlayerList: onPlaybackConfigChanged(): Configs list size=50
07-12 14:55:58.131  2873  3038 D [SEO] ShellApplication: abandonAudioFocus
07-12 14:55:58.132  1062  1094 I DropBoxManagerService: add tag=system_server_wtf isTagEnabled=true flags=0x2
07-12 14:55:58.132  1062  3055 I MediaFocusControl: abandonAudioFocus() from uid/pid 10020/2873 clientId=android.media.AudioManager@aa1f8d5com.oculus.vrshell.ShellAudioFocusHandler@a8608ea
07-12 14:55:58.133  1241  1241 V AvrcpMediaPlayerList: onPlaybackConfigChanged(): Configs list size=49
07-12 14:55:58.137  2873  3038 I [SEO] TrackedKeyboardDeviceManager: Clearing all tracked keyboards
07-12 14:55:58.137  2873  3038 D [SEO] ShellApplication: setOverlayInputFocus: inputFocus=false shouldSupportIME=false
07-12 14:55:58.137  2873  3038 D [SEO] BaseOverlayService: setOverlayInputFocus : entrypoint - inputFocus=false shouldSupportIME=false
07-12 14:55:58.137  2873  3038 I VrApi   : ---------- vrapi_LeaveVrMode [start] ----------
07-12 14:55:58.137  2873  2873 D [SEO] BaseOverlayService: detachServiceWindowView
07-12 14:55:58.139  2873  3038 D VrApi   : targetSDKVersion 29
07-12 14:55:58.140  2873  3038 I VrRuntimeClient: DEVICE MODEL NUMBER = Quest 2
07-12 14:55:58.140  2873  3038 I VrRuntimeClient: DEVICE BUILD NAME = user-17007100222900000
07-12 14:55:58.140  2873  3038 I VrRuntimeClient: DEVICE BUILD TYPE = user
07-12 14:55:58.140  2873  3038 I VrRuntimeClient: DEVICE OS VERSION = 10
07-12 14:55:58.140  2873  3038 I VrRuntimeClient: API LOADER VERSION = 1.41.0
07-12 14:55:58.140  2873  3038 I VrRuntimeClient: RUNTIME API VERSION = 1.47.0
07-12 14:55:58.140  2873  3038 I VrRuntimeClient: RUNTIME VERSION = 30.1.0.61.350 Jun 21 2021 20:32:06 RELEASE
07-12 14:55:58.140  2873  3038 I VrRuntimeClient: APP NAME = Oculus App Runtime
07-12 14:55:58.140  2873  3038 I VrRuntimeClient: APP VERSION = 30.1.0.60.351 versionCode 300158234 internalVersionName 30.1.0.60.351.934937bf5ae1 2021_06_21_20_33
07-12 14:55:58.140  2873  3038 I VrRuntimeClient: APP VR TYPE = vr_only
07-12 14:55:58.140  2873  3038 I VrRuntimeClient: APP MODE TYPE = VR
07-12 14:55:58.140  2873  3038 I VrRuntimeClient: APP PACKAGE NAME = com.oculus.vrshell
07-12 14:55:58.140  2873  3038 I VrRuntimeClient: APP ACTIVITY CLASS = com.oculus.os.WindowTokenContext
07-12 14:55:58.140  2873  3038 D BatteryReceiver: Unregistering battery receiver
07-12 14:55:58.141  2873  3038 I Sensor  : OSSDKTRACKING Shutdown tracking
07-12 14:55:58.145  2873 24549 I VrRuntimeDeviceConfigClient: GetGatekeeper cached result: oculus_mobile_disable_non_hands_app_hands_usage Not enabled
07-12 14:55:58.146  1479  1479 D OculusNotificationListenerService: Notification removed: 0|android|0|com.android.server.wm.AlertWindowNotification - com.oculus.vrshell|1000
07-12 14:55:58.148  2873  3038 I VrApi   : OVR::Stats thread stopped
07-12 14:55:58.148  2873  3038 I InputDeviceManager: ovrInputDeviceManager::~ovrInputDeviceManager
07-12 14:55:58.148  2873  3038 I HandDataQuerier: OSSDKTRACKING shutting down HandsTracker
07-12 14:55:58.148  2873  3038 I HandDataQuerier: OSSDKTRACKING shutting down HandsTracker
07-12 14:55:58.148  2873  3038 I InputDevice_TrackedRemote: OSSDKTRACKING shutting down Haptics
07-12 14:55:58.148  2873  3038 I InputDevice_TrackedRemote: OSSDKTRACKING shutting down Haptics
07-12 14:55:58.148  2873  3038 D OsSdk   : TrackingServiceConnection dtor
07-12 14:55:58.148   835 24541 I TrackingService: Unregistering client by ITrackingService.unregisterClient
07-12 14:55:58.148   835 24541 I TrackingService: TrackingServiceHost Unregistering client: com.oculus.vrshell#2873
07-12 14:55:58.148  2873  3038 D OsSdk   : TrackingServiceConnection unregistered
07-12 14:55:58.149  2898  2898 I [OAO] VrNotificationListenerService: onNotificationRemoved(): key = 0|android|0|com.android.server.wm.AlertWindowNotification - com.oculus.vrshell|1000, type = third_party
07-12 14:55:58.149  2898  2898 I [OAO] VrNotificationListenerService: onNotificationRemoved(): user|package|tag|id = UserHandle{0}|android|com.android.server.wm.AlertWindowNotification - com.oculus.vrshell|0
07-12 14:55:58.150  2873 24547 I ClientInputThread_Internal: InputThreadRun ShutdownRequest received
07-12 14:55:58.150  2873  2873 D [SEO] BaseOverlayService: setOverlayInputFocus : completed - inputFocus=false shouldSupportIME=false actionTaken:true
07-12 14:55:58.150  2873  3038 D InputHooksJava: Disabling Java Input Hooks
07-12 14:55:58.150  2873  3038 I ClientInputTrackedObjectManager: TRACKEDKEYBOARD ClearTrackedObjectManager called on client
07-12 14:55:58.150  1748  3157 I VrRuntimeService: RuntimeServiceSDKServer::EnableRendering: 0x0, 0, com.oculus.vrshell:EnvOverlay
07-12 14:55:58.150  1748  3157 I ClientMgr: ClientMgr::EnableRendering 2873:com.oculus.vrshell : type 1 comp-id 4: disable
07-12 14:55:58.150  1748  3157 I VrRuntimeServer: DisableCompositorClient: 4
07-12 14:55:58.150  1748  3157 I TimeWarpClientMgr: Disable client 4
07-12 14:55:58.150  1748  3157 I TimeWarpClientMgr: DisableClient: frame flush required: 1
07-12 14:55:58.155  3244  3244 D [SUI] NotificationBroadcastReceiver: action: com.oculus.intent.action.NOTIF_CHANGE
07-12 14:55:58.156  3244  3244 I NotificationManagerSourceHandler: Dataset has changed
07-12 14:55:58.158  2898  2898 D VrNotificationAnalytics: logNotificationRemoved(third_party)
07-12 14:55:58.159  2898  2898 D DeviceHelper: isScreenOn = true
07-12 14:55:58.159  2898  2898 D [OAO] ShellOverlayBroadcastReceiver: onReceive with ShellOverlayService native pointer 3993085112, action com.oculus.vrshell.intent.action.DISMISS_NOTIFICATION
07-12 14:55:58.159  2898  2898 D [OAO] RssdkHelper: getCurrentPackageInfo
07-12 14:55:58.159  2898  2898 I [OAO] RssdkHelperJNI: Java_com_oculus_common_navigation_RssdkHelper_nativeGetCurrentPackageInfo
07-12 14:55:58.159  2898  2898 I [OAO] RssdkHelperJNI: NativeGetCurrentPackageInfo - str combined: 'com.oculus.shellenv true'
07-12 14:55:58.159  2898  2898 D [OAO] PrimaryPackage: Shell or ShellEnv foreground
07-12 14:55:58.161  2740  2740 D [OAR] RssdkHelper: getCurrentPackageInfo
07-12 14:55:58.161  2740  2740 I [SEO] RssdkHelperJNI: Java_com_oculus_common_navigation_RssdkHelper_nativeGetCurrentPackageInfo
07-12 14:55:58.161  2740  2740 I [SEO] RssdkHelperJNI: NativeGetCurrentPackageInfo - str combined: 'com.oculus.shellenv true'
07-12 14:55:58.161  2740  2740 D [OAR] ShellControlProtectedReceiver: onReceive with MainActivity native pointer 0, action com.oculus.vrshell.intent.action.DISMISS_NOTIFICATION
07-12 14:55:58.161  2740  2740 D DeviceHelper: isScreenOn = true
07-12 14:55:58.162  2740  2740 D [OAR] PrimaryPackage: ShellEnv is in the foreground
07-12 14:55:58.165  2873  2873 D [SEO] ShellEnvOverlayService: onStartCommand() with action com.oculus.vrshell.SHELL_ENV_BROADCAST_INTENT
07-12 14:55:58.166  1748  3157 I UnifiedTelemetryWrapper: Stopped UT session render:com.oculus.vrshell:EnvOverlay
07-12 14:55:58.167  2873 24561 I FenceChecker: FenceChecker::MainLoop - ended
07-12 14:55:58.167  2898  2898 I [OAO] ShellOverlayService: onStartCommand(): Intent { act=com.oculus.vrshell.intent.action.DISMISS_NOTIFICATION flg=0x10 pkg=com.oculus.vrshell cmp=com.oculus.vrshell/.ShellOverlayService (has extras) }
07-12 14:55:58.167  2898  2898 I [OAO] ShellOverlayServiceJNI: NativeWake
07-12 14:55:58.167  2898  2898 I [OAO] ShellOverlayMain: WakeVrThread
07-12 14:55:58.167  2898  2898 I [OAO] ShellOverlayMain: WakeVrThread - notifying vr thread
07-12 14:55:58.167  2873  3038 I VrApi   : ---------- vrapi_LeaveVrMode [end] ----------
07-12 14:55:58.167  1521 24555 W [CT]    : MIXEDREALITY: MrFeatureStatus: Status change from Created with the operation Pause is not allowed.
07-12 14:55:58.167  1521 24555 W [CT]    : MIXEDREALITY: MrFeatureStatus: clientChangeStatus: client 699285438 status change not allowed.
07-12 14:55:58.167  1521 24555 I [CT]    : MIXEDREALITY: MrFeatureStatus: Client status changed from Created to Destroyed.
07-12 14:55:58.168  1521  3316 I ServerProcessConnector: HandleClientDisconnect: Client: com.oculus.vrshell:com.oculus.vrshell:EnvOverlay:2873, Server: com.oculus.mrservice:com.oculus.mrservice:1521 (MrServiceIPCServer)
07-12 14:55:58.168  2873  3038 I RuntimeIPCClientMgr: RuntimeIPCClient: Shutdown: Client: com.oculus.vrshell:com.oculus.vrshell:EnvOverlay:2873, Server: com.oculus.mrservice:com.oculus.mrservice (MrServiceIPCServer)
07-12 14:55:58.168  2873  3038 I RuntimeIPCApi: ipc_Shutdown
07-12 14:55:58.168  2873  3038 I RuntimeIPCServiceClient: Shutdown: Refs still outstanding: 7, com.oculus.vrshell:EnvOverlay
07-12 14:55:58.168  2873  3038 I [SEO] ShellFrameAnalytics: ShellFrame frameFunction: 11130us/12531117us, trace: 0us/1us, process commands: 56us/1179us, system update: 396us/11994us, render 123us/2170us, post render 0us/0us
07-12 14:55:58.168  2873  3038 I [SEO] ShellFrameAnalytics: Shell Heartbeat focusedPanelTimeSpent: {"3":15706,"48":89} visibleTimeSpent: {"50":14945,"48":89,"3":15795} inputTimeSpent: {"controller":15795} mouseClickCount: 0 mouseMoveTimeSpent: 0 mouseScrollTimeSpent: 0 physicalKeyboardConnectedTimeSpent: 0 physicalKeyboardTrackedTimeSpent: 0
07-12 14:55:58.168  2873  3038 I [SEO] PanelAppHost: PanelAppHost destructor: id 50 com.oculus.systemux/com.oculus.panelapp.anytimeui.AnytimeUIAndroidPanelService
07-12 14:55:58.168  2873  3038 I [SEO] PanelAppHost: Panel app 50 (com.oculus.systemux/com.oculus.panelapp.anytimeui.AnytimeUIAndroidPanelService) changing state from foreground to shutdown
07-12 14:55:58.168  1521 24555 W PipeUtils: RuntimeIPC: ReadFromPipeInternal: read failed: 0, Success
07-12 14:55:58.168  1521 24555 W PipeUtils: RuntimeIPC: ReadFromPipe: ReadFromPipeInternal FAILED
07-12 14:55:58.168  2873  3038 D [SEO] ShellApplication: Unbinding service for panel app id 50
07-12 14:55:58.168  1521 24555 W RuntimeIPCServerMgr: RPCClientHandler::MainLoop: Error reading pipe: Client: com.oculus.vrshell:com.oculus.vrshell:EnvOverlay:2873, Server: com.oculus.mrservice:com.oculus.mrservice (MrServiceIPCServer)
07-12 14:55:58.168  1521 24555 I [CT]    : MIXEDREALITY: MrServiceIPCServer: MrServiceIPCServer::onClientDisconnected
07-12 14:55:58.168  1521 24555 I [CT]    : MIXEDREALITY: MrServiceController: clientDisconnected: 699285438/com.oculus.vrshell/com.oculus.vrshell:EnvOverlay:2873
07-12 14:55:58.168  1521 24555 I [CT]    : MIXEDREALITY: ClientsStatus: ====== Connected clients ======
07-12 14:55:58.168  1521 24555 I [CT]    : MIXEDREALITY: ClientsStatus: Client: 699285438/com.oculus.vrshell/com.oculus.vrshell:EnvOverlay:2873
07-12 14:55:58.168  1521 24555 I [CT]    : MIXEDREALITY: ClientsStatus:    [Passthrough] -> Destroyed
07-12 14:55:58.168  1521 24555 I [CT]    : MIXEDREALITY: ClientsStatus:    [Freespace] -> Destroyed
07-12 14:55:58.168  1521 24555 I [CT]    : MIXEDREALITY: ClientsStatus: Client: 3100882408/com.oculus.guardian/com.oculus.vrguardianservice:1946
07-12 14:55:58.168  1521 24555 I [CT]    : MIXEDREALITY: ClientsStatus:    [Passthrough] -> Paused
07-12 14:55:58.168  1521 24555 I [CT]    : MIXEDREALITY: ClientsStatus:    [Freespace] -> Created
07-12 14:55:58.168  1521 24555 I [CT]    : MIXEDREALITY: ClientsStatus: ===============================
07-12 14:55:58.168  1521 24555 I [CT]    : MIXEDREALITY: MrClientModelStates: unregisterClient: For client 699285438.
07-12 14:55:58.168  1521 24555 I [CT]    : MIXEDREALITY: MrClientModelStates: ==== Known clients ====
07-12 14:55:58.168  1521 24555 I [CT]    : MIXEDREALITY: MrClientModelStates:   ID: 699285438 layers: 0 meshes: 0 geometries: 0 shaders: 0
07-12 14:55:58.168  1521 24555 I [CT]    : MIXEDREALITY: MrClientModelStates:   ID: 3100882408 layers: 1 meshes: 0 geometries: 0 shaders: 1
07-12 14:55:58.168  1521 24555 I [CT]    : MIXEDREALITY: MrClientModelStates: ==== Known clients ====
07-12 14:55:58.168  1521 24555 I [CT]    : MIXEDREALITY: MrClientModelStates:   ID: 3100882408 layers: 1 meshes: 0 geometries: 0 shaders: 1
07-12 14:55:58.168  1521 24555 I [CT]    : MIXEDREALITY: ClientsStatus: Unregistration from 699285438/com.oculus.vrshell/com.oculus.vrshell:EnvOverlay:2873 accepted.
07-12 14:55:58.170  3244  3244 I PanelService: VR Shell socket closed(ECONNRESET); shutting down fd: 221
07-12 14:55:58.170  3244  3244 I PanelService: Quitting application via hardExit flag due to unexpected socket closure on fd 221.
07-12 14:55:58.170  3244  3244 I AndroidPanelApp: Destroyed
07-12 14:55:58.170  3244  3244 D [SUI] HostView: Destroying HostView
07-12 14:55:58.170  3244  3244 D [SUI] EmptyView: Hiding EmptyView
07-12 14:55:58.170  3244  3244 D [SUI] EmptyView: Destroying EmptyView
07-12 14:55:58.170  2873  3038 I [SEO] ShellEnvSwapChainApi: Destroying SwapChain:0xbff58680
07-12 14:55:58.170  2898  3227 I [OAO] ShellOverlayApp: VrThread woke up
07-12 14:55:58.170  2873  3038 I [SEO] ShellEnvSwapChainApi: Destroying SwapChain:0xbff584a0
07-12 14:55:58.170  2898  3227 I [OAO] ShellOverlayApp: 0xc3b47c40 msg: broadcastIntent:
07-12 14:55:58.170  2898  3227 I [OAO] ShellOverlayApp: intent_action = com.oculus.vrshell.intent.action.DISMISS_NOTIFICATION
07-12 14:55:58.170  2898  3227 I [OAO] ShellOverlayApp: status_bar_notification = 0|android|0|com.android.server.wm.AlertWindowNotification - com.oculus.vrshell|1000
07-12 14:55:58.170  2898  3227 I [OAO] ShellOverlayApp: shellenv.original_action = com.oculus.vrshell.intent.action.DISMISS_NOTIFICATION
07-12 14:55:58.170  2898  3227 I [OAO] ShellOverlayApp: ProcessMessage_Broadcast: com.oculus.vrshell.intent.action.DISMISS_NOTIFICATION
07-12 14:55:58.170  2873  3038 I [SEO] ShellEnvSwapChainApi: Destroying SwapChain:0xbff58b80
07-12 14:55:58.170  2898  3227 I VrApi   : Unhandled ovrRuntime Event 13
07-12 14:55:58.171  2873  3038 I [SEO] ShellEnvSwapChainApi: Destroying SwapChain:0xbff58ae0
07-12 14:55:58.171  3244  3244 D [SUI] ContentHostView: Destroying ContentHostView
07-12 14:55:58.171  3244  3244 D [SUI] EmptyContentView: Hiding EmptyContentView
07-12 14:55:58.171  2898  3227 I [OAO] ShellOverlayApp: Start sleep timeout. Now:9708.145847, Timeout:9710.145847
07-12 14:55:58.171  3244  3244 D [SUI] EmptyContentView: Destroying EmptyContentView
07-12 14:55:58.171  3244  3244 D [SUI] NavHostView: Destroying NavHostView
07-12 14:55:58.172  2873  3038 I [SEO] ShellEnvSwapChainApi: Destroying SwapChain:0xc1534660
07-12 14:55:58.172  2873  3038 I [SEO] SystemTabletController: Reset, reason: 5, taskBarVisibility: 1
07-12 14:55:58.172  2873  3038 I [SEO] SystemDialogController: Reset
07-12 14:55:58.172  2873  3038 I [SEO] DialogControllerManager: Reset
07-12 14:55:58.174  3244  3244 D [SUI] AnytimeUIPanelAppBase: Releasing viewModel SettingsViewModel refCount: 1
07-12 14:55:58.174  3244  3244 D [SUI] AnytimeUIPanelAppBase: Releasing viewModel RunningAppsViewModel refCount: 0
07-12 14:55:58.174  3244  3244 D [SUI] AnytimeUIPanelAppBase: Releasing viewModel DestinationUIViewModel refCount: 2
07-12 14:55:58.174  3244  3244 D [SUI] AnytimeUIPanelAppBase: Releasing viewModel SharingViewModel refCount: 0
07-12 14:55:58.174  3244  3244 D [SUI] SharingViewModel: Destroying ViewModel
07-12 14:55:58.174  3244  3244 D [SUI] SharingViewModel: clearAbuseReportRecordingTimer
07-12 14:55:58.174  3244  3244 D [SUI] BarView: Destroying BarView
07-12 14:55:58.174  3244  3244 D [SUI] SocialViewModel: removeObserver(): 
07-12 14:55:58.174  3244  3244 D [SUI] AnytimeUIPanelAppBase: Releasing viewModel SocialViewModel refCount: 2
07-12 14:55:58.174  3244  3244 D [SUI] AnytimeUIPanelAppBase: Releasing viewModel SystemStatusViewModel refCount: 0
07-12 14:55:58.174  3244  3244 D [SUI] AnytimeUIPanelAppBase: Releasing viewModel BarViewModel refCount: 1
07-12 14:55:58.174  3244  3244 D [SUI] StatusViewModel: Destroying ViewModel
07-12 14:55:58.177  1521  3155 I [CT]    : MIXEDREALITY: MrClientModelStates: Cleaned up resources for client 699285438
07-12 14:55:58.179  3244  3244 D [SUI] AnytimeUIPanelAppBase: Releasing viewModel ActiveCallBarViewModel refCount: 1
07-12 14:55:58.179  3244  3244 D [SUI] DynamicAppsView: Destroying dynamic apps view on bar
07-12 14:55:58.179  3244  3244 D [SUI] SocialViewModel: removePartyObserver(): -$$Lambda$BarView$OXSSmDgP5ofEay2yhrV-JznDm-k
07-12 14:55:58.179  3244  3244 D [SUI] AnytimeUIPanelAppBase: Releasing viewModel BarPinnedAppsViewModel refCount: 1
07-12 14:55:58.179  3244  3244 D [SUI] AnytimeUIPanelAppBase: Releasing viewModel ActiveCallBarViewModel refCount: 0
07-12 14:55:58.179  3244  3244 D [SUI] AnytimeUIPanelAppBase: Releasing viewModel SocialViewModel refCount: 1
07-12 14:55:58.179  3244  3244 D [SUI] AnytimeUIPanelAppBase: Releasing viewModel BarViewModel refCount: 0
07-12 14:55:58.179  3244  3244 D [SUI] BarViewModel: Destroying BarViewModel
07-12 14:55:58.179  3244  3244 D [SUI] AnytimeUIPanelAppBase: Releasing viewModel SettingsViewModel refCount: 0
07-12 14:55:58.179  3244  3244 D [SUI] SettingsViewModel: Destroying ViewModel
07-12 14:55:58.187   727   956 D msm8974_platform: platform_split_snd_device: snd_device(2) num devices(1) new_snd_devices(0)
07-12 14:55:58.187   727   956 D ACDB-LOADER: ACDB -> send_audvoltable
07-12 14:55:58.187   727   956 D ACDB-LOADER: ACDB -> ACDB_CMD_GET_AUDPROC_INSTANCE_GAIN_DEP_STEP_TABLE_SIZE
07-12 14:55:58.187   727   956 D ACDB-LOADER: ACDB -> ACDB_CMD_GET_AUDPROC_INSTANCE_GAIN_DEP_STEP_TABLE, vol index 1
07-12 14:55:58.187   727   956 D ACDB-LOADER: ACDB -> AUDIO_SET_VOL_CAL cal type = 40
07-12 14:55:58.188   727   956 D msm8974_platform: platform_split_snd_device: snd_device(2) num devices(1) new_snd_devices(0)
07-12 14:55:58.188   727   956 D ACDB-LOADER: ACDB -> send_audvoltable
07-12 14:55:58.188   727   956 D ACDB-LOADER: ACDB -> ACDB_CMD_GET_AUDPROC_INSTANCE_GAIN_DEP_STEP_TABLE_SIZE
07-12 14:55:58.188   727   956 D ACDB-LOADER: ACDB -> ACDB_CMD_GET_AUDPROC_INSTANCE_GAIN_DEP_STEP_TABLE, vol index 1
07-12 14:55:58.188   727   956 D ACDB-LOADER: ACDB -> AUDIO_SET_VOL_CAL cal type = 40
07-12 14:55:58.189  3244  3244 D [SUI] AnytimeUIPanelAppBase: Releasing viewModel StatusViewModel refCount: 2
07-12 14:55:58.192   880   880 I adbd    : UsbFfs: already offline
07-12 14:55:58.192   880   880 I adbd    : Calling send_auth_request...
07-12 14:55:58.194  1748  1851 D RuntimeIPCServerMgr: RegisterClient: Client: android.uid.systemui:10060:com.android.systemui:1278, Server: com.oculus.systemdriver:com.oculus.vrruntimeservice (RuntimeServiceServer)
07-12 14:55:58.195  1748 24655 I VrRuntimeService: RuntimeIPC: IPC_SYSTEM_EVENT_CLIENT_CONNECTED_EXT: com.android.systemui:1278, Version: 1.0, Custom: 1.0
07-12 14:55:58.195  1748 24655 I VrRuntimeService: RuntimeIPC: SendPrimaryPackageChangeEvent: PostClientEvent SUCCESS: android.uid.systemui:10060:com.android.systemui:1278, com.oculus.shellenv, com.oculus.shellenv
07-12 14:55:58.195  1748 24655 I VrRuntimeService: RuntimeIPC: SendFocusChangeEvent: PostClientEvent SUCCESS: android.uid.systemui:10060:com.android.systemui:1278, com.oculus.vrshell, com.oculus.vrshell:EnvOverlay
07-12 14:55:58.195  1748 24655 I VrRuntimeService: RuntimeServiceSDKServer::RegisterClient: com.android.systemui
07-12 14:55:58.195  1748 24655 I ClientMgr: ClientMgr::CreateClient: 1278:android.uid.systemui:10060
07-12 14:55:58.195  1748 24655 I ClientMgr: CliengMgr: Client session placement = 0
07-12 14:55:58.195  1748 24655 I TimeWarpClientMgr: Register client 58
07-12 14:55:58.195  1748 24655 I VrRuntimeServer: RegisterCompositorClient client(58)
07-12 14:55:58.195  1748 24655 I SharedMemoryServer: SharedMemoryServer::MapMemory: Allocated shared memory fd 185 (VrRuntimeService_PrivateReadWrite_android.uid.systemui:10060)
07-12 14:55:58.195  1748 24655 I ClientMgr: AddClient: android.uid.systemui:10060:com.android.systemui:1278
07-12 14:55:58.195  1748 24655 I ClientMgr: CreateClient: Sending PrimaryPackageChangeEvent outside of normal operation for OS dialog.
