07-12 14:55:43.509  1062  1083 I DisplayManagerService: Display device changed state: "com.oculus.android_panel_app.AndroidPanelLayer-tabletContent", ON
07-12 14:55:43.509  3244  3244 I AndroidPanelLayer: Unhiding layer tabletContent
07-12 14:55:43.514  1062 19574 E WindowManager: App trying to use insecure INPUT_FEATURE_NO_INPUT_CHANNEL flag. Ignoring
07-12 14:55:43.516  3244  3244 I [SUI] AnytimeUIAndroidPanelApp: handleGenericMessage appStatus {"appState":[{"name":"com.oculus.explore/com.oculus.explore.PanelService","panels":[{"panelId":3,"state":"Focused"}]}],"mostRecent":["com.oculus.explore/com.oculus.explore.PanelService"]}
07-12 14:55:43.517  3244  3244 D [SUI] DynamicAppsViewModel: Updating app states
07-12 14:55:43.517  3244  3244 I [SUI] AnytimeUIAndroidPanelApp: handleGenericMessage updateGuardianConfigValue 10 0.000000
07-12 14:55:43.517  3244  3244 I [SUI] AnytimeUIAndroidPanelApp: handleGenericMessage activeComponent com.oculus.systemux/com.oculus.panelapp.anytimeui.AnytimeUIAndroidPanelService 
07-12 14:55:43.517  3244  3244 I [SUI] AnytimeUIAndroidPanelApp: handleActiveComponent - com.oculus.systemux/com.oculus.panelapp.anytimeui.AnytimeUIAndroidPanelService, returnComponent = 
07-12 14:55:43.518  1465 24589 W ContextImpl: Calling a method in the system process without a qualified user: android.app.ContextImpl.sendBroadcast:1057 android.content.ContextWrapper.sendBroadcast:448 X.ul.A00:155 X.ul.handleMessage:60437 android.os.Handler.dispatchMessage:107 
07-12 14:55:43.522  3244  3244 D [SUI] AnytimeUIAndroidPanelApp: ShellEnv is running
07-12 14:55:43.524  3244  3244 D [SUI] SharingViewModel: clearAbuseReportRecordingTimer
07-12 14:55:43.524  3244  3244 I [SUI] AnytimeUIAndroidPanelApp: updateGuardianStatus - false - 2 - false - true
07-12 14:55:43.524  3244  3244 D [SUI] SocialViewModel: refreshHiPriData()
07-12 14:55:43.524  3244  3244 D [SUI] SocialViewModel: loadFriends()
07-12 14:55:43.524  3244  3244 D [SUI] SocialViewModel: refreshLowPriData()
07-12 14:55:43.524  3244  3244 D [SUI] SocialViewModel: loadPYMKs()
07-12 14:55:43.524  3244  3244 D [SUI] SocialViewModel: loadJoinableParties()
07-12 14:55:43.524  3244  3244 D [SUI] SocialViewModel: loadSocialViewerInfo()
07-12 14:55:43.524  3244  3244 D [SUI] SocialViewModel: refresPartyData()
07-12 14:55:43.525  3244  3244 I AndroidPanelApp: Processing pending show layer info for layer #main with width 800 and height 110.
07-12 14:55:43.525  3244  3244 I AndroidPanelApp: layerSupersample no changes
07-12 14:55:43.525  3244  3244 I AndroidPanelApp: Processing pending show layer info for layer tablet with width 960 and height 425.
07-12 14:55:43.525  3244  3244 I AndroidPanelApp: layerSupersample no changes
07-12 14:55:43.525  3244  3244 I AndroidPanelApp: Processing pending show layer info for layer tabletNav with width 270 and height 425.
07-12 14:55:43.525  3244  3244 I AndroidPanelApp: layerSupersample no changes
07-12 14:55:43.525  3244  3244 I AndroidPanelApp: Processing pending show layer info for layer tabletContent with width 690 and height 425.
07-12 14:55:43.525  3244  3244 I AndroidPanelApp: layerSupersample no changes
07-12 14:55:43.525  3244  3244 I Choreographer: Skipped 82 frames!  The application may be doing too much work on its main thread.
07-12 14:55:43.536  3244  3244 I AndroidPanelApp: measureLayerView adjusting initial height from 110 to 1250 due to resize behavior.
07-12 14:55:43.536  3244  3244 I AndroidPanelApp: measureLayerView with initial width 800, initial height 1250, resize behavior WRAP_CONTENT_HEIGHT.
07-12 14:55:43.536  3244  3244 I AndroidPanelApp: Measured width 800 and height 110.
07-12 14:55:43.541  2898  3227 I [OAO] PanelAppHost: Resize layer #main to size 800 x 110 shape:1 stereo:0
07-12 14:55:43.541  2898  3227 I [OAO] PanelRenderLayer: ResetSurface 800 x 110 - shape:1 stereo:0
07-12 14:55:43.541  2898  3227 I [OAO] PanelAppHost: Resize layer tablet to size 960 x 425 shape:1 stereo:0
07-12 14:55:43.542  2898  3227 I [OAO] PanelRenderLayer: ResetSurface 960 x 425 - shape:1 stereo:0
07-12 14:55:43.542  1748  3216 I VrRuntimeService: UpdateAndroidSurfaceSwapChainDimensions: 679: 960x425
07-12 14:55:43.542  1748  3216 I VrRuntimeService: UpdateSwapChainSamplerState: 679
07-12 14:55:43.542  1748  3216 I VrRuntimeService: UpdateSwapChainSamplerState: minFilter=1 magFilter=1 wrapModeS=3 warpModeT=3 maxAniso=1.000000 border={0.000000,0.000000,0.000000,0.000000} swizzle={1903,1904,1905,1906}
07-12 14:55:43.542  2898  3227 I [OAO] PanelAppHost: Resize layer tabletNav to size 270 x 425 shape:1 stereo:0
07-12 14:55:43.542  2898  3227 I [OAO] PanelRenderLayer: ResetSurface 270 x 425 - shape:1 stereo:0
07-12 14:55:43.542  1748  3216 I VrRuntimeService: UpdateAndroidSurfaceSwapChainDimensions: 682: 270x425
07-12 14:55:43.542  3244  3644 I OpenGLRenderer: Davey! duration=705ms; Flags=1, IntendedVsync=9692811710825, Vsync=9693495044131, OldestInputEvent=9223372036854775807, NewestInputEvent=0, HandleInputStart=9693500149833, AnimationStart=9693500173322, PerformTraversalsStart=9693500213947, DrawStart=9693511511187, SyncQueued=9693513387541, SyncStart=9693513684833, IssueDrawCommandsStart=9693513839572, SwapBuffers=9693516869103, FrameCompleted=9693517178947, DequeueBufferDuration=600000, QueueBufferDuration=169000, 
07-12 14:55:43.542  1748  3216 I VrRuntimeService: UpdateSwapChainSamplerState: 682
07-12 14:55:43.542  1748  3216 I VrRuntimeService: UpdateSwapChainSamplerState: minFilter=1 magFilter=1 wrapModeS=3 warpModeT=3 maxAniso=1.000000 border={0.000000,0.000000,0.000000,0.000000} swizzle={1903,1904,1905,1906}
07-12 14:55:43.543  2898  3227 I [OAO] PanelRenderLayer: Using layerTransform 2. layerWidth:270 , layerHeight:425
07-12 14:55:43.543  2898  3227 I [OAO] PanelAppHost: Resize layer tabletContent to size 690 x 425 shape:1 stereo:0
07-12 14:55:43.543  2898  3227 I [OAO] PanelRenderLayer: ResetSurface 690 x 425 - shape:1 stereo:0
07-12 14:55:43.543  1748  3216 I VrRuntimeService: UpdateAndroidSurfaceSwapChainDimensions: 684: 690x425
07-12 14:55:43.543  1748  3216 I VrRuntimeService: UpdateSwapChainSamplerState: 684
07-12 14:55:43.543  1748  3216 I VrRuntimeService: UpdateSwapChainSamplerState: minFilter=1 magFilter=1 wrapModeS=3 warpModeT=3 maxAniso=1.000000 border={0.000000,0.000000,0.000000,0.000000} swizzle={1903,1904,1905,1906}
07-12 14:55:43.543  2898  3227 I [OAO] PanelRenderLayer: Using layerTransform 2. layerWidth:690 , layerHeight:425
07-12 14:55:43.548  3244  3277 D [SUI] AnytimeUIPanelAppBase: Finished Initializing Oculus User Manager
07-12 14:55:43.554  3244  3644 I OpenGLRenderer: Davey! duration=716ms; Flags=1, IntendedVsync=9692811710825, Vsync=9693495044131, OldestInputEvent=9223372036854775807, NewestInputEvent=0, HandleInputStart=9693500149833, AnimationStart=9693500173322, PerformTraversalsStart=9693500213947, DrawStart=9693526904780, SyncQueued=9693527144624, SyncStart=9693527299937, IssueDrawCommandsStart=9693527328635, SwapBuffers=9693528359624, FrameCompleted=9693528653999, DequeueBufferDuration=484000, QueueBufferDuration=143000, 
07-12 14:55:43.571  3244  3644 I OpenGLRenderer: Davey! duration=733ms; Flags=1, IntendedVsync=9692811710825, Vsync=9693495044131, OldestInputEvent=9223372036854775807, NewestInputEvent=0, HandleInputStart=9693500149833, AnimationStart=9693500173322, PerformTraversalsStart=9693500213947, DrawStart=9693543407176, SyncQueued=9693543687749, SyncStart=9693543910353, IssueDrawCommandsStart=9693543952749, SwapBuffers=9693545498010, FrameCompleted=9693545754676, DequeueBufferDuration=942000, QueueBufferDuration=128000, 
07-12 14:55:43.585  3244  3644 I OpenGLRenderer: Davey! duration=747ms; Flags=1, IntendedVsync=9692811710825, Vsync=9693495044131, OldestInputEvent=9223372036854775807, NewestInputEvent=0, HandleInputStart=9693500149833, AnimationStart=9693500173322, PerformTraversalsStart=9693500213947, DrawStart=9693557464260, SyncQueued=9693557699364, SyncStart=9693557913426, IssueDrawCommandsStart=9693557942176, SwapBuffers=9693558925510, FrameCompleted=9693559598114, DequeueBufferDuration=311000, QueueBufferDuration=468000, 
07-12 14:55:43.585  3244  3244 I AndroidPanelApp: Processing next frame action "layerShow" for layer "#main"
07-12 14:55:43.585  3244  3244 I AndroidPanelApp: nextFrameAction(layerShow, #main)
07-12 14:55:43.585  3244  3244 I AndroidPanelApp: layerShow acknowledged for #main
07-12 14:55:43.585  3244  3244 I AndroidPanelApp: tryShowLayer(#main)
07-12 14:55:43.585  3244  3244 I AndroidPanelLayer: Showing layer #main
07-12 14:55:43.590  3244  3244 I AndroidPanelLayer: Unhiding layer #main
07-12 14:55:43.590  1062  1083 I DisplayManagerService: Display device changed state: "com.oculus.android_panel_app.AndroidPanelLayer-#main", ON
07-12 14:55:43.602  1062 17311 E WindowManager: App trying to use insecure INPUT_FEATURE_NO_INPUT_CHANNEL flag. Ignoring
07-12 14:55:43.604  3244  3244 I AndroidPanelApp: Processing next frame action "layerShow" for layer "tablet"
07-12 14:55:43.604  3244  3244 I AndroidPanelApp: nextFrameAction(layerShow, tablet)
07-12 14:55:43.604  3244  3244 I AndroidPanelApp: layerShow acknowledged for tablet
07-12 14:55:43.604  3244  3244 I AndroidPanelApp: tryShowLayer(tablet)
07-12 14:55:43.604  3244  3244 I AndroidPanelLayer: Showing layer tablet
07-12 14:55:43.608  3244  3244 I AndroidPanelLayer: Unhiding layer tablet
07-12 14:55:43.608  1062  1083 I DisplayManagerService: Display device changed state: "com.oculus.android_panel_app.AndroidPanelLayer-tablet", ON
07-12 14:55:43.616  1062 18599 E WindowManager: App trying to use insecure INPUT_FEATURE_NO_INPUT_CHANNEL flag. Ignoring
07-12 14:55:43.621  3244  3244 I AndroidPanelApp: Processing next frame action "layerShow" for layer "tabletNav"
07-12 14:55:43.621  3244  3244 I AndroidPanelApp: nextFrameAction(layerShow, tabletNav)
07-12 14:55:43.621  3244  3244 I AndroidPanelApp: layerShow acknowledged for tabletNav
07-12 14:55:43.621  3244  3244 I AndroidPanelApp: tryShowLayer(tabletNav)
07-12 14:55:43.621  3244  3244 I AndroidPanelLayer: Showing layer tabletNav
07-12 14:55:43.622  1062  1083 I DisplayManagerService: Display device changed state: "com.oculus.android_panel_app.AndroidPanelLayer-tabletNav", ON
07-12 14:55:43.622  3244  3244 I AndroidPanelLayer: Unhiding layer tabletNav
07-12 14:55:43.637  1062  4426 E WindowManager: App trying to use insecure INPUT_FEATURE_NO_INPUT_CHANNEL flag. Ignoring
07-12 14:55:43.642  3244  3244 I AndroidPanelApp: Processing next frame action "layerShow" for layer "tabletContent"
07-12 14:55:43.642  3244  3244 I AndroidPanelApp: nextFrameAction(layerShow, tabletContent)
07-12 14:55:43.642  3244  3244 I AndroidPanelApp: layerShow acknowledged for tabletContent
07-12 14:55:43.642  3244  3244 I AndroidPanelApp: tryShowLayer(tabletContent)
07-12 14:55:43.642  3244  3244 I AndroidPanelLayer: Showing layer tabletContent
07-12 14:55:43.645  1062  1083 I DisplayManagerService: Display device changed state: "com.oculus.android_panel_app.AndroidPanelLayer-tabletContent", ON
07-12 14:55:43.646  3244  3244 I AndroidPanelLayer: Unhiding layer tabletContent
07-12 14:55:43.658  2898  3227 I [OAO] PanelAppAnalytics: First frame latency: 1.183 for id 21 com.oculus.systemux/com.oculus.panelapp.anytimeui.AnytimeUIAndroidPanelService
07-12 14:55:43.658  1748  3216 I VrRuntimeService: CreateSwapChain: 1925496092
07-12 14:55:43.658  1748  3216 I VrRuntimeService: CreateSwapChain: api:gles 0 0x8c43 800 110 10 3 1 0 14
07-12 14:55:43.659  1062  4412 E WindowManager: App trying to use insecure INPUT_FEATURE_NO_INPUT_CHANNEL flag. Ignoring
07-12 14:55:43.659  1748  3216 I VrRuntimeServer: CreateTextureSwapChain: result importswapchaingles 1
07-12 14:55:43.673  3244  3244 D [SUI] AnytimeUIBroadcastReceiver: action: com.oculus.systemactivities.CAPTURE_STATE_UPDATE
07-12 14:55:43.673  3244  3244 I [SUI] AnytimeUIBroadcastReceiver: handleCaptureStateUpdate: captureToDisk false, captureEnabled false, isCapturingAbuseReport false, abuseRecordingUUID null
07-12 14:55:43.682  3244  3244 I [SUI] OVRAuthHelper: fetchAuthToken - completed, result: -1
07-12 14:55:43.682  3244  3244 D [SUI] ActiveCallBarViewModel: microphone controls GK value: false
07-12 14:55:43.689  2659  2672 I com.oculus.ocm: Background concurrent copying GC freed 30348(1576KB) AllocSpace objects, 0(0B) LOS objects, 49% free, 2836KB/5673KB, paused 67us total 123.085ms
07-12 14:55:43.691  3244  3244 I [SUI] OVRAuthHelper: fetchAuthToken - completed, result: -1
07-12 14:55:43.704  3244  3244 D [SUI] SocialViewModel: updateFriendsListForObservers(): 
07-12 14:55:43.704  2815  2859 I Clay    : EnvironmentSystem: Scene loaded
07-12 14:55:43.704  3244  3244 D [SUI] ActiveCallBarViewModel: microphone controls GK value: false
07-12 14:55:43.705  2815  2859 I Clay    : EnvironmentSystem::update: setting scene background audio for scene zip 'apk://com.oculus.environment.prod.japan/assets/scene.zip'
07-12 14:55:43.706  2815  2859 I Clay    : EnvironmentAudioSystem::setSceneBackgroundLoop: set scene audio: apk://com.oculus.environment.prod.japan/assets/scene.zip
07-12 14:55:43.708  3244  3278 D [SUI] AnytimeUIPanelAppBase: Finished Initializing Oculus User Manager
07-12 14:55:43.709  3244  3244 D [SUI] SocialViewModel: loadJoinableParties() - Fetched joinable parties, latency: 586ms count:0
07-12 14:55:43.709  3244  3244 D [SUI] SocialViewModel: setJoinableParties(), no change
07-12 14:55:43.709  3244  3244 I AndroidPanelApp: Turning on layer visibility for layer #main.
07-12 14:55:43.710  3244  3244 D [SUI] SocialViewModel: loadSocialViewerInfo() - Fetched social viewer info, latency: 587ms
07-12 14:55:43.710  3244  3244 D [SUI] SocialViewModel: updateFriendsListForObservers(): 
07-12 14:55:43.710  3244  3244 D [SUI] SocialViewModel: updateSocialViewerForObservers(): 
07-12 14:55:43.711  3244  3244 I AndroidPanelApp: Turning on layer visibility for layer tablet.
07-12 14:55:43.713  3244  3244 I AndroidPanelApp: Turning on layer visibility for layer tabletNav.
07-12 14:55:43.713  3244  3244 D [SUI] SocialViewModel: updateObserversOnEnoughDataFetched(): 
07-12 14:55:43.714  3244  3244 I AndroidPanelApp: Turning on layer visibility for layer tabletContent.
07-12 14:55:43.715  3244  3244 I AndroidPanelApp: measureLayerView adjusting initial height from 110 to 1250 due to resize behavior.
07-12 14:55:43.715  3244  3244 I AndroidPanelApp: measureLayerView with initial width 800, initial height 1250, resize behavior WRAP_CONTENT_HEIGHT.
07-12 14:55:43.715  3244  3244 I AndroidPanelApp: Measured width 800 and height 110.
07-12 14:55:43.730  2873  3038 I [SEO] PanelAppHost: Setting panel layer visibility of layer "#main" to visible
07-12 14:55:43.730  2873  3038 I [SEO] PanelAppHost: Setting panel layer visibility of layer "tablet" to visible
07-12 14:55:43.730  2873  3038 I [SEO] PanelAppHost: Setting panel layer visibility of layer "tabletNav" to visible
07-12 14:55:43.733  3244  3244 I AndroidPanelApp: measureLayerView adjusting initial height from 110 to 1250 due to resize behavior.
07-12 14:55:43.734  3244  3244 I AndroidPanelApp: measureLayerView with initial width 800, initial height 1250, resize behavior WRAP_CONTENT_HEIGHT.
07-12 14:55:43.734  3244  3244 I AndroidPanelApp: Measured width 800 and height 110.
07-12 14:55:43.781  2873  3038 I [SEO] PanelAppHost: Setting panel layer visibility of layer "tabletContent" to visible
07-12 14:55:43.792  3244  3244 D [SUI] SocialViewModel: Fetched party: null 
07-12 14:55:43.792  3244  3244 D [SUI] SocialViewModel: setParty() - no change
07-12 14:55:43.796  3244  3244 I AndroidPanelApp: Turning on layer visibility for layer #main.
07-12 14:55:43.798  3244  3244 I AndroidPanelApp: Turning on layer visibility for layer tablet.
07-12 14:55:43.798  3244  3244 I AndroidPanelApp: Turning on layer visibility for layer tabletNav.
07-12 14:55:43.804  3244  3244 I AndroidPanelApp: Turning on layer visibility for layer tabletContent.
07-12 14:55:43.804  3244  3244 D [SUI] AnytimeUIBroadcastReceiver: action: com.oculus.livestreaming_status_change
07-12 14:55:43.805  3244  3244 I AndroidPanelApp: measureLayerView adjusting initial height from 110 to 1250 due to resize behavior.
07-12 14:55:43.805  3244  3244 I AndroidPanelApp: measureLayerView with initial width 800, initial height 1250, resize behavior WRAP_CONTENT_HEIGHT.
07-12 14:55:43.805  3244  3244 I AndroidPanelApp: Measured width 800 and height 110.
07-12 14:55:43.826  3244  3244 D [SUI] AnytimeUIBroadcastReceiver: action: com.oculus.systemactivities.LOCAL_STREAM_STATE_UPDATE
07-12 14:55:43.829  3244  3244 D [SUI] SocialViewModel: updateFriendsListForObservers(): 
07-12 14:55:43.837  3244  3244 D [SUI] AnytimeUIBroadcastReceiver: action: com.oculus.systemactivities.CAPTURE_STATE_UPDATE
07-12 14:55:43.837  3244  3244 I [SUI] AnytimeUIBroadcastReceiver: handleCaptureStateUpdate: captureToDisk false, captureEnabled false, isCapturingAbuseReport false, abuseRecordingUUID null
07-12 14:55:43.844  3244  3244 D [SUI] AnytimeUIBroadcastReceiver: action: com.oculus.livestreaming_status_change
07-12 14:55:43.847  3244  3244 D [SUI] AnytimeUIBroadcastReceiver: action: com.oculus.systemactivities.LOCAL_STREAM_STATE_UPDATE
07-12 14:55:43.850  3244  3244 D [SUI] AnytimeUIBroadcastReceiver: action: com.oculus.systemactivities.CAPTURE_STATE_UPDATE
07-12 14:55:43.850  3244  3244 I [SUI] AnytimeUIBroadcastReceiver: handleCaptureStateUpdate: captureToDisk false, captureEnabled false, isCapturingAbuseReport false, abuseRecordingUUID null
07-12 14:55:43.852  3244  3244 D [SUI] AnytimeUIBroadcastReceiver: action: com.oculus.livestreaming_status_change
07-12 14:55:43.853  3244  3244 D [SUI] AnytimeUIBroadcastReceiver: action: com.oculus.systemactivities.LOCAL_STREAM_STATE_UPDATE
07-12 14:55:43.854  3244  3244 D [SUI] AnytimeUIBroadcastReceiver: action: com.oculus.systemactivities.CAPTURE_STATE_UPDATE
07-12 14:55:43.854  3244  3244 I [SUI] AnytimeUIBroadcastReceiver: handleCaptureStateUpdate: captureToDisk false, captureEnabled false, isCapturingAbuseReport false, abuseRecordingUUID null
07-12 14:55:43.855  3244  3244 D [SUI] AnytimeUIBroadcastReceiver: action: com.oculus.livestreaming_status_change
07-12 14:55:43.856  3244  3244 D [SUI] AnytimeUIBroadcastReceiver: action: com.oculus.systemactivities.LOCAL_STREAM_STATE_UPDATE
07-12 14:55:43.865  2898  3227 I [OAO] PanelAppHost: Setting panel layer visibility of layer "#main" to visible
07-12 14:55:43.865  2898  3227 I [OAO] PanelAppHost: Setting panel layer visibility of layer "tablet" to visible
07-12 14:55:43.865  2898  3227 I [OAO] PanelAppHost: Setting panel layer visibility of layer "tabletNav" to visible
07-12 14:55:43.865  2898  3227 I [OAO] PanelAppHost: Setting panel layer visibility of layer "tabletContent" to visible
07-12 14:55:43.934  2815 24594 D CCodec  : allocate(c2.android.vorbis.decoder)
07-12 14:55:43.934   817  1765 V C2Store : in init
07-12 14:55:43.934   817  1765 V C2Store : loading dll
07-12 14:55:43.940  2815 24594 I CCodec  : Created component [c2.android.vorbis.decoder]
07-12 14:55:43.940  2815 24594 D CCodecConfig: read media type: audio/vorbis
07-12 14:55:43.942  2815 24594 D ReflectedParamUpdater: extent() != 1 for single value type: algo.buffers.max-count.values
07-12 14:55:43.943  2815 24594 D ReflectedParamUpdater: extent() != 1 for single value type: output.subscribed-indices.values
07-12 14:55:43.943  2815 24594 D ReflectedParamUpdater: extent() != 1 for single value type: input.buffers.allocator-ids.values
07-12 14:55:43.943  2815 24594 D ReflectedParamUpdater: extent() != 1 for single value type: output.buffers.allocator-ids.values
07-12 14:55:43.943  2815 24594 D ReflectedParamUpdater: extent() != 1 for single value type: algo.buffers.allocator-ids.values
07-12 14:55:43.943  2815 24594 D ReflectedParamUpdater: extent() != 1 for single value type: output.buffers.pool-ids.values
07-12 14:55:43.943  2815 24594 D ReflectedParamUpdater: extent() != 1 for single value type: algo.buffers.pool-ids.values
07-12 14:55:43.944  2815 24594 I CCodecConfig: query failed after returning 7 values (BAD_INDEX)
07-12 14:55:43.944  2815 24594 D CCodecConfig: c2 config diff is Dict {
07-12 14:55:43.944  2815 24594 D CCodecConfig:   c2::u32 coded.bitrate.value = 64000
07-12 14:55:43.944  2815 24594 D CCodecConfig:   c2::u32 input.buffers.max-size.value = 32768
07-12 14:55:43.944  2815 24594 D CCodecConfig:   c2::u32 input.delay.value = 0
07-12 14:55:43.944  2815 24594 D CCodecConfig:   string input.media-type.value = "audio/vorbis"
07-12 14:55:43.944  2815 24594 D CCodecConfig:   string output.media-type.value = "audio/raw"
07-12 14:55:43.944  2815 24594 D CCodecConfig:   c2::u32 raw.channel-count.value = 1
07-12 14:55:43.944  2815 24594 D CCodecConfig:   c2::u32 raw.sample-rate.value = 48000
07-12 14:55:43.944  2815 24594 D CCodecConfig: }
07-12 14:55:43.944  2815 24594 D CCodecConfig: no c2 equivalents for durationUs
07-12 14:55:43.945  2815 24594 D CCodecConfig: no c2 equivalents for csd-1
07-12 14:55:43.945  2815 24594 D CCodecConfig: no c2 equivalents for track-id
07-12 14:55:43.945  2815 24594 D CCodecConfig: no c2 equivalents for channel-mask
07-12 14:55:43.945  2815 24594 D CCodecConfig: c2 config diff is   c2::u32 raw.channel-count.value = 4
07-12 14:55:43.945  2815 24594 D CCodecConfig:   c2::u32 raw.sample-rate.value = 44100
07-12 14:55:43.945  2815 24594 W Codec2Client: query -- param skipped: index = 1107298332.
07-12 14:55:43.945  2815 24594 D CCodec  : setup formats input: AMessage(what = 0x00000000) = {
07-12 14:55:43.945  2815 24594 D CCodec  :   int32_t channel-count = 4
07-12 14:55:43.945  2815 24594 D CCodec  :   int32_t max-input-size = 32768
07-12 14:55:43.945  2815 24594 D CCodec  :   string mime = "audio/vorbis"
07-12 14:55:43.945  2815 24594 D CCodec  :   int32_t sample-rate = 44100
07-12 14:55:43.945  2815 24594 D CCodec  : } and output: AMessage(what = 0x00000000) = {
07-12 14:55:43.945  2815 24594 D CCodec  :   int32_t channel-count = 4
07-12 14:55:43.945  2815 24594 D CCodec  :   string mime = "audio/raw"
07-12 14:55:43.945  2815 24594 D CCodec  :   int32_t sample-rate = 44100
07-12 14:55:43.945  2815 24594 D CCodec  :   int32_t channel-mask = 51
07-12 14:55:43.945  2815 24594 D CCodec  : }
07-12 14:55:43.955   817  1765 V C2Store : in ~ComponentModule
07-12 14:55:43.955   817  1765 V C2Store : unloading dll
07-12 14:55:44.020  3244  3244 D [SUI] SocialViewModel: loadJoinableParties() - Fetched joinable parties, latency: 496ms count:0
07-12 14:55:44.020  3244  3244 D [SUI] SocialViewModel: setJoinableParties(), no change
07-12 14:55:44.044  2815 24597 D CCodec  : allocate(c2.android.vorbis.decoder)
07-12 14:55:44.045   817  1765 V C2Store : in init
07-12 14:55:44.045   817  1765 V C2Store : loading dll
07-12 14:55:44.045  2815 24552 I Telemetry: App memory usage: PSS=487MB DalvikPSS=0 MB
07-12 14:55:44.048  2815 24597 I CCodec  : Created component [c2.android.vorbis.decoder]
07-12 14:55:44.049  2815 24597 D CCodecConfig: read media type: audio/vorbis
07-12 14:55:44.049  2815 24552 I VrApi   : FPS=30/90,Prd=39ms,Tear=0,Early=0,Stale=0,VSnc=1,Lat=1,Fov=0,CPU4/GPU=3/3,1382/490MHz,OC=FF,TA=0/70/0,SP=N/F/N,Mem=2092MHz,Free=2998MB,PLS=0,Temp=30.7C/0.0C,TW=3.68ms,App=1.85ms,GD=0.24ms,CPU&GPU=20.97ms,LCnt=0,GPU%=0.53,CPU%=0.93(W0.95),DSF=1.00
07-12 14:55:44.052  2815 24597 D ReflectedParamUpdater: extent() != 1 for single value type: algo.buffers.max-count.values
07-12 14:55:44.053  2815 24597 D ReflectedParamUpdater: extent() != 1 for single value type: output.subscribed-indices.values
07-12 14:55:44.053  2815 24597 D ReflectedParamUpdater: extent() != 1 for single value type: input.buffers.allocator-ids.values
07-12 14:55:44.053  2815 24597 D ReflectedParamUpdater: extent() != 1 for single value type: output.buffers.allocator-ids.values
07-12 14:55:44.053  2815 24597 D ReflectedParamUpdater: extent() != 1 for single value type: algo.buffers.allocator-ids.values
07-12 14:55:44.053  2815 24597 D ReflectedParamUpdater: extent() != 1 for single value type: output.buffers.pool-ids.values
07-12 14:55:44.053  2815 24597 D ReflectedParamUpdater: extent() != 1 for single value type: algo.buffers.pool-ids.values
07-12 14:55:44.054  2815 24597 I CCodecConfig: query failed after returning 7 values (BAD_INDEX)
07-12 14:55:44.054  2815 24597 D CCodecConfig: c2 config diff is Dict {
07-12 14:55:44.054  2815 24597 D CCodecConfig:   c2::u32 coded.bitrate.value = 64000
07-12 14:55:44.054  2815 24597 D CCodecConfig:   c2::u32 input.buffers.max-size.value = 32768
07-12 14:55:44.054  2815 24597 D CCodecConfig:   c2::u32 input.delay.value = 0
07-12 14:55:44.054  2815 24597 D CCodecConfig:   string input.media-type.value = "audio/vorbis"
07-12 14:55:44.054  2815 24597 D CCodecConfig:   string output.media-type.value = "audio/raw"
07-12 14:55:44.054  2815 24597 D CCodecConfig:   c2::u32 raw.channel-count.value = 1
07-12 14:55:44.054  2815 24597 D CCodecConfig:   c2::u32 raw.sample-rate.value = 48000
07-12 14:55:44.054  2815 24597 D CCodecConfig: }
07-12 14:55:44.054  2815 24597 D CCodecConfig: no c2 equivalents for durationUs
07-12 14:55:44.054  2815 24597 D CCodecConfig: no c2 equivalents for csd-1
07-12 14:55:44.054  2815 24597 D CCodecConfig: no c2 equivalents for track-id
07-12 14:55:44.054  2815 24597 D CCodecConfig: no c2 equivalents for channel-mask
07-12 14:55:44.055  2815 24597 D CCodecConfig: c2 config diff is   c2::u32 raw.channel-count.value = 4
07-12 14:55:44.055  2815 24597 D CCodecConfig:   c2::u32 raw.sample-rate.value = 44100
07-12 14:55:44.055  2815 24597 W Codec2Client: query -- param skipped: index = 1107298332.
07-12 14:55:44.055  2815 24597 D CCodec  : setup formats input: AMessage(what = 0x00000000) = {
07-12 14:55:44.055  2815 24597 D CCodec  :   int32_t channel-count = 4
07-12 14:55:44.055  2815 24597 D CCodec  :   int32_t max-input-size = 32768
07-12 14:55:44.055  2815 24597 D CCodec  :   string mime = "audio/vorbis"
07-12 14:55:44.055  2815 24597 D CCodec  :   int32_t sample-rate = 44100
07-12 14:55:44.055  2815 24597 D CCodec  : } and output: AMessage(what = 0x00000000) = {
07-12 14:55:44.055  2815 24597 D CCodec  :   int32_t channel-count = 4
07-12 14:55:44.055  2815 24597 D CCodec  :   string mime = "audio/raw"
07-12 14:55:44.055  2815 24597 D CCodec  :   int32_t sample-rate = 44100
07-12 14:55:44.055  2815 24597 D CCodec  :   int32_t channel-mask = 51
07-12 14:55:44.055  2815 24597 D CCodec  : }
07-12 14:55:44.062  2815 24597 W Codec2Client: query -- param skipped: index = 1342179345.
07-12 14:55:44.062  2815 24597 W Codec2Client: query -- param skipped: index = 2415921170.
07-12 14:55:44.063  2815 24597 D CCodecBufferChannel: [c2.android.vorbis.decoder#548] Created input block pool with allocatorID 16 => poolID 117 - OK (0)
07-12 14:55:44.064   817  1689 D BufferPoolAccessor: bufferpool2 0x2e39d33630 : 0(0 size) total buffers - 0(0 size) used buffers - 21/23 (recycle/alloc) - 2/22 (fetch/transfer)
07-12 14:55:44.064   817  1689 D BufferPoolAccessor: Destruction - bufferpool2 0x2e39d33630 cached: 0/0M, 0/0% in use; allocs: 23, 91% recycled; transfers: 22, 91% unfetced
07-12 14:55:44.065   817  1765 D BufferPoolAccessor: bufferpool2 0x2e39d35030 : 0(0 size) total buffers - 0(0 size) used buffers - 68/71 (recycle/alloc) - 3/70 (fetch/transfer)
07-12 14:55:44.065   817  1765 D BufferPoolAccessor: Destruction - bufferpool2 0x2e39d35030 cached: 0/0M, 0/0% in use; allocs: 71, 96% recycled; transfers: 70, 96% unfetced
07-12 14:55:44.066  2815 24597 I CCodecBufferChannel: [c2.android.vorbis.decoder#548] Created output block pool with allocatorID 16 => poolID 196 - OK
07-12 14:55:44.066  2815 24597 D CCodecBufferChannel: [c2.android.vorbis.decoder#548] Configured output block pool ids 196 => OK
07-12 14:55:44.068   817 24598 D SimpleC2Component: Using output block pool with poolID 196 => got 196 - 0
07-12 14:55:44.074  2815 24597 D CCodecBufferChannel: [c2.android.vorbis.decoder#548] Discard frames from previous generation.
07-12 14:55:44.075  2815 24597 D CCodecBufferChannel: [c2.android.vorbis.decoder#548] Discard frames from previous generation.
07-12 14:55:44.077   817  1694 D BufferPoolAccessor: Destruction - bufferpool2 0x2e39d31030 cached: 0/0M, 0/0% in use; allocs: 0, 0% recycled; transfers: 0, 0% unfetced
07-12 14:55:44.077   817  1694 V C2Store : in ~ComponentModule
07-12 14:55:44.077   817  1694 V C2Store : unloading dll
07-12 14:55:44.130  3244  3244 D [SUI] SocialViewModel: loadSocialViewerInfo() - Fetched social viewer info, latency: 606ms
07-12 14:55:44.130  3244  3244 D [SUI] SocialViewModel: updateFriendsListForObservers(): 
07-12 14:55:44.130  3244  3244 D [SUI] SocialViewModel: updateSocialViewerForObservers(): 
07-12 14:55:44.131  3244  3244 D [SUI] SocialViewModel: updateObserversOnEnoughDataFetched(): 
07-12 14:55:44.140   835 24150 I chatty  : uid=1000(system) HT_IK_1 expire 48 lines
07-12 14:55:44.149  2815 24601 D CCodec  : allocate(c2.android.vorbis.decoder)
07-12 14:55:44.149   817  1694 V C2Store : in init
07-12 14:55:44.149   817  1694 V C2Store : loading dll
07-12 14:55:44.156  2815 24601 I CCodec  : Created component [c2.android.vorbis.decoder]
07-12 14:55:44.156  2815 24601 D CCodecConfig: read media type: audio/vorbis
07-12 14:55:44.158  2815 24601 D ReflectedParamUpdater: extent() != 1 for single value type: algo.buffers.max-count.values
07-12 14:55:44.158  2815 24601 D ReflectedParamUpdater: extent() != 1 for single value type: output.subscribed-indices.values
07-12 14:55:44.159  2815 24601 D ReflectedParamUpdater: extent() != 1 for single value type: input.buffers.allocator-ids.values
07-12 14:55:44.159  2815 24601 D ReflectedParamUpdater: extent() != 1 for single value type: output.buffers.allocator-ids.values
07-12 14:55:44.159  2815 24601 D ReflectedParamUpdater: extent() != 1 for single value type: algo.buffers.allocator-ids.values
07-12 14:55:44.159  2815 24601 D ReflectedParamUpdater: extent() != 1 for single value type: output.buffers.pool-ids.values
07-12 14:55:44.159  2815 24601 D ReflectedParamUpdater: extent() != 1 for single value type: algo.buffers.pool-ids.values
07-12 14:55:44.160  2815 24601 I CCodecConfig: query failed after returning 7 values (BAD_INDEX)
07-12 14:55:44.160  2815 24601 D CCodecConfig: c2 config diff is Dict {
07-12 14:55:44.160  2815 24601 D CCodecConfig:   c2::u32 coded.bitrate.value = 64000
07-12 14:55:44.160  2815 24601 D CCodecConfig:   c2::u32 input.buffers.max-size.value = 32768
07-12 14:55:44.160  2815 24601 D CCodecConfig:   c2::u32 input.delay.value = 0
07-12 14:55:44.160  2815 24601 D CCodecConfig:   string input.media-type.value = "audio/vorbis"
07-12 14:55:44.160  2815 24601 D CCodecConfig:   string output.media-type.value = "audio/raw"
07-12 14:55:44.160  2815 24601 D CCodecConfig:   c2::u32 raw.channel-count.value = 1
07-12 14:55:44.160  2815 24601 D CCodecConfig:   c2::u32 raw.sample-rate.value = 48000
07-12 14:55:44.160  2815 24601 D CCodecConfig: }
07-12 14:55:44.161  2815 24601 D CCodecConfig: no c2 equivalents for durationUs
07-12 14:55:44.161  2815 24601 D CCodecConfig: no c2 equivalents for csd-1
07-12 14:55:44.161  2815 24601 D CCodecConfig: no c2 equivalents for track-id
07-12 14:55:44.161  2815 24601 D CCodecConfig: no c2 equivalents for channel-mask
07-12 14:55:44.162  2815 24601 D CCodecConfig: c2 config diff is   c2::u32 raw.channel-count.value = 4
07-12 14:55:44.162  2815 24601 D CCodecConfig:   c2::u32 raw.sample-rate.value = 44100
07-12 14:55:44.163  2815 24601 W Codec2Client: query -- param skipped: index = 1107298332.
07-12 14:55:44.163  2815 24601 D CCodec  : setup formats input: AMessage(what = 0x00000000) = {
07-12 14:55:44.163  2815 24601 D CCodec  :   int32_t channel-count = 4
07-12 14:55:44.163  2815 24601 D CCodec  :   int32_t max-input-size = 32768
07-12 14:55:44.163  2815 24601 D CCodec  :   string mime = "audio/vorbis"
07-12 14:55:44.163  2815 24601 D CCodec  :   int32_t sample-rate = 44100
07-12 14:55:44.163  2815 24601 D CCodec  : } and output: AMessage(what = 0x00000000) = {
07-12 14:55:44.163  2815 24601 D CCodec  :   int32_t channel-count = 4
07-12 14:55:44.163  2815 24601 D CCodec  :   string mime = "audio/raw"
07-12 14:55:44.163  2815 24601 D CCodec  :   int32_t sample-rate = 44100
07-12 14:55:44.163  2815 24601 D CCodec  :   int32_t channel-mask = 51
07-12 14:55:44.163  2815 24601 D CCodec  : }
07-12 14:55:44.168   817  1694 V C2Store : in ~ComponentModule
07-12 14:55:44.168   817  1694 V C2Store : unloading dll
07-12 14:55:44.227  2815 24604 D CCodec  : allocate(c2.android.vorbis.decoder)
07-12 14:55:44.228   817  4486 V C2Store : in init
07-12 14:55:44.229   817  4486 V C2Store : loading dll
07-12 14:55:44.233  2815 24604 I CCodec  : Created component [c2.android.vorbis.decoder]
07-12 14:55:44.233  2815 24604 D CCodecConfig: read media type: audio/vorbis
07-12 14:55:44.236  2815 24604 D ReflectedParamUpdater: extent() != 1 for single value type: algo.buffers.max-count.values
07-12 14:55:44.236  2815 24604 D ReflectedParamUpdater: extent() != 1 for single value type: output.subscribed-indices.values
07-12 14:55:44.236  2815 24604 D ReflectedParamUpdater: extent() != 1 for single value type: input.buffers.allocator-ids.values
07-12 14:55:44.236  2815 24604 D ReflectedParamUpdater: extent() != 1 for single value type: output.buffers.allocator-ids.values
07-12 14:55:44.237  2815 24604 D ReflectedParamUpdater: extent() != 1 for single value type: algo.buffers.allocator-ids.values
07-12 14:55:44.237  2815 24604 D ReflectedParamUpdater: extent() != 1 for single value type: output.buffers.pool-ids.values
07-12 14:55:44.237  2815 24604 D ReflectedParamUpdater: extent() != 1 for single value type: algo.buffers.pool-ids.values
07-12 14:55:44.238  2815 24604 I CCodecConfig: query failed after returning 7 values (BAD_INDEX)
07-12 14:55:44.238  2815 24604 D CCodecConfig: c2 config diff is Dict {
07-12 14:55:44.238  2815 24604 D CCodecConfig:   c2::u32 coded.bitrate.value = 64000
07-12 14:55:44.238  2815 24604 D CCodecConfig:   c2::u32 input.buffers.max-size.value = 32768
07-12 14:55:44.238  2815 24604 D CCodecConfig:   c2::u32 input.delay.value = 0
07-12 14:55:44.238  2815 24604 D CCodecConfig:   string input.media-type.value = "audio/vorbis"
07-12 14:55:44.238  2815 24604 D CCodecConfig:   string output.media-type.value = "audio/raw"
07-12 14:55:44.238  2815 24604 D CCodecConfig:   c2::u32 raw.channel-count.value = 1
07-12 14:55:44.238  2815 24604 D CCodecConfig:   c2::u32 raw.sample-rate.value = 48000
07-12 14:55:44.238  2815 24604 D CCodecConfig: }
07-12 14:55:44.238  2815 24604 D CCodecConfig: no c2 equivalents for durationUs
07-12 14:55:44.238  2815 24604 D CCodecConfig: no c2 equivalents for csd-1
07-12 14:55:44.238  2815 24604 D CCodecConfig: no c2 equivalents for track-id
07-12 14:55:44.238  2815 24604 D CCodecConfig: no c2 equivalents for channel-mask
07-12 14:55:44.238  3244  3244 D [SUI] SocialViewModel: Fetched party: null 
07-12 14:55:44.238  3244  3244 D [SUI] SocialViewModel: setParty() - no change
07-12 14:55:44.240  2815 24604 D CCodecConfig: c2 config diff is   c2::u32 raw.channel-count.value = 4
07-12 14:55:44.240  2815 24604 D CCodecConfig:   c2::u32 raw.sample-rate.value = 44100
07-12 14:55:44.240  2815 24604 W Codec2Client: query -- param skipped: index = 1107298332.
07-12 14:55:44.240  2815 24604 D CCodec  : setup formats input: AMessage(what = 0x00000000) = {
07-12 14:55:44.240  2815 24604 D CCodec  :   int32_t channel-count = 4
07-12 14:55:44.240  2815 24604 D CCodec  :   int32_t max-input-size = 32768
07-12 14:55:44.240  2815 24604 D CCodec  :   string mime = "audio/vorbis"
07-12 14:55:44.240  2815 24604 D CCodec  :   int32_t sample-rate = 44100
07-12 14:55:44.240  2815 24604 D CCodec  : } and output: AMessage(what = 0x00000000) = {
07-12 14:55:44.240  2815 24604 D CCodec  :   int32_t channel-count = 4
07-12 14:55:44.240  2815 24604 D CCodec  :   string mime = "audio/raw"
07-12 14:55:44.240  2815 24604 D CCodec  :   int32_t sample-rate = 44100
07-12 14:55:44.240  2815 24604 D CCodec  :   int32_t channel-mask = 51
07-12 14:55:44.240  2815 24604 D CCodec  : }
07-12 14:55:44.253  2815 24604 W Codec2Client: query -- param skipped: index = 1342179345.
07-12 14:55:44.253  2815 24604 W Codec2Client: query -- param skipped: index = 2415921170.
07-12 14:55:44.254  2815 24604 D CCodecBufferChannel: [c2.android.vorbis.decoder#649] Created input block pool with allocatorID 16 => poolID 118 - OK (0)
07-12 14:55:44.255  2815 24604 I CCodecBufferChannel: [c2.android.vorbis.decoder#649] Created output block pool with allocatorID 16 => poolID 197 - OK
07-12 14:55:44.255  2815 24604 D CCodecBufferChannel: [c2.android.vorbis.decoder#649] Configured output block pool ids 197 => OK
07-12 14:55:44.260   817 24605 D SimpleC2Component: Using output block pool with poolID 197 => got 197 - 0
07-12 14:55:44.334   817  1694 V C2Store : in ~ComponentModule
07-12 14:55:44.334   817  1694 V C2Store : unloading dll
07-12 14:55:44.376  2815 24607 D CCodec  : allocate(c2.android.vorbis.decoder)
07-12 14:55:44.377   817  1694 V C2Store : in init
07-12 14:55:44.377   817  1694 V C2Store : loading dll
07-12 14:55:44.379  2815 24607 I CCodec  : Created component [c2.android.vorbis.decoder]
07-12 14:55:44.380  2815 24607 D CCodecConfig: read media type: audio/vorbis
07-12 14:55:44.381  2815 24607 D ReflectedParamUpdater: extent() != 1 for single value type: algo.buffers.max-count.values
07-12 14:55:44.382  2815 24607 D ReflectedParamUpdater: extent() != 1 for single value type: output.subscribed-indices.values
07-12 14:55:44.382  2815 24607 D ReflectedParamUpdater: extent() != 1 for single value type: input.buffers.allocator-ids.values
07-12 14:55:44.382  2815 24607 D ReflectedParamUpdater: extent() != 1 for single value type: output.buffers.allocator-ids.values
07-12 14:55:44.382  2815 24607 D ReflectedParamUpdater: extent() != 1 for single value type: algo.buffers.allocator-ids.values
07-12 14:55:44.382  2815 24607 D ReflectedParamUpdater: extent() != 1 for single value type: output.buffers.pool-ids.values
07-12 14:55:44.382  2815 24607 D ReflectedParamUpdater: extent() != 1 for single value type: algo.buffers.pool-ids.values
07-12 14:55:44.383  2815 24607 I CCodecConfig: query failed after returning 7 values (BAD_INDEX)
07-12 14:55:44.384  2815 24607 D CCodecConfig: c2 config diff is Dict {
07-12 14:55:44.384  2815 24607 D CCodecConfig:   c2::u32 coded.bitrate.value = 64000
07-12 14:55:44.384  2815 24607 D CCodecConfig:   c2::u32 input.buffers.max-size.value = 32768
07-12 14:55:44.384  2815 24607 D CCodecConfig:   c2::u32 input.delay.value = 0
07-12 14:55:44.384  2815 24607 D CCodecConfig:   string input.media-type.value = "audio/vorbis"
07-12 14:55:44.384  2815 24607 D CCodecConfig:   string output.media-type.value = "audio/raw"
07-12 14:55:44.384  2815 24607 D CCodecConfig:   c2::u32 raw.channel-count.value = 1
07-12 14:55:44.384  2815 24607 D CCodecConfig:   c2::u32 raw.sample-rate.value = 48000
07-12 14:55:44.384  2815 24607 D CCodecConfig: }
07-12 14:55:44.384  2815 24607 D CCodecConfig: no c2 equivalents for durationUs
07-12 14:55:44.384  2815 24607 D CCodecConfig: no c2 equivalents for csd-1
07-12 14:55:44.384  2815 24607 D CCodecConfig: no c2 equivalents for track-id
07-12 14:55:44.384  2815 24607 D CCodecConfig: no c2 equivalents for channel-mask
07-12 14:55:44.387  2815 24607 D CCodecConfig: c2 config diff is   c2::u32 raw.channel-count.value = 4
07-12 14:55:44.387  2815 24607 D CCodecConfig:   c2::u32 raw.sample-rate.value = 44100
07-12 14:55:44.387  2815 24607 W Codec2Client: query -- param skipped: index = 1107298332.
07-12 14:55:44.387  2815 24607 D CCodec  : setup formats input: AMessage(what = 0x00000000) = {
07-12 14:55:44.387  2815 24607 D CCodec  :   int32_t channel-count = 4
07-12 14:55:44.387  2815 24607 D CCodec  :   int32_t max-input-size = 32768
07-12 14:55:44.387  2815 24607 D CCodec  :   string mime = "audio/vorbis"
07-12 14:55:44.387  2815 24607 D CCodec  :   int32_t sample-rate = 44100
07-12 14:55:44.387  2815 24607 D CCodec  : } and output: AMessage(what = 0x00000000) = {
07-12 14:55:44.387  2815 24607 D CCodec  :   int32_t channel-count = 4
07-12 14:55:44.387  2815 24607 D CCodec  :   string mime = "audio/raw"
07-12 14:55:44.387  2815 24607 D CCodec  :   int32_t sample-rate = 44100
07-12 14:55:44.387  2815 24607 D CCodec  :   int32_t channel-mask = 51
07-12 14:55:44.387  2815 24607 D CCodec  : }
07-12 14:55:44.397   817  1694 V C2Store : in ~ComponentModule
07-12 14:55:44.397   817  1694 V C2Store : unloading dll
07-12 14:55:44.435  2815 24552 I VrApi   : FPS=88/90,Prd=31ms,Tear=1,Early=46,Stale=7,VSnc=1,Lat=1,Fov=0,CPU4/GPU=3/3,1382/490MHz,OC=FF,TA=0/70/0,SP=N/F/N,Mem=1555MHz,Free=3125MB,PLS=0,Temp=30.7C/0.0C,TW=3.77ms,App=2.87ms,GD=0.24ms,CPU&GPU=8.13ms,LCnt=3,GPU%=0.93,CPU%=0.18(W0.26),DSF=1.00
07-12 14:55:44.454  2815 24610 D CCodec  : allocate(c2.android.vorbis.decoder)
07-12 14:55:44.454   817  1694 V C2Store : in init
07-12 14:55:44.454   817  1694 V C2Store : loading dll
07-12 14:55:44.457  2815 24610 I CCodec  : Created component [c2.android.vorbis.decoder]
07-12 14:55:44.458  2815 24610 D CCodecConfig: read media type: audio/vorbis
07-12 14:55:44.459  2815 24610 D ReflectedParamUpdater: extent() != 1 for single value type: algo.buffers.max-count.values
07-12 14:55:44.460  2815 24610 D ReflectedParamUpdater: extent() != 1 for single value type: output.subscribed-indices.values
07-12 14:55:44.460  2815 24610 D ReflectedParamUpdater: extent() != 1 for single value type: input.buffers.allocator-ids.values
07-12 14:55:44.460  2815 24610 D ReflectedParamUpdater: extent() != 1 for single value type: output.buffers.allocator-ids.values
07-12 14:55:44.460  2815 24610 D ReflectedParamUpdater: extent() != 1 for single value type: algo.buffers.allocator-ids.values
07-12 14:55:44.460  2815 24610 D ReflectedParamUpdater: extent() != 1 for single value type: output.buffers.pool-ids.values
07-12 14:55:44.460  2815 24610 D ReflectedParamUpdater: extent() != 1 for single value type: algo.buffers.pool-ids.values
07-12 14:55:44.461  2815 24610 I CCodecConfig: query failed after returning 7 values (BAD_INDEX)
07-12 14:55:44.461  2815 24610 D CCodecConfig: c2 config diff is Dict {
07-12 14:55:44.461  2815 24610 D CCodecConfig:   c2::u32 coded.bitrate.value = 64000
07-12 14:55:44.461  2815 24610 D CCodecConfig:   c2::u32 input.buffers.max-size.value = 32768
07-12 14:55:44.461  2815 24610 D CCodecConfig:   c2::u32 input.delay.value = 0
07-12 14:55:44.461  2815 24610 D CCodecConfig:   string input.media-type.value = "audio/vorbis"
07-12 14:55:44.461  2815 24610 D CCodecConfig:   string output.media-type.value = "audio/raw"
07-12 14:55:44.461  2815 24610 D CCodecConfig:   c2::u32 raw.channel-count.value = 1
07-12 14:55:44.461  2815 24610 D CCodecConfig:   c2::u32 raw.sample-rate.value = 48000
07-12 14:55:44.461  2815 24610 D CCodecConfig: }
07-12 14:55:44.462  2815 24610 D CCodecConfig: no c2 equivalents for durationUs
07-12 14:55:44.462  2815 24610 D CCodecConfig: no c2 equivalents for csd-1
07-12 14:55:44.462  2815 24610 D CCodecConfig: no c2 equivalents for track-id
07-12 14:55:44.462  2815 24610 D CCodecConfig: no c2 equivalents for channel-mask
07-12 14:55:44.463  2815 24610 D CCodecConfig: c2 config diff is   c2::u32 raw.channel-count.value = 4
07-12 14:55:44.463  2815 24610 D CCodecConfig:   c2::u32 raw.sample-rate.value = 44100
07-12 14:55:44.463  2815 24610 W Codec2Client: query -- param skipped: index = 1107298332.
07-12 14:55:44.463  2815 24610 D CCodec  : setup formats input: AMessage(what = 0x00000000) = {
07-12 14:55:44.463  2815 24610 D CCodec  :   int32_t channel-count = 4
07-12 14:55:44.463  2815 24610 D CCodec  :   int32_t max-input-size = 32768
07-12 14:55:44.463  2815 24610 D CCodec  :   string mime = "audio/vorbis"
07-12 14:55:44.463  2815 24610 D CCodec  :   int32_t sample-rate = 44100
07-12 14:55:44.463  2815 24610 D CCodec  : } and output: AMessage(what = 0x00000000) = {
07-12 14:55:44.463  2815 24610 D CCodec  :   int32_t channel-count = 4
07-12 14:55:44.463  2815 24610 D CCodec  :   string mime = "audio/raw"
07-12 14:55:44.463  2815 24610 D CCodec  :   int32_t sample-rate = 44100
07-12 14:55:44.463  2815 24610 D CCodec  :   int32_t channel-mask = 51
07-12 14:55:44.463  2815 24610 D CCodec  : }
07-12 14:55:44.468  2815 24610 W Codec2Client: query -- param skipped: index = 1342179345.
07-12 14:55:44.468  2815 24610 W Codec2Client: query -- param skipped: index = 2415921170.
07-12 14:55:44.469  2815 24610 D CCodecBufferChannel: [c2.android.vorbis.decoder#73] Created input block pool with allocatorID 16 => poolID 119 - OK (0)
07-12 14:55:44.470  2815 24610 I CCodecBufferChannel: [c2.android.vorbis.decoder#73] Created output block pool with allocatorID 16 => poolID 198 - OK
07-12 14:55:44.470  2815 24610 D CCodecBufferChannel: [c2.android.vorbis.decoder#73] Configured output block pool ids 198 => OK
07-12 14:55:44.486   817 24612 D SimpleC2Component: Using output block pool with poolID 198 => got 198 - 0
07-12 14:55:44.492  2815 24610 D CCodecBufferChannel: [c2.android.vorbis.decoder#73] Discard frames from previous generation.
07-12 14:55:44.494  2815 24610 D CCodecBufferChannel: [c2.android.vorbis.decoder#73] Discard frames from previous generation.
07-12 14:55:44.498   817  1765 D BufferPoolAccessor: Destruction - bufferpool2 0x2e39d32a30 cached: 0/0M, 0/0% in use; allocs: 0, 0% recycled; transfers: 0, 0% unfetced
07-12 14:55:44.498   817  1765 V C2Store : in ~ComponentModule
07-12 14:55:44.498   817  1765 V C2Store : unloading dll
07-12 14:55:44.547  2815 24615 D CCodec  : allocate(c2.android.vorbis.decoder)
07-12 14:55:44.547   817  1765 V C2Store : in init
07-12 14:55:44.547   817  1765 V C2Store : loading dll
07-12 14:55:44.550  2815 24615 I CCodec  : Created component [c2.android.vorbis.decoder]
07-12 14:55:44.550  2815 24615 D CCodecConfig: read media type: audio/vorbis
07-12 14:55:44.554  2815 24615 D ReflectedParamUpdater: extent() != 1 for single value type: algo.buffers.max-count.values
07-12 14:55:44.554  2815 24615 D ReflectedParamUpdater: extent() != 1 for single value type: output.subscribed-indices.values
07-12 14:55:44.554  2815 24615 D ReflectedParamUpdater: extent() != 1 for single value type: input.buffers.allocator-ids.values
07-12 14:55:44.554  2815 24615 D ReflectedParamUpdater: extent() != 1 for single value type: output.buffers.allocator-ids.values
07-12 14:55:44.554  2815 24615 D ReflectedParamUpdater: extent() != 1 for single value type: algo.buffers.allocator-ids.values
07-12 14:55:44.554  2815 24615 D ReflectedParamUpdater: extent() != 1 for single value type: output.buffers.pool-ids.values
07-12 14:55:44.554  2815 24615 D ReflectedParamUpdater: extent() != 1 for single value type: algo.buffers.pool-ids.values
07-12 14:55:44.555  2815 24615 I CCodecConfig: query failed after returning 7 values (BAD_INDEX)
07-12 14:55:44.555  2815 24615 D CCodecConfig: c2 config diff is Dict {
07-12 14:55:44.555  2815 24615 D CCodecConfig:   c2::u32 coded.bitrate.value = 64000
07-12 14:55:44.555  2815 24615 D CCodecConfig:   c2::u32 input.buffers.max-size.value = 32768
07-12 14:55:44.555  2815 24615 D CCodecConfig:   c2::u32 input.delay.value = 0
07-12 14:55:44.555  2815 24615 D CCodecConfig:   string input.media-type.value = "audio/vorbis"
07-12 14:55:44.555  2815 24615 D CCodecConfig:   string output.media-type.value = "audio/raw"
07-12 14:55:44.555  2815 24615 D CCodecConfig:   c2::u32 raw.channel-count.value = 1
07-12 14:55:44.555  2815 24615 D CCodecConfig:   c2::u32 raw.sample-rate.value = 48000
07-12 14:55:44.555  2815 24615 D CCodecConfig: }
07-12 14:55:44.556  2815 24615 D CCodecConfig: no c2 equivalents for durationUs
07-12 14:55:44.556  2815 24615 D CCodecConfig: no c2 equivalents for csd-1
07-12 14:55:44.556  2815 24615 D CCodecConfig: no c2 equivalents for track-id
07-12 14:55:44.556  2815 24615 D CCodecConfig: no c2 equivalents for channel-mask
07-12 14:55:44.556  2815 24615 D CCodecConfig: c2 config diff is   c2::u32 raw.channel-count.value = 4
07-12 14:55:44.556  2815 24615 D CCodecConfig:   c2::u32 raw.sample-rate.value = 44100
07-12 14:55:44.557  2815 24615 W Codec2Client: query -- param skipped: index = 1107298332.
07-12 14:55:44.557  2815 24615 D CCodec  : setup formats input: AMessage(what = 0x00000000) = {
07-12 14:55:44.557  2815 24615 D CCodec  :   int32_t channel-count = 4
07-12 14:55:44.557  2815 24615 D CCodec  :   int32_t max-input-size = 32768
07-12 14:55:44.557  2815 24615 D CCodec  :   string mime = "audio/vorbis"
07-12 14:55:44.557  2815 24615 D CCodec  :   int32_t sample-rate = 44100
07-12 14:55:44.557  2815 24615 D CCodec  : } and output: AMessage(what = 0x00000000) = {
07-12 14:55:44.557  2815 24615 D CCodec  :   int32_t channel-count = 4
07-12 14:55:44.557  2815 24615 D CCodec  :   string mime = "audio/raw"
07-12 14:55:44.557  2815 24615 D CCodec  :   int32_t sample-rate = 44100
07-12 14:55:44.557  2815 24615 D CCodec  :   int32_t channel-mask = 51
07-12 14:55:44.557  2815 24615 D CCodec  : }
07-12 14:55:44.559   817  1765 V C2Store : in ~ComponentModule
07-12 14:55:44.559   817  1765 V C2Store : unloading dll
07-12 14:55:44.614  2815 24618 D CCodec  : allocate(c2.android.vorbis.decoder)
07-12 14:55:44.614   817  1765 V C2Store : in init
07-12 14:55:44.614   817  1765 V C2Store : loading dll
07-12 14:55:44.617  2815 24618 I CCodec  : Created component [c2.android.vorbis.decoder]
07-12 14:55:44.617  2815 24618 D CCodecConfig: read media type: audio/vorbis
07-12 14:55:44.620  2815 24618 D ReflectedParamUpdater: extent() != 1 for single value type: algo.buffers.max-count.values
07-12 14:55:44.621  2815 24618 D ReflectedParamUpdater: extent() != 1 for single value type: output.subscribed-indices.values
07-12 14:55:44.621  2815 24618 D ReflectedParamUpdater: extent() != 1 for single value type: input.buffers.allocator-ids.values
